2026-10-09T13:54:11.0429042Z Current runner version: '2.337.0'
2026-10-09T13:54:11.0462154Z ##[group]Runner Image Provisioner
2026-10-09T13:54:11.0463831Z Hosted Compute Agent
2026-10-09T13:54:11.0464831Z Version: 20261002.596
2026-10-09T13:54:11.0466021Z Commit: c3d12f3313a95f25162a1503be624f3b0617f8c0
2026-10-09T13:54:11.0467182Z Build Date: 2026-10-02T22:28:27Z
2026-10-09T13:54:11.0468426Z Worker ID: {fa6fd745-82b1-49be-99b3-bb515b857802}
2026-10-09T13:54:11.0469916Z Region: eastus
2026-10-09T13:54:11.0470798Z Cloud: Azure
2026-10-09T13:54:11.0471869Z ##[endgroup]
2026-10-09T13:54:11.0474057Z ##[group]Operating System
2026-10-09T13:54:11.0475187Z Ubuntu
2026-10-09T13:54:11.0476098Z 24.04.5
2026-10-09T13:54:11.0476875Z LTS
2026-10-09T13:54:11.0477836Z ##[endgroup]
2026-10-09T13:54:11.0478770Z ##[group]Runner Image
2026-10-09T13:54:11.0480067Z Image: ubuntu-24.04
2026-10-09T13:54:11.0481034Z Version: 20261004.327.1
2026-10-09T13:54:11.0483565Z Included Software: https://github.com/actions/runner-images/blob/ubuntu24/20261004.327/images/ubuntu/Ubuntu2404-Readme.md
2026-10-09T13:54:11.0486281Z Image Release: https://github.com/actions/runner-images/releases/tag/ubuntu24%2F20261004.327
2026-10-09T13:54:11.0488064Z ##[endgroup]
2026-10-09T13:54:11.0490168Z ##[group]GITHUB_TOKEN Permissions
2026-10-09T13:54:11.0493088Z Contents: read
2026-10-09T13:54:11.0494042Z Metadata: read
2026-10-09T13:54:11.0495028Z ##[endgroup]
2026-10-09T13:54:11.0497901Z Secret source: Actions
2026-10-09T13:54:11.0499536Z Cache mode: write
2026-10-09T13:54:11.0501244Z Prepare workflow directory
2026-10-09T13:54:11.1257786Z Prepare all required actions
2026-10-09T13:54:11.1306813Z Getting action download info
2026-10-09T13:54:11.2841062Z Download action repository 'actions/checkout@v4' (SHA:11d5960a326750d5838078e36cf38b85af677262)
2026-10-09T13:54:11.3836598Z Download action repository 'actions/upload-artifact@v4' (SHA:ea165f8d65b6e75b540449e92b4886f43607fa02)
2026-10-09T13:54:11.5877236Z Complete job name: profile
2026-10-09T13:54:11.6574502Z ##[group]Run actions/checkout@v4
2026-10-09T13:54:11.6575416Z with:
2026-10-09T13:54:11.6575928Z   repository: Telcoin-Association/telcoin-network
2026-10-09T13:54:11.6579847Z   token: ***
2026-10-09T13:54:11.6580299Z   ssh-strict: true
2026-10-09T13:54:11.6580731Z   ssh-user: git
2026-10-09T13:54:11.6581177Z   persist-credentials: true
2026-10-09T13:54:11.6581663Z   clean: true
2026-10-09T13:54:11.6582113Z   sparse-checkout-cone-mode: true
2026-10-09T13:54:11.6582628Z   fetch-depth: 1
2026-10-09T13:54:11.6583050Z   fetch-tags: false
2026-10-09T13:54:11.6583495Z   show-progress: true
2026-10-09T13:54:11.6583944Z   lfs: false
2026-10-09T13:54:11.6584352Z   submodules: false
2026-10-09T13:54:11.6584800Z   set-safe-directory: true
2026-10-09T13:54:11.6585324Z   allow-unsafe-pr-checkout: false
2026-10-09T13:54:11.6586153Z env:
2026-10-09T13:54:11.6586577Z   CARGO_BUILD_JOBS: 2
2026-10-09T13:54:11.6587426Z   CARGO_TARGET_DIR: /home/runner/work/telcoin-network/telcoin-network/testing/quic-handshake/target
2026-10-09T13:54:11.6588296Z ##[endgroup]
2026-10-09T13:54:11.7576546Z Syncing repository: Telcoin-Association/telcoin-network
2026-10-09T13:54:11.7578325Z ##[group]Getting Git version info
2026-10-09T13:54:11.7579116Z Working directory is '/home/runner/work/telcoin-network/telcoin-network'
2026-10-09T13:54:11.7580581Z [command]/usr/bin/git version
2026-10-09T13:54:11.7719025Z git version 2.55.0
2026-10-09T13:54:11.7740765Z ##[endgroup]
2026-10-09T13:54:11.7754246Z Temporarily overriding HOME='/home/runner/work/_temp/0d330177-0e47-417b-bab9-0c0917ed8501' before making global git config changes
2026-10-09T13:54:11.7756299Z Adding repository directory to the temporary git global config as a safe directory
2026-10-09T13:54:11.7758799Z [command]/usr/bin/git config --global --add safe.directory /home/runner/work/telcoin-network/telcoin-network
2026-10-09T13:54:11.7812308Z Deleting the contents of '/home/runner/work/telcoin-network/telcoin-network'
2026-10-09T13:54:11.7816099Z ##[group]Initializing the repository
2026-10-09T13:54:11.7819945Z [command]/usr/bin/git init /home/runner/work/telcoin-network/telcoin-network
2026-10-09T13:54:11.7949814Z hint: Using 'master' as the name for the initial branch. This default branch name
2026-10-09T13:54:11.7951233Z hint: will change to "main" in Git 3.0. To configure the initial branch name
2026-10-09T13:54:11.7952513Z hint: to use in all of your new repositories, which will suppress this warning,
2026-10-09T13:54:11.7953886Z hint: call:
2026-10-09T13:54:11.7954363Z hint:
2026-10-09T13:54:11.7954975Z hint: 	git config --global init.defaultBranch <name>
2026-10-09T13:54:11.7955727Z hint:
2026-10-09T13:54:11.7956400Z hint: Names commonly chosen instead of 'master' are 'main', 'trunk' and
2026-10-09T13:54:11.7957533Z hint: 'development'. The just-created branch can be renamed via this command:
2026-10-09T13:54:11.7959019Z hint:
2026-10-09T13:54:11.7959934Z hint: 	git branch -m <name>
2026-10-09T13:54:11.7960458Z hint:
2026-10-09T13:54:11.7961120Z hint: Disable this message with "git config set advice.defaultBranchName false"
2026-10-09T13:54:11.7962356Z Initialized empty Git repository in /home/runner/work/telcoin-network/telcoin-network/.git/
2026-10-09T13:54:11.7965042Z [command]/usr/bin/git remote add origin https://github.com/Telcoin-Association/telcoin-network
2026-10-09T13:54:11.8013372Z ##[endgroup]
2026-10-09T13:54:11.8014156Z ##[group]Disabling automatic garbage collection
2026-10-09T13:54:11.8016712Z [command]/usr/bin/git config --local gc.auto 0
2026-10-09T13:54:11.8045408Z ##[endgroup]
2026-10-09T13:54:11.8046141Z ##[group]Setting up auth
2026-10-09T13:54:11.8051617Z [command]/usr/bin/git config --local --name-only --get-regexp core\.sshCommand
2026-10-09T13:54:11.8080653Z [command]/usr/bin/git submodule foreach --recursive sh -c "git config --local --name-only --get-regexp 'core\.sshCommand' && git config --local --unset-all 'core.sshCommand' || :"
2026-10-09T13:54:11.8475582Z [command]/usr/bin/git config --local --name-only --get-regexp http\.https\:\/\/github\.com\/\.extraheader
2026-10-09T13:54:11.8504932Z [command]/usr/bin/git submodule foreach --recursive sh -c "git config --local --name-only --get-regexp 'http\.https\:\/\/github\.com\/\.extraheader' && git config --local --unset-all 'http.https://github.com/.extraheader' || :"
2026-10-09T13:54:11.8719407Z [command]/usr/bin/git config --local --name-only --get-regexp ^includeIf\.gitdir:
2026-10-09T13:54:11.8749791Z [command]/usr/bin/git submodule foreach --recursive git config --local --show-origin --name-only --get-regexp remote.origin.url
2026-10-09T13:54:11.8961636Z [command]/usr/bin/git config --local http.https://github.com/.extraheader AUTHORIZATION: basic ***
2026-10-09T13:54:11.8998528Z ##[endgroup]
2026-10-09T13:54:11.9008106Z ##[group]Fetching the repository
2026-10-09T13:54:11.9011098Z [command]/usr/bin/git -c protocol.version=2 fetch --no-tags --prune --no-recurse-submodules --depth=1 origin +ca02e454b4f2fa5f5e1a47db8e346fb1bec00666:refs/remotes/origin/feat/1476-public-hub-capacity
2026-10-09T13:54:12.8212953Z From https://github.com/Telcoin-Association/telcoin-network
2026-10-09T13:54:12.8215684Z  * [new ref]         ca02e454b4f2fa5f5e1a47db8e346fb1bec00666 -> origin/feat/1476-public-hub-capacity
2026-10-09T13:54:12.8221393Z ##[endgroup]
2026-10-09T13:54:12.8223291Z ##[group]Determining the checkout info
2026-10-09T13:54:12.8225167Z ##[endgroup]
2026-10-09T13:54:12.8226248Z [command]/usr/bin/git sparse-checkout disable
2026-10-09T13:54:12.8275102Z [command]/usr/bin/git config --local --unset-all extensions.worktreeConfig
2026-10-09T13:54:12.8303310Z ##[group]Checking out the ref
2026-10-09T13:54:12.8313596Z [command]/usr/bin/git checkout --progress --force -B feat/1476-public-hub-capacity refs/remotes/origin/feat/1476-public-hub-capacity
2026-10-09T13:54:12.9296513Z Switched to a new branch 'feat/1476-public-hub-capacity'
2026-10-09T13:54:12.9302602Z branch 'feat/1476-public-hub-capacity' set up to track 'origin/feat/1476-public-hub-capacity'.
2026-10-09T13:54:12.9310900Z ##[endgroup]
2026-10-09T13:54:12.9355449Z [command]/usr/bin/git log -1 --format=%H
2026-10-09T13:54:12.9377581Z ca02e454b4f2fa5f5e1a47db8e346fb1bec00666
2026-10-09T13:54:12.9640670Z ##[group]Run rustup toolchain install 1.94 --profile minimal --component clippy
2026-10-09T13:54:12.9643270Z [36;1mrustup toolchain install 1.94 --profile minimal --component clippy[0m
2026-10-09T13:54:12.9951198Z shell: /usr/bin/bash -e {0}
2026-10-09T13:54:12.9952420Z env:
2026-10-09T13:54:12.9953374Z   CARGO_BUILD_JOBS: 2
2026-10-09T13:54:12.9955413Z   CARGO_TARGET_DIR: /home/runner/work/telcoin-network/telcoin-network/testing/quic-handshake/target
2026-10-09T13:54:12.9957650Z ##[endgroup]
2026-10-09T13:54:13.1045625Z info: syncing channel updates for 1.94-x86_64-unknown-linux-gnu
2026-10-09T13:54:13.3540903Z info: latest update on 2026-03-26 for version 1.94.1 (e408947bf 2026-03-25)
2026-10-09T13:54:13.3542069Z info: downloading 4 components
2026-10-09T13:54:20.9164759Z 
2026-10-09T13:54:20.9233986Z   1.94-x86_64-unknown-linux-gnu installed - rustc 1.94.1 (e408947bf 2026-03-25)
2026-10-09T13:54:20.9234517Z 
2026-10-09T13:54:20.9352646Z ##[group]Run python3 -P testing/quic-handshake/prepare.py
2026-10-09T13:54:20.9353184Z [36;1mpython3 -P testing/quic-handshake/prepare.py[0m
2026-10-09T13:54:20.9415981Z shell: /usr/bin/bash -e {0}
2026-10-09T13:54:20.9416308Z env:
2026-10-09T13:54:20.9416555Z   CARGO_BUILD_JOBS: 2
2026-10-09T13:54:20.9417077Z   CARGO_TARGET_DIR: /home/runner/work/telcoin-network/telcoin-network/testing/quic-handshake/target
2026-10-09T13:54:20.9417633Z ##[endgroup]
2026-10-09T13:54:21.1230438Z {"instrumentation": 1, "source_sha256": {"lib.rs": "218c83e5c7f9f93e9ceecfddec999ded50039315588129397925645402842977", "certificate.rs": "cc2235283eaffd86d75b302f568d08045e32b218a8fb9f7da418cc636bec5c0d", "verifier.rs": "18f4313e6de34a84153ef9b064dee3df6e5f116663bf2bc32d73d499a63ae860"}, "output": "/home/runner/work/telcoin-network/telcoin-network/testing/quic-handshake/generated/libp2p-tls"}
2026-10-09T13:54:21.1440787Z ##[group]Run cargo +1.94 clippy --locked --manifest-path testing/quic-handshake/Cargo.toml --all-targets --no-deps -- -D warnings
2026-10-09T13:54:21.1441838Z [36;1mcargo +1.94 clippy --locked --manifest-path testing/quic-handshake/Cargo.toml --all-targets --no-deps -- -D warnings[0m
2026-10-09T13:54:21.1503875Z shell: /usr/bin/bash -e {0}
2026-10-09T13:54:21.1504185Z env:
2026-10-09T13:54:21.1504456Z   CARGO_BUILD_JOBS: 2
2026-10-09T13:54:21.1504944Z   CARGO_TARGET_DIR: /home/runner/work/telcoin-network/telcoin-network/testing/quic-handshake/target
2026-10-09T13:54:21.1505467Z ##[endgroup]
2026-10-09T13:54:21.2135691Z     Updating crates.io index
2026-10-09T13:54:21.5267462Z  Downloading crates ...
2026-10-09T13:54:21.5649379Z   Downloaded cfg-if v1.0.4
2026-10-09T13:54:21.5670781Z   Downloaded byteorder v1.5.0
2026-10-09T13:54:21.5694070Z   Downloaded block-buffer v0.12.1
2026-10-09T13:54:21.5712391Z   Downloaded asn1-rs-derive v0.6.0
2026-10-09T13:54:21.5727428Z   Downloaded asn1-rs v0.7.1
2026-10-09T13:54:21.5810739Z   Downloaded yasna v0.5.2
2026-10-09T13:54:21.5840464Z   Downloaded powerfmt v0.2.0
2026-10-09T13:54:21.5857012Z   Downloaded hybrid-array v0.4.10
2026-10-09T13:54:21.5890333Z   Downloaded num-conv v0.2.1
2026-10-09T13:54:21.5901811Z   Downloaded bs58 v0.5.1
2026-10-09T13:54:21.5938933Z   Downloaded writeable v0.6.2
2026-10-09T13:54:21.5967669Z   Downloaded anyhow v1.0.102
2026-10-09T13:54:21.6020270Z   Downloaded form_urlencoded v1.2.2
2026-10-09T13:54:21.6031172Z   Downloaded cc v1.2.58
2026-10-09T13:54:21.6072479Z   Downloaded percent-encoding v2.3.2
2026-10-09T13:54:21.6084149Z   Downloaded tracing-attributes v0.1.31
2026-10-09T13:54:21.6125568Z   Downloaded yoke-derive v0.8.1
2026-10-09T13:54:21.6141984Z   Downloaded data-encoding v2.10.0
2026-10-09T13:54:21.6163463Z   Downloaded utf8_iter v1.0.4
2026-10-09T13:54:21.6187206Z   Downloaded scopeguard v1.2.0
2026-10-09T13:54:21.6207229Z   Downloaded unsigned-varint v0.8.0
2026-10-09T13:54:21.6263213Z   Downloaded typenum v1.19.0
2026-10-09T13:54:21.6312277Z   Downloaded signature v3.0.0
2026-10-09T13:54:21.6341727Z   Downloaded zerofrom-derive v0.1.6
2026-10-09T13:54:21.6359359Z   Downloaded zerotrie v0.2.3
2026-10-09T13:54:21.6404812Z   Downloaded subtle v2.6.1
2026-10-09T13:54:21.6421949Z   Downloaded nom v7.1.3
2026-10-09T13:54:21.6483096Z   Downloaded zerovec-derive v0.11.2
2026-10-09T13:54:21.6503580Z   Downloaded web-time v1.1.0
2026-10-09T13:54:21.6529419Z   Downloaded zeroize v1.8.2
2026-10-09T13:54:21.6547815Z   Downloaded num-traits v0.2.19
2026-10-09T13:54:21.6579509Z   Downloaded zmij v1.0.21
2026-10-09T13:54:21.6603226Z   Downloaded serde_derive v1.0.228
2026-10-09T13:54:21.6639321Z   Downloaded thiserror-impl v2.0.18
2026-10-09T13:54:21.6657583Z   Downloaded quote v1.0.45
2026-10-09T13:54:21.6688673Z   Downloaded yasna v0.6.0
2026-10-09T13:54:21.6714614Z   Downloaded serde_json v1.0.149
2026-10-09T13:54:21.6787912Z   Downloaded url v2.5.8
2026-10-09T13:54:21.6816956Z   Downloaded zerovec v0.11.5
2026-10-09T13:54:21.6873062Z   Downloaded rand v0.10.2
2026-10-09T13:54:21.6912318Z   Downloaded serde v1.0.228
2026-10-09T13:54:21.6950789Z   Downloaded x509-parser v0.18.1
2026-10-09T13:54:21.7010073Z   Downloaded tinyvec v1.11.0
2026-10-09T13:54:21.7037469Z   Downloaded rcgen v0.13.2
2026-10-09T13:54:21.7067919Z   Downloaded time v0.3.47
2026-10-09T13:54:21.7197677Z   Downloaded prost v0.14.3
2026-10-09T13:54:21.7216808Z   Downloaded proc-macro2 v1.0.106
2026-10-09T13:54:21.7247520Z   Downloaded curve25519-dalek v5.0.0
2026-10-09T13:54:21.7340925Z   Downloaded syn v2.0.117
2026-10-09T13:54:21.7444404Z   Downloaded aws-lc-rs v1.18.1
2026-10-09T13:54:21.7551750Z   Downloaded serde_core v1.0.228
2026-10-09T13:54:21.7581395Z   Downloaded untrusted v0.7.1
2026-10-09T13:54:21.7592660Z   Downloaded unicode-ident v1.0.24
2026-10-09T13:54:21.7624190Z   Downloaded rustls v0.23.45
2026-10-09T13:54:21.7742230Z   Downloaded tracing-core v0.1.36
2026-10-09T13:54:21.7770024Z   Downloaded libc v0.2.183
2026-10-09T13:54:21.8157843Z   Downloaded slab v0.4.12
2026-10-09T13:54:21.8171600Z   Downloaded tracing v0.1.44
2026-10-09T13:54:21.8327952Z   Downloaded shlex v1.3.0
2026-10-09T13:54:21.8341490Z   Downloaded rusticata-macros v4.1.0
2026-10-09T13:54:21.8357845Z   Downloaded idna v1.1.0
2026-10-09T13:54:21.8393463Z   Downloaded hkdf v0.13.0
2026-10-09T13:54:21.8420185Z   Downloaded itertools v0.14.0
2026-10-09T13:54:21.8491478Z   Downloaded der-parser v10.0.0
2026-10-09T13:54:21.8526528Z   Downloaded icu_properties_data v2.0.1
2026-10-09T13:54:21.8625486Z   Downloaded rustc_version v0.4.1
2026-10-09T13:54:21.8639410Z   Downloaded rand_core v0.10.1
2026-10-09T13:54:21.8656147Z   Downloaded ed25519-dalek v3.0.0
2026-10-09T13:54:21.8689595Z   Downloaded minimal-lexical v0.2.1
2026-10-09T13:54:21.8735068Z   Downloaded memchr v2.8.0
2026-10-09T13:54:21.8790114Z   Downloaded icu_locale_core v2.1.1
2026-10-09T13:54:21.8859968Z   Downloaded yoke v0.8.1
2026-10-09T13:54:21.8877610Z   Downloaded semver v1.0.27
2026-10-09T13:54:21.8902132Z   Downloaded pin-project v1.1.11
2026-10-09T13:54:21.9036117Z   Downloaded libp2p-core v0.44.0
2026-10-09T13:54:21.9070017Z   Downloaded icu_provider v2.1.1
2026-10-09T13:54:21.9096842Z   Downloaded icu_properties v2.0.2
2026-10-09T13:54:21.9119611Z   Downloaded icu_normalizer v2.0.1
2026-10-09T13:54:21.9153819Z   Downloaded futures-timer v3.0.3
2026-10-09T13:54:21.9172932Z   Downloaded futures v0.3.32
2026-10-09T13:54:21.9222949Z   Downloaded const-oid v0.10.2
2026-10-09T13:54:21.9248546Z   Downloaded zerofrom v0.1.6
2026-10-09T13:54:21.9258071Z   Downloaded time-macros v0.2.27
2026-10-09T13:54:21.9281597Z   Downloaded synstructure v0.13.2
2026-10-09T13:54:21.9292572Z   Downloaded static_assertions v1.1.0
2026-10-09T13:54:21.9308397Z   Downloaded prost-derive v0.14.3
2026-10-09T13:54:21.9323046Z   Downloaded parking_lot_core v0.9.12
2026-10-09T13:54:21.9344291Z   Downloaded oid-registry v0.8.1
2026-10-09T13:54:21.9362711Z   Downloaded num-bigint v0.4.6
2026-10-09T13:54:21.9411644Z   Downloaded multiaddr v0.19.0
2026-10-09T13:54:21.9431304Z   Downloaded litemap v0.8.1
2026-10-09T13:54:21.9453929Z   Downloaded hmac v0.13.0
2026-10-09T13:54:21.9475625Z   Downloaded either v1.18.0
2026-10-09T13:54:21.9491678Z   Downloaded ctutils v0.4.2
2026-10-09T13:54:21.9511862Z   Downloaded cmov v0.5.4
2026-10-09T13:54:21.9531584Z   Downloaded cmake v0.1.58
2026-10-09T13:54:21.9546191Z   Downloaded pin-project-lite v0.2.17
2026-10-09T13:54:21.9606712Z   Downloaded pin-project-internal v1.1.11
2026-10-09T13:54:21.9622823Z   Downloaded pem v3.0.6
2026-10-09T13:54:21.9638213Z   Downloaded parking_lot v0.12.5
2026-10-09T13:54:21.9663749Z   Downloaded num-integer v0.1.46
2026-10-09T13:54:21.9680472Z   Downloaded multihash v0.19.3
2026-10-09T13:54:21.9699907Z   Downloaded match-lookup v0.1.2
2026-10-09T13:54:21.9707382Z   Downloaded jobserver v0.1.34
2026-10-09T13:54:21.9728111Z   Downloaded futures-task v0.3.32
2026-10-09T13:54:21.9740744Z   Downloaded icu_collections v2.0.0
2026-10-09T13:54:21.9804765Z   Downloaded futures-sink v0.3.32
2026-10-09T13:54:21.9813480Z   Downloaded futures-rustls v0.26.0
2026-10-09T13:54:21.9830141Z   Downloaded futures-io v0.3.32
2026-10-09T13:54:21.9839105Z   Downloaded futures-executor v0.3.32
2026-10-09T13:54:21.9853337Z   Downloaded fs_extra v1.3.0
2026-10-09T13:54:21.9876523Z   Downloaded data-encoding-macro-internal v0.1.17
2026-10-09T13:54:21.9884251Z   Downloaded data-encoding-macro v0.1.19
2026-10-09T13:54:21.9892460Z   Downloaded curve25519-dalek-derive v0.1.1
2026-10-09T13:54:21.9902808Z   Downloaded crypto-common v0.2.2
2026-10-09T13:54:21.9914008Z   Downloaded cpufeatures v0.3.1
2026-10-09T13:54:21.9928163Z   Downloaded ring v0.17.14
2026-10-09T13:54:22.0339705Z   Downloaded const-str v0.4.3
2026-10-09T13:54:22.0364380Z   Downloaded tinystr v0.8.2
2026-10-09T13:54:22.0384465Z   Downloaded thiserror v2.0.18
2026-10-09T13:54:22.0448617Z   Downloaded rustls-webpki v0.103.15
2026-10-09T13:54:22.0478713Z   Downloaded potential_utf v0.1.4
2026-10-09T13:54:22.0489178Z   Downloaded multistream-select v0.14.0
2026-10-09T13:54:22.0502023Z   Downloaded lazy_static v1.5.0
2026-10-09T13:54:22.0520937Z   Downloaded idna_adapter v1.2.1
2026-10-09T13:54:22.0529696Z   Downloaded icu_normalizer_data v2.0.0
2026-10-09T13:54:22.0549979Z   Downloaded tinyvec_macros v0.1.1
2026-10-09T13:54:22.0558709Z   Downloaded time-core v0.1.8
2026-10-09T13:54:22.0569145Z   Downloaded pkg-config v0.3.32
2026-10-09T13:54:22.0584741Z   Downloaded getrandom v0.2.17
2026-10-09T13:54:22.0613819Z   Downloaded futures-core v0.3.32
2026-10-09T13:54:22.0627247Z   Downloaded fnv v1.0.7
2026-10-09T13:54:22.0635674Z   Downloaded displaydoc v0.2.5
2026-10-09T13:54:22.0666565Z   Downloaded once_cell v1.21.4
2026-10-09T13:54:22.0691712Z   Downloaded multibase v0.9.2
2026-10-09T13:54:22.0709247Z   Downloaded untrusted v0.9.0
2026-10-09T13:54:22.0725739Z   Downloaded futures-macro v0.3.32
2026-10-09T13:54:22.0736872Z   Downloaded stable_deref_trait v1.2.1
2026-10-09T13:54:22.0745470Z   Downloaded rw-stream-sink v0.5.0
2026-10-09T13:54:22.0752960Z   Downloaded rustls-pki-types v1.14.0
2026-10-09T13:54:22.0777213Z   Downloaded lock_api v0.4.14
2026-10-09T13:54:22.0789375Z   Downloaded libp2p-identity v0.3.0
2026-10-09T13:54:22.0811480Z   Downloaded sha2 v0.11.0
2026-10-09T13:54:22.0848348Z   Downloaded getrandom v0.4.2
2026-10-09T13:54:22.0887694Z   Downloaded futures-channel v0.3.32
2026-10-09T13:54:22.0907455Z   Downloaded ed25519 v3.0.0
2026-10-09T13:54:22.0924726Z   Downloaded deranged v0.5.8
2026-10-09T13:54:22.0938505Z   Downloaded bytes v1.12.1
2026-10-09T13:54:22.0974077Z   Downloaded smallvec v1.15.1
2026-10-09T13:54:22.0994863Z   Downloaded find-msvc-tools v0.1.9
2026-10-09T13:54:22.1010571Z   Downloaded asn1-rs-impl v0.2.0
2026-10-09T13:54:22.1017682Z   Downloaded itoa v1.0.18
2026-10-09T13:54:22.1031980Z   Downloaded futures-util v0.3.32
2026-10-09T13:54:22.1161109Z   Downloaded base64 v0.22.1
2026-10-09T13:54:22.1198045Z   Downloaded chacha20 v0.10.2
2026-10-09T13:54:22.1221696Z   Downloaded base-x v0.2.11
2026-10-09T13:54:22.1236511Z   Downloaded dunce v1.0.5
2026-10-09T13:54:22.1246875Z   Downloaded digest v0.11.3
2026-10-09T13:54:22.1270110Z   Downloaded core2 v0.4.0
2026-10-09T13:54:22.1289121Z   Downloaded arrayref v0.3.9
2026-10-09T13:54:22.1302341Z   Downloaded base256emoji v1.0.2
2026-10-09T13:54:22.1310222Z   Downloaded autocfg v1.5.0
2026-10-09T13:54:22.1435654Z   Downloaded aws-lc-sys v0.45.0
2026-10-09T13:54:22.4433240Z    Compiling proc-macro2 v1.0.106
2026-10-09T13:54:22.4434147Z    Compiling unicode-ident v1.0.24
2026-10-09T13:54:22.4870800Z    Compiling quote v1.0.45
2026-10-09T13:54:22.8163855Z    Compiling libc v0.2.183
2026-10-09T13:54:23.9030856Z    Compiling syn v2.0.117
2026-10-09T13:54:24.5710285Z     Checking memchr v2.8.0
2026-10-09T13:54:25.3801788Z    Compiling jobserver v0.1.34
2026-10-09T13:54:26.0897060Z     Checking stable_deref_trait v1.2.1
2026-10-09T13:54:26.1062854Z    Compiling shlex v1.3.0
2026-10-09T13:54:26.2792462Z    Compiling find-msvc-tools v0.1.9
2026-10-09T13:54:26.7160942Z    Compiling synstructure v0.13.2
2026-10-09T13:54:30.4237734Z    Compiling cc v1.2.58
2026-10-09T13:54:35.2360728Z     Checking cfg-if v1.0.4
2026-10-09T13:54:35.2513802Z    Compiling typenum v1.19.0
2026-10-09T13:54:36.0842466Z     Checking hybrid-array v0.4.10
2026-10-09T13:54:36.3819491Z     Checking zeroize v1.8.2
2026-10-09T13:54:36.9202724Z     Checking cmov v0.5.4
2026-10-09T13:54:37.0064661Z     Checking ctutils v0.4.2
2026-10-09T13:54:37.0950319Z     Checking block-buffer v0.12.1
2026-10-09T13:54:37.1462944Z     Checking crypto-common v0.2.2
2026-10-09T13:54:37.5404716Z    Compiling cmake v0.1.58
2026-10-09T13:54:38.4030958Z     Checking pin-project-lite v0.2.17
2026-10-09T13:54:38.4241945Z     Checking smallvec v1.15.1
2026-10-09T13:54:38.5028573Z     Checking writeable v0.6.2
2026-10-09T13:54:38.5835565Z    Compiling dunce v1.0.5
2026-10-09T13:54:38.6086157Z    Compiling pkg-config v0.3.32
2026-10-09T13:54:39.8687044Z    Compiling thiserror v2.0.18
2026-10-09T13:54:40.2700789Z     Checking litemap v0.8.1
2026-10-09T13:54:40.3630775Z    Compiling autocfg v1.5.0
2026-10-09T13:54:41.3733799Z    Compiling fs_extra v1.3.0
2026-10-09T13:54:41.5698543Z     Checking const-oid v0.10.2
2026-10-09T13:54:41.6377650Z     Checking digest v0.11.3
2026-10-09T13:54:41.7066835Z    Compiling aws-lc-sys v0.45.0
2026-10-09T13:54:45.5775844Z    Compiling num-traits v0.2.19
2026-10-09T13:54:45.6711937Z    Compiling time-core v0.1.8
2026-10-09T13:54:45.7290754Z     Checking once_cell v1.21.4
2026-10-09T13:54:45.8037558Z    Compiling num-conv v0.2.1
2026-10-09T13:54:45.8828639Z    Compiling icu_normalizer_data v2.0.0
2026-10-09T13:54:45.9478863Z    Compiling icu_properties_data v2.0.1
2026-10-09T13:54:46.0104093Z     Checking cpufeatures v0.3.1
2026-10-09T13:54:46.0274998Z     Checking itoa v1.0.18
2026-10-09T13:54:46.0917290Z     Checking powerfmt v0.2.0
2026-10-09T13:54:46.1517158Z    Compiling semver v1.0.27
2026-10-09T13:54:46.3283852Z    Compiling zerofrom-derive v0.1.6
2026-10-09T13:54:46.5831214Z    Compiling displaydoc v0.2.5
2026-10-09T13:54:48.5942054Z    Compiling yoke-derive v0.8.1
2026-10-09T13:54:53.1597621Z     Checking zerofrom v0.1.6
2026-10-09T13:54:53.1992748Z    Compiling zerovec-derive v0.11.2
2026-10-09T13:54:54.0640735Z     Checking yoke v0.8.1
2026-10-09T13:54:54.1490832Z     Checking zerotrie v0.2.3
2026-10-09T13:54:54.3446893Z    Compiling thiserror-impl v2.0.18
2026-10-09T13:54:56.2735556Z     Checking zerovec v0.11.5
2026-10-09T13:54:56.7831638Z     Checking tinystr v0.8.2
2026-10-09T13:54:56.8611106Z     Checking icu_locale_core v2.1.1
2026-10-09T13:54:57.3361686Z     Checking potential_utf v0.1.4
2026-10-09T13:54:57.3748681Z     Checking icu_collections v2.0.0
2026-10-09T13:54:57.5321562Z     Checking icu_provider v2.1.1
2026-10-09T13:54:57.6973221Z    Compiling rustc_version v0.4.1
2026-10-09T13:54:58.2030619Z     Checking deranged v0.5.8
2026-10-09T13:54:58.8257456Z    Compiling time-macros v0.2.27
2026-10-09T13:55:01.3744531Z    Compiling anyhow v1.0.102
2026-10-09T13:55:01.7481911Z     Checking futures-core v0.3.32
2026-10-09T13:55:01.7864399Z     Checking futures-sink v0.3.32
2026-10-09T13:55:01.8126076Z     Checking futures-io v0.3.32
2026-10-09T13:55:01.8486487Z     Checking subtle v2.6.1
2026-10-09T13:55:01.9486050Z     Checking time v0.3.47
2026-10-09T13:55:02.7162062Z     Checking futures-channel v0.3.32
2026-10-09T13:55:03.2392974Z    Compiling curve25519-dalek v5.0.0
2026-10-09T13:55:03.4153422Z    Compiling futures-macro v0.3.32
2026-10-09T13:55:06.4052467Z     Checking futures-task v0.3.32
2026-10-09T13:55:06.4524884Z     Checking slab v0.4.12
2026-10-09T13:55:06.5112448Z    Compiling serde_core v1.0.228
2026-10-09T13:55:06.8472779Z    Compiling aws-lc-rs v1.18.1
2026-10-09T13:55:07.1100807Z     Checking rand_core v0.10.1
2026-10-09T13:55:07.1569879Z    Compiling getrandom v0.4.2
2026-10-09T13:55:07.3081058Z     Checking minimal-lexical v0.2.1
2026-10-09T13:55:07.4026264Z    Compiling either v1.18.0
2026-10-09T13:55:07.5174279Z    Compiling itertools v0.14.0
2026-10-09T13:55:08.5402449Z     Checking nom v7.1.3
2026-10-09T13:55:09.3298170Z     Checking futures-util v0.3.32
2026-10-09T13:55:10.7254466Z     Checking icu_properties v2.0.2
2026-10-09T13:55:11.2964651Z     Checking icu_normalizer v2.0.1
2026-10-09T13:55:11.9419166Z    Compiling curve25519-dalek-derive v0.1.1
2026-10-09T13:55:13.6653323Z    Compiling tracing-attributes v0.1.31
2026-10-09T13:55:19.0670957Z     Checking tracing-core v0.1.36
2026-10-09T13:55:19.2377280Z    Compiling data-encoding v2.10.0
2026-10-09T13:55:21.2182602Z     Checking signature v3.0.0
2026-10-09T13:55:21.2461846Z     Checking bytes v1.12.1
2026-10-09T13:55:21.6595609Z     Checking untrusted v0.9.0
2026-10-09T13:55:21.6886569Z     Checking unsigned-varint v0.8.0
2026-10-09T13:55:21.7406281Z     Checking ed25519 v3.0.0
2026-10-09T13:55:21.7765324Z    Compiling data-encoding-macro-internal v0.1.17
2026-10-09T13:55:22.3379077Z     Checking tracing v0.1.44
2026-10-09T13:55:22.8300877Z    Compiling prost-derive v0.14.3
2026-10-09T13:55:27.6691859Z     Checking idna_adapter v1.2.1
2026-10-09T13:55:27.7032993Z     Checking futures-executor v0.3.32
2026-10-09T13:55:28.9273666Z     Checking rusticata-macros v4.1.0
2026-10-09T13:55:28.9715426Z     Checking chacha20 v0.10.2
2026-10-09T13:55:29.0680128Z    Compiling pin-project-internal v1.1.11
2026-10-09T13:55:34.3683777Z    Compiling match-lookup v0.1.2
2026-10-09T13:55:35.4788806Z    Compiling asn1-rs-derive v0.6.0
2026-10-09T13:55:38.1251659Z    Compiling asn1-rs-impl v0.2.0
2026-10-09T13:55:38.5578471Z     Checking sha2 v0.11.0
2026-10-09T13:55:38.9115546Z     Checking hmac v0.13.0
2026-10-09T13:55:38.9664292Z     Checking rustls-pki-types v1.14.0
2026-10-09T13:55:39.1257532Z     Checking core2 v0.4.0
2026-10-09T13:55:39.1961829Z     Checking percent-encoding v2.3.2
2026-10-09T13:55:39.2450958Z    Compiling parking_lot_core v0.9.12
2026-10-09T13:55:39.3946525Z     Checking utf8_iter v1.0.4
2026-10-09T13:55:39.4323975Z    Compiling serde v1.0.228
2026-10-09T13:55:39.7588553Z     Checking untrusted v0.7.1
2026-10-09T13:55:39.7899514Z     Checking const-str v0.4.3
2026-10-09T13:55:39.9425959Z     Checking base256emoji v1.0.2
2026-10-09T13:55:40.0211435Z     Checking idna v1.1.0
2026-10-09T13:55:40.1452353Z     Checking form_urlencoded v1.2.2
2026-10-09T13:55:40.1879126Z     Checking multihash v0.19.3
2026-10-09T13:55:40.2325748Z     Checking hkdf v0.13.0
2026-10-09T13:55:40.2661813Z     Checking ed25519-dalek v3.0.0
2026-10-09T13:55:40.3306768Z     Checking asn1-rs v0.7.1
2026-10-09T13:55:40.9380728Z     Checking pin-project v1.1.11
2026-10-09T13:55:40.9581179Z     Checking rand v0.10.2
2026-10-09T13:55:41.2392568Z     Checking futures v0.3.32
2026-10-09T13:55:41.2590775Z     Checking prost v0.14.3
2026-10-09T13:55:41.4270517Z     Checking data-encoding-macro v0.1.19
2026-10-09T13:55:41.4435041Z     Checking num-integer v0.1.46
2026-10-09T13:55:41.5624059Z    Compiling ring v0.17.14
2026-10-09T13:55:42.3089381Z    Compiling oid-registry v0.8.1
2026-10-09T13:55:42.8400842Z     Checking bs58 v0.5.1
2026-10-09T13:55:42.9027534Z    Compiling rustls v0.23.45
2026-10-09T13:55:42.9559211Z     Checking static_assertions v1.1.0
2026-10-09T13:55:42.9733999Z     Checking scopeguard v1.2.0
2026-10-09T13:55:42.9953715Z     Checking base-x v0.2.11
2026-10-09T13:55:43.0370327Z     Checking multibase v0.9.2
2026-10-09T13:55:43.1130353Z     Checking lock_api v0.4.14
2026-10-09T13:55:43.2076975Z     Checking libp2p-identity v0.3.0
2026-10-09T13:55:48.8624329Z     Checking num-bigint v0.4.6
2026-10-09T13:55:49.4270106Z     Checking url v2.5.8
2026-10-09T13:55:49.9912565Z     Checking getrandom v0.2.17
2026-10-09T13:55:50.0381574Z    Compiling zmij v1.0.21
2026-10-09T13:55:50.2750879Z     Checking byteorder v1.5.0
2026-10-09T13:55:50.3702938Z     Checking arrayref v0.3.9
2026-10-09T13:55:50.3851831Z     Checking base64 v0.22.1
2026-10-09T13:55:50.5045737Z     Checking pem v3.0.6
2026-10-09T13:55:50.5633867Z     Checking multiaddr v0.19.0
2026-10-09T13:55:51.4031474Z     Checking parking_lot v0.12.5
2026-10-09T13:55:51.4857096Z     Checking der-parser v10.0.0
2026-10-09T13:55:51.8215528Z     Checking rw-stream-sink v0.5.0
2026-10-09T13:55:51.8518341Z     Checking multistream-select v0.14.0
2026-10-09T13:55:52.0118870Z     Checking yasna v0.5.2
2026-10-09T13:55:52.2488250Z     Checking lazy_static v1.5.0
2026-10-09T13:55:52.2694124Z     Checking futures-timer v3.0.3
2026-10-09T13:55:52.3387861Z    Compiling serde_json v1.0.149
2026-10-09T13:55:52.4037335Z     Checking web-time v1.1.0
2026-10-09T13:55:52.4206399Z     Checking fnv v1.0.7
2026-10-09T13:55:52.5293409Z     Checking libp2p-core v0.44.0
2026-10-09T13:55:52.8843308Z     Checking x509-parser v0.18.1
2026-10-09T13:55:53.3848845Z     Checking rcgen v0.13.2
2026-10-09T13:55:53.7104202Z     Checking yasna v0.6.0
2026-10-09T13:55:58.5706419Z     Checking rustls-webpki v0.103.15
2026-10-09T13:56:00.3718483Z     Checking futures-rustls v0.26.0
2026-10-09T13:56:00.4568489Z     Checking libp2p-tls v0.7.0 (/home/runner/work/telcoin-network/telcoin-network/testing/quic-handshake/generated/libp2p-tls)
2026-10-09T13:56:00.6066812Z     Checking tn-quic-handshake-profile v0.1.0 (/home/runner/work/telcoin-network/telcoin-network/testing/quic-handshake)
2026-10-09T13:56:00.7495041Z     Finished `dev` profile [unoptimized + debuginfo] target(s) in 1m 39s
2026-10-09T13:56:00.7896560Z ##[group]Run cargo +1.94 build --release --locked --manifest-path testing/quic-handshake/Cargo.toml
2026-10-09T13:56:00.7897299Z [36;1mcargo +1.94 build --release --locked --manifest-path testing/quic-handshake/Cargo.toml[0m
2026-10-09T13:56:00.7957531Z shell: /usr/bin/bash -e {0}
2026-10-09T13:56:00.7957792Z env:
2026-10-09T13:56:00.7957980Z   CARGO_BUILD_JOBS: 2
2026-10-09T13:56:00.7958429Z   CARGO_TARGET_DIR: /home/runner/work/telcoin-network/telcoin-network/testing/quic-handshake/target
2026-10-09T13:56:00.7958932Z ##[endgroup]
2026-10-09T13:56:00.9354877Z    Compiling proc-macro2 v1.0.106
2026-10-09T13:56:00.9355564Z    Compiling quote v1.0.45
2026-10-09T13:56:01.0136395Z    Compiling unicode-ident v1.0.24
2026-10-09T13:56:01.0603037Z    Compiling libc v0.2.183
2026-10-09T13:56:01.2059265Z    Compiling memchr v2.8.0
2026-10-09T13:56:01.5931745Z    Compiling syn v2.0.117
2026-10-09T13:56:02.5741328Z    Compiling jobserver v0.1.34
2026-10-09T13:56:02.7415865Z    Compiling stable_deref_trait v1.2.1
2026-10-09T13:56:02.7608325Z    Compiling find-msvc-tools v0.1.9
2026-10-09T13:56:02.8612792Z    Compiling shlex v1.3.0
2026-10-09T13:56:02.9294837Z    Compiling cc v1.2.58
2026-10-09T13:56:03.8211692Z    Compiling synstructure v0.13.2
2026-10-09T13:56:04.1388423Z    Compiling typenum v1.19.0
2026-10-09T13:56:04.2478233Z    Compiling cfg-if v1.0.4
2026-10-09T13:56:04.7302738Z    Compiling hybrid-array v0.4.10
2026-10-09T13:56:04.7655463Z    Compiling displaydoc v0.2.5
2026-10-09T13:56:05.0654728Z    Compiling zerofrom-derive v0.1.6
2026-10-09T13:56:05.0721606Z    Compiling yoke-derive v0.8.1
2026-10-09T13:56:05.5989275Z    Compiling zerovec-derive v0.11.2
2026-10-09T13:56:05.7472809Z    Compiling zerofrom v0.1.6
2026-10-09T13:56:05.7933871Z    Compiling yoke v0.8.1
2026-10-09T13:56:05.8988859Z    Compiling zeroize v1.8.2
2026-10-09T13:56:06.2045673Z    Compiling zerovec v0.11.5
2026-10-09T13:56:06.5289377Z    Compiling cmov v0.5.4
2026-10-09T13:56:06.6385349Z    Compiling ctutils v0.4.2
2026-10-09T13:56:06.7538926Z    Compiling block-buffer v0.12.1
2026-10-09T13:56:06.8225787Z    Compiling crypto-common v0.2.2
2026-10-09T13:56:06.8987406Z    Compiling tinystr v0.8.2
2026-10-09T13:56:06.9986135Z    Compiling cmake v0.1.58
2026-10-09T13:56:07.1928045Z    Compiling autocfg v1.5.0
2026-10-09T13:56:07.3748445Z    Compiling dunce v1.0.5
2026-10-09T13:56:07.3967893Z    Compiling smallvec v1.15.1
2026-10-09T13:56:07.5171574Z    Compiling pkg-config v0.3.32
2026-10-09T13:56:07.7453114Z    Compiling thiserror v2.0.18
2026-10-09T13:56:07.8059478Z    Compiling writeable v0.6.2
2026-10-09T13:56:07.8627820Z    Compiling pin-project-lite v0.2.17
2026-10-09T13:56:07.8877086Z    Compiling litemap v0.8.1
2026-10-09T13:56:08.0074278Z    Compiling const-oid v0.10.2
2026-10-09T13:56:08.1128625Z    Compiling fs_extra v1.3.0
2026-10-09T13:56:08.1588354Z    Compiling digest v0.11.3
2026-10-09T13:56:08.2438521Z    Compiling aws-lc-sys v0.45.0
2026-10-09T13:56:08.2477282Z    Compiling icu_locale_core v2.1.1
2026-10-09T13:56:08.9581073Z    Compiling num-traits v0.2.19
2026-10-09T13:56:09.0056240Z    Compiling potential_utf v0.1.4
2026-10-09T13:56:09.0706871Z    Compiling zerotrie v0.2.3
2026-10-09T13:56:10.4169989Z    Compiling thiserror-impl v2.0.18
2026-10-09T13:56:11.1220797Z    Compiling icu_normalizer_data v2.0.0
2026-10-09T13:56:11.1702664Z    Compiling cpufeatures v0.3.1
2026-10-09T13:56:11.1893971Z    Compiling semver v1.0.27
2026-10-09T13:56:11.3342823Z    Compiling itoa v1.0.18
2026-10-09T13:56:11.4457284Z    Compiling icu_properties_data v2.0.1
2026-10-09T13:56:11.4924223Z    Compiling once_cell v1.21.4
2026-10-09T13:56:11.5999149Z    Compiling time-core v0.1.8
2026-10-09T13:56:11.6539994Z    Compiling num-conv v0.2.1
2026-10-09T13:56:11.7106688Z    Compiling powerfmt v0.2.0
2026-10-09T13:56:11.8359018Z    Compiling deranged v0.5.8
2026-10-09T13:56:12.0040968Z    Compiling time-macros v0.2.27
2026-10-09T13:56:12.6016735Z    Compiling rustc_version v0.4.1
2026-10-09T13:56:12.6406377Z    Compiling icu_provider v2.1.1
2026-10-09T13:56:12.7397164Z    Compiling icu_collections v2.0.0
2026-10-09T13:56:13.3704446Z    Compiling anyhow v1.0.102
2026-10-09T13:56:13.4676467Z    Compiling futures-io v0.3.32
2026-10-09T13:56:13.5954025Z    Compiling subtle v2.6.1
2026-10-09T13:56:13.6525140Z    Compiling futures-sink v0.3.32
2026-10-09T13:56:13.6817564Z    Compiling futures-core v0.3.32
2026-10-09T13:56:13.7871561Z    Compiling time v0.3.47
2026-10-09T13:56:15.9828773Z    Compiling futures-channel v0.3.32
2026-10-09T13:56:16.6351526Z    Compiling curve25519-dalek v5.0.0
2026-10-09T13:56:16.7816643Z    Compiling futures-macro v0.3.32
2026-10-09T13:56:17.1483229Z    Compiling futures-task v0.3.32
2026-10-09T13:56:17.2101158Z    Compiling either v1.18.0
2026-10-09T13:56:17.3104041Z    Compiling getrandom v0.4.2
2026-10-09T13:56:17.3735849Z    Compiling serde_core v1.0.228
2026-10-09T13:56:17.4660895Z    Compiling minimal-lexical v0.2.1
2026-10-09T13:56:17.6252706Z    Compiling slab v0.4.12
2026-10-09T13:56:17.7085412Z    Compiling rand_core v0.10.1
2026-10-09T13:56:17.7707547Z    Compiling aws-lc-rs v1.18.1
2026-10-09T13:56:17.8533846Z    Compiling futures-util v0.3.32
2026-10-09T13:56:19.7385053Z    Compiling nom v7.1.3
2026-10-09T13:56:21.0000686Z    Compiling itertools v0.14.0
2026-10-09T13:56:21.8712088Z    Compiling icu_properties v2.0.2
2026-10-09T13:56:22.9248983Z    Compiling icu_normalizer v2.0.1
2026-10-09T13:56:23.9871053Z    Compiling tracing-core v0.1.36
2026-10-09T13:56:24.6751692Z    Compiling tracing-attributes v0.1.31
2026-10-09T13:56:25.3185282Z    Compiling curve25519-dalek-derive v0.1.1
2026-10-09T13:56:25.5634349Z    Compiling signature v3.0.0
2026-10-09T13:56:25.5959244Z    Compiling unsigned-varint v0.8.0
2026-10-09T13:56:25.6734972Z    Compiling bytes v1.12.1
2026-10-09T13:56:26.2650406Z    Compiling data-encoding v2.10.0
2026-10-09T13:56:28.6073115Z    Compiling untrusted v0.9.0
2026-10-09T13:56:28.6456230Z    Compiling data-encoding-macro-internal v0.1.17
2026-10-09T13:56:28.7973695Z    Compiling ed25519 v3.0.0
2026-10-09T13:56:30.8752086Z    Compiling tracing v0.1.44
2026-10-09T13:56:31.0651636Z    Compiling prost-derive v0.14.3
2026-10-09T13:56:31.8997939Z    Compiling idna_adapter v1.2.1
2026-10-09T13:56:33.5635293Z    Compiling rusticata-macros v4.1.0
2026-10-09T13:56:33.6734735Z    Compiling futures-executor v0.3.32
2026-10-09T13:56:34.7657887Z    Compiling chacha20 v0.10.2
2026-10-09T13:56:34.9080945Z    Compiling sha2 v0.11.0
2026-10-09T13:56:36.1976206Z    Compiling hmac v0.13.0
2026-10-09T13:56:36.2673886Z    Compiling rustls-pki-types v1.14.0
2026-10-09T13:56:36.8147852Z    Compiling asn1-rs-impl v0.2.0
2026-10-09T13:56:36.9400310Z    Compiling asn1-rs-derive v0.6.0
2026-10-09T13:56:37.2960693Z    Compiling pin-project-internal v1.1.11
2026-10-09T13:56:37.8522064Z    Compiling match-lookup v0.1.2
2026-10-09T13:56:37.9678493Z    Compiling core2 v0.4.0
2026-10-09T13:56:38.0752413Z    Compiling percent-encoding v2.3.2
2026-10-09T13:56:38.1974194Z    Compiling const-str v0.4.3
2026-10-09T13:56:38.5490365Z    Compiling untrusted v0.7.1
2026-10-09T13:56:38.5864672Z    Compiling utf8_iter v1.0.4
2026-10-09T13:56:38.6434660Z    Compiling serde v1.0.228
2026-10-09T13:56:38.7330296Z    Compiling parking_lot_core v0.9.12
2026-10-09T13:56:38.8077479Z    Compiling idna v1.1.0
2026-10-09T13:56:40.4134681Z    Compiling base256emoji v1.0.2
2026-10-09T13:56:40.5086896Z    Compiling form_urlencoded v1.2.2
2026-10-09T13:56:40.6420284Z    Compiling multihash v0.19.3
2026-10-09T13:56:40.7168406Z    Compiling pin-project v1.1.11
2026-10-09T13:56:40.7401884Z    Compiling asn1-rs v0.7.1
2026-10-09T13:56:43.0252016Z    Compiling hkdf v0.13.0
2026-10-09T13:56:43.0689534Z    Compiling ed25519-dalek v3.0.0
2026-10-09T13:56:43.3016504Z    Compiling rand v0.10.2
2026-10-09T13:56:43.8250849Z    Compiling futures v0.3.32
2026-10-09T13:56:43.8465850Z    Compiling prost v0.14.3
2026-10-09T13:56:44.1848484Z    Compiling data-encoding-macro v0.1.19
2026-10-09T13:56:44.2054041Z    Compiling num-integer v0.1.46
2026-10-09T13:56:44.5168212Z    Compiling ring v0.17.14
2026-10-09T13:56:44.7242957Z    Compiling bs58 v0.5.1
2026-10-09T13:56:44.8412897Z    Compiling rustls v0.23.45
2026-10-09T13:56:44.8863418Z    Compiling oid-registry v0.8.1
2026-10-09T13:56:45.0114694Z    Compiling scopeguard v1.2.0
2026-10-09T13:56:45.0361182Z    Compiling static_assertions v1.1.0
2026-10-09T13:56:45.0553117Z    Compiling base-x v0.2.11
2026-10-09T13:56:45.1169084Z    Compiling multibase v0.9.2
2026-10-09T13:56:45.2211267Z    Compiling lock_api v0.4.14
2026-10-09T13:56:45.3481220Z    Compiling libp2p-identity v0.3.0
2026-10-09T13:56:54.1535577Z    Compiling num-bigint v0.4.6
2026-10-09T13:56:56.9042143Z    Compiling url v2.5.8
2026-10-09T13:56:59.2114025Z    Compiling getrandom v0.2.17
2026-10-09T13:56:59.3077936Z    Compiling arrayref v0.3.9
2026-10-09T13:56:59.3264872Z    Compiling zmij v1.0.21
2026-10-09T13:56:59.4002912Z    Compiling base64 v0.22.1
2026-10-09T13:56:59.6911278Z    Compiling byteorder v1.5.0
2026-10-09T13:56:59.8168193Z    Compiling multiaddr v0.19.0
2026-10-09T13:57:01.4643321Z    Compiling pem v3.0.6
2026-10-09T13:57:05.0978582Z    Compiling parking_lot v0.12.5
2026-10-09T13:57:05.7120931Z    Compiling der-parser v10.0.0
2026-10-09T13:57:07.1731476Z    Compiling rw-stream-sink v0.5.0
2026-10-09T13:57:07.2094522Z    Compiling multistream-select v0.14.0
2026-10-09T13:57:07.5872622Z    Compiling yasna v0.5.2
2026-10-09T13:57:08.6257116Z    Compiling serde_json v1.0.149
2026-10-09T13:57:08.6769050Z    Compiling fnv v1.0.7
2026-10-09T13:57:08.8135893Z    Compiling futures-timer v3.0.3
2026-10-09T13:57:09.3104004Z    Compiling lazy_static v1.5.0
2026-10-09T13:57:09.3349167Z    Compiling web-time v1.1.0
2026-10-09T13:57:09.3551713Z    Compiling libp2p-core v0.44.0
2026-10-09T13:57:10.8160014Z    Compiling x509-parser v0.18.1
2026-10-09T13:57:15.8750389Z    Compiling rcgen v0.13.2
2026-10-09T13:57:20.6987884Z    Compiling yasna v0.6.0
2026-10-09T13:57:29.1074353Z    Compiling rustls-webpki v0.103.15
2026-10-09T13:57:32.7498762Z    Compiling futures-rustls v0.26.0
2026-10-09T13:57:32.8722683Z    Compiling libp2p-tls v0.7.0 (/home/runner/work/telcoin-network/telcoin-network/testing/quic-handshake/generated/libp2p-tls)
2026-10-09T13:57:39.5628648Z    Compiling tn-quic-handshake-profile v0.1.0 (/home/runner/work/telcoin-network/telcoin-network/testing/quic-handshake)
2026-10-09T13:57:40.5640539Z     Finished `release` profile [optimized] target(s) in 1m 39s
2026-10-09T13:57:40.5791137Z ##[group]Run python3 -P testing/quic-handshake/run.py --samples 50 --output testing/quic-handshake/results/ci
2026-10-09T13:57:40.5791973Z [36;1mpython3 -P testing/quic-handshake/run.py --samples 50 --output testing/quic-handshake/results/ci[0m
2026-10-09T13:57:40.5852150Z shell: /usr/bin/bash -e {0}
2026-10-09T13:57:40.5852400Z env:
2026-10-09T13:57:40.5852588Z   CARGO_BUILD_JOBS: 2
2026-10-09T13:57:40.5853029Z   CARGO_TARGET_DIR: /home/runner/work/telcoin-network/telcoin-network/testing/quic-handshake/target
2026-10-09T13:57:40.5853511Z ##[endgroup]
2026-10-09T13:57:40.8901929Z default: 50 verified samples
2026-10-09T13:57:40.9784469Z reverse-server: 50 verified samples
2026-10-09T13:57:41.0824078Z reverse-client: 50 verified samples
2026-10-09T13:57:41.1682657Z x25519: 50 verified samples
2026-10-09T13:57:41.2555763Z p256: 50 verified samples
2026-10-09T13:57:41.3592794Z p384: 50 verified samples
2026-10-09T13:57:41.4478234Z hybrid: 50 verified samples
2026-10-09T13:57:41.5055145Z reconnect: 50 verified samples
2026-10-09T13:57:41.5456174Z incompatible: 50 verified samples
2026-10-09T13:57:41.6013274Z wrong-peer: 50 verified samples
2026-10-09T13:57:41.6439620Z kx-x25519: 50 verified samples
2026-10-09T13:57:41.6891774Z kx-p256: 50 verified samples
2026-10-09T13:57:41.7503487Z kx-p384: 50 verified samples
2026-10-09T13:57:41.7950444Z kx-hybrid: 50 verified samples
2026-10-09T13:57:41.7959892Z /home/runner/work/telcoin-network/telcoin-network/testing/quic-handshake/results/ci/report.json
2026-10-09T13:57:41.8112451Z ##[group]Run actions/upload-artifact@v4
2026-10-09T13:57:41.8112749Z with:
2026-10-09T13:57:41.8112955Z   name: quic-handshake-profile
2026-10-09T13:57:41.8113221Z   path: testing/quic-handshake/results/ci
2026-10-09T13:57:41.8113492Z   if-no-files-found: warn
2026-10-09T13:57:41.8113714Z   compression-level: 6
2026-10-09T13:57:41.8113925Z   overwrite: false
2026-10-09T13:57:41.8114135Z   include-hidden-files: false
2026-10-09T13:57:41.8114359Z env:
2026-10-09T13:57:41.8114537Z   CARGO_BUILD_JOBS: 2
2026-10-09T13:57:41.8114958Z   CARGO_TARGET_DIR: /home/runner/work/telcoin-network/telcoin-network/testing/quic-handshake/target
2026-10-09T13:57:41.8115427Z ##[endgroup]
2026-10-09T13:57:41.9753789Z (node:12111) [DEP0040] DeprecationWarning: The `punycode` module is deprecated. Please use a userland alternative instead.
2026-10-09T13:57:41.9754804Z (Use `node --trace-deprecation ...` to show where the warning was created)
2026-10-09T13:57:41.9827992Z With the provided path, there will be 15 files uploaded
2026-10-09T13:57:41.9833079Z Artifact name is valid!
2026-10-09T13:57:41.9833872Z Root directory input is valid!
2026-10-09T13:57:42.2021355Z Beginning upload of artifact content to blob storage
2026-10-09T13:57:42.2405405Z (node:12111) [DEP0169] DeprecationWarning: `url.parse()` behavior is not standardized and prone to errors that have security implications. Use the WHATWG URL API instead. CVEs are not issued for `url.parse()` vulnerabilities.
2026-10-09T13:57:42.2679464Z Uploaded bytes 23523
2026-10-09T13:57:42.2842033Z Finished uploading artifact content to blob storage!
2026-10-09T13:57:42.2842872Z SHA256 digest of uploaded artifact zip is 9405c4967090485882cd85d8dbd62415f57d6583b55058f71f76ed8793624e53
2026-10-09T13:57:42.2844653Z Finalizing artifact upload
2026-10-09T13:57:42.5043426Z Artifact quic-handshake-profile.zip successfully finalized. Artifact ID 11621002832
2026-10-09T13:57:42.5045497Z Artifact quic-handshake-profile has been successfully uploaded! Final size is 23523 bytes. Artifact ID is 11621002832
2026-10-09T13:57:42.5052826Z Artifact download URL: https://github.com/Telcoin-Association/telcoin-network/actions/runs/37940184188/artifacts/11621002832
2026-10-09T13:57:42.5270313Z Post job cleanup.
2026-10-09T13:57:42.6102287Z [command]/usr/bin/git version
2026-10-09T13:57:42.6138655Z git version 2.55.0
2026-10-09T13:57:42.6175367Z Temporarily overriding HOME='/home/runner/work/_temp/5bc38e26-3273-4eb5-a51a-45f1dabd29f9' before making global git config changes
2026-10-09T13:57:42.6176778Z Adding repository directory to the temporary git global config as a safe directory
2026-10-09T13:57:42.6181545Z [command]/usr/bin/git config --global --add safe.directory /home/runner/work/telcoin-network/telcoin-network
2026-10-09T13:57:42.6217077Z [command]/usr/bin/git config --local --name-only --get-regexp core\.sshCommand
2026-10-09T13:57:42.6248216Z [command]/usr/bin/git submodule foreach --recursive sh -c "git config --local --name-only --get-regexp 'core\.sshCommand' && git config --local --unset-all 'core.sshCommand' || :"
2026-10-09T13:57:42.6474696Z [command]/usr/bin/git config --local --name-only --get-regexp http\.https\:\/\/github\.com\/\.extraheader
2026-10-09T13:57:42.6501875Z http.https://github.com/.extraheader
2026-10-09T13:57:42.6511574Z [command]/usr/bin/git config --local --unset-all http.https://github.com/.extraheader
2026-10-09T13:57:42.6544269Z [command]/usr/bin/git submodule foreach --recursive sh -c "git config --local --name-only --get-regexp 'http\.https\:\/\/github\.com\/\.extraheader' && git config --local --unset-all 'http.https://github.com/.extraheader' || :"
2026-10-09T13:57:42.6759075Z [command]/usr/bin/git config --local --name-only --get-regexp ^includeIf\.gitdir:
2026-10-09T13:57:42.6788173Z [command]/usr/bin/git submodule foreach --recursive git config --local --show-origin --name-only --get-regexp remote.origin.url
2026-10-09T13:57:42.7133195Z Cleaning up orphan processes
2026-10-09T13:57:42.7525278Z ##[warning]Node.js 20 is deprecated. The following actions target Node.js 20 but are being forced to run on Node.js 24: actions/checkout@v4, actions/upload-artifact@v4. For more information see: https://github.blog/changelog/2025-09-19-deprecation-of-node-20-on-github-actions-runners/
