2026-10-09T15:52:05.4480349Z Current runner version: '2.337.0'
2026-10-09T15:52:05.4514542Z ##[group]Runner Image Provisioner
2026-10-09T15:52:05.4515774Z Hosted Compute Agent
2026-10-09T15:52:05.4516410Z Version: 20261002.596
2026-10-09T15:52:05.4517290Z Commit: c3d12f3313a95f25162a1503be624f3b0617f8c0
2026-10-09T15:52:05.4518070Z Build Date: 2026-10-02T22:28:27Z
2026-10-09T15:52:05.4518858Z Worker ID: {992c4d43-cb2d-4157-aa65-40d1acb4b0ed}
2026-10-09T15:52:05.4519687Z Region: centralus
2026-10-09T15:52:05.4520267Z Cloud: Azure
2026-10-09T15:52:05.4520909Z ##[endgroup]
2026-10-09T15:52:05.4522902Z ##[group]Operating System
2026-10-09T15:52:05.4523864Z Ubuntu
2026-10-09T15:52:05.4524630Z 24.04.5
2026-10-09T15:52:05.4525151Z LTS
2026-10-09T15:52:05.4525713Z ##[endgroup]
2026-10-09T15:52:05.4526331Z ##[group]Runner Image
2026-10-09T15:52:05.4526977Z Image: ubuntu-24.04-arm
2026-10-09T15:52:05.4528026Z Version: 20261004.142.1
2026-10-09T15:52:05.4529486Z Included Software: https://github.com/actions/runner-images/blob/ubuntu24-arm64/20261004.142/images/ubuntu/Ubuntu2404-Arm64-Readme.md
2026-10-09T15:52:05.4531245Z Image Release: https://github.com/actions/runner-images/releases/tag/ubuntu24-arm64%2F20261004.142
2026-10-09T15:52:05.4532209Z ##[endgroup]
2026-10-09T15:52:05.4533420Z ##[group]GITHUB_TOKEN Permissions
2026-10-09T15:52:05.4536796Z Contents: read
2026-10-09T15:52:05.4537575Z Metadata: read
2026-10-09T15:52:05.4538201Z ##[endgroup]
2026-10-09T15:52:05.4541324Z Secret source: Actions
2026-10-09T15:52:05.4542377Z Cache mode: write
2026-10-09T15:52:05.4543347Z Prepare workflow directory
2026-10-09T15:52:05.5019737Z Prepare all required actions
2026-10-09T15:52:05.5072189Z Getting action download info
2026-10-09T15:52:05.7806379Z Download action repository 'actions/checkout@3d3c42e5aac5ba805825da76410c181273ba90b1' (SHA:3d3c42e5aac5ba805825da76410c181273ba90b1)
2026-10-09T15:52:05.8844044Z Download action repository 'actions/download-artifact@3e5f45b2cfb9172054b4087a40e8e0b5a5461e7c' (SHA:3e5f45b2cfb9172054b4087a40e8e0b5a5461e7c)
2026-10-09T15:52:06.3672712Z Download action repository 'actions/upload-artifact@043fb46d1a93c77aae656e7c1c64a875d1fc6a0a' (SHA:043fb46d1a93c77aae656e7c1c64a875d1fc6a0a)
2026-10-09T15:52:06.5560588Z Uses: Telcoin-Association/telcoin-network/.github/workflows/hub-capacity-manual.yaml@refs/heads/feat/1476-public-hub-capacity (ca02e454b4f2fa5f5e1a47db8e346fb1bec00666)
2026-10-09T15:52:06.5566558Z ##[group] Inputs
2026-10-09T15:52:06.5567776Z   hub_capacity: true
2026-10-09T15:52:06.5568439Z   sync_mode: durable
2026-10-09T15:52:06.5569202Z ##[endgroup]
2026-10-09T15:52:06.5570080Z Complete job name: Manual hub capacity qualification / Manual hub capacity live qualification
2026-10-09T15:52:06.6411690Z ##[group]Run actions/checkout@3d3c42e5aac5ba805825da76410c181273ba90b1
2026-10-09T15:52:06.6413308Z with:
2026-10-09T15:52:06.6414195Z   fetch-depth: 0
2026-10-09T15:52:06.6414846Z   ref: ca02e454b4f2fa5f5e1a47db8e346fb1bec00666
2026-10-09T15:52:06.6415757Z   repository: Telcoin-Association/telcoin-network
2026-10-09T15:52:06.6419724Z   token: ***
2026-10-09T15:52:06.6420409Z   ssh-strict: true
2026-10-09T15:52:06.6420991Z   ssh-user: git
2026-10-09T15:52:06.6421557Z   persist-credentials: true
2026-10-09T15:52:06.6422257Z   clean: true
2026-10-09T15:52:06.6422848Z   sparse-checkout-cone-mode: true
2026-10-09T15:52:06.6423576Z   fetch-tags: false
2026-10-09T15:52:06.6424509Z   show-progress: true
2026-10-09T15:52:06.6425083Z   lfs: false
2026-10-09T15:52:06.6425700Z   submodules: false
2026-10-09T15:52:06.6426307Z   set-safe-directory: true
2026-10-09T15:52:06.6427045Z   allow-unsafe-pr-checkout: false
2026-10-09T15:52:06.6428250Z env:
2026-10-09T15:52:06.6429042Z   CARGO_INCREMENTAL: 0
2026-10-09T15:52:06.6429780Z   RUSTFLAGS: -D warnings -D unused_extern_crates
2026-10-09T15:52:06.6430544Z   CARGO_TERM_COLOR: always
2026-10-09T15:52:06.6431224Z   RUST_BACKTRACE: 1
2026-10-09T15:52:06.6431808Z   CARGO_PROFILE_DEV_DEBUG: 0
2026-10-09T15:52:06.6432433Z   CARGO_PROFILE_TEST_DEBUG: 0
2026-10-09T15:52:06.6433151Z ##[endgroup]
2026-10-09T15:52:06.7316405Z Syncing repository: Telcoin-Association/telcoin-network
2026-10-09T15:52:06.7318923Z ##[group]Getting Git version info
2026-10-09T15:52:06.7320140Z Working directory is '/home/runner/work/telcoin-network/telcoin-network'
2026-10-09T15:52:06.7321660Z [command]/usr/bin/git version
2026-10-09T15:52:06.7385921Z git version 2.55.0
2026-10-09T15:52:06.7404802Z ##[endgroup]
2026-10-09T15:52:06.7416537Z Temporarily overriding HOME='/home/runner/work/_temp/a963e8ff-f7ce-446e-a39f-718c92ff201f' before making global git config changes
2026-10-09T15:52:06.7418101Z Adding repository directory to the temporary git global config as a safe directory
2026-10-09T15:52:06.7420809Z [command]/usr/bin/git config --global --add safe.directory /home/runner/work/telcoin-network/telcoin-network
2026-10-09T15:52:06.7454018Z Deleting the contents of '/home/runner/work/telcoin-network/telcoin-network'
2026-10-09T15:52:06.7458749Z ##[group]Determining repository object format
2026-10-09T15:52:06.7460381Z ##[endgroup]
2026-10-09T15:52:06.7461537Z ##[group]Initializing the repository
2026-10-09T15:52:06.7464762Z [command]/usr/bin/git init /home/runner/work/telcoin-network/telcoin-network
2026-10-09T15:52:06.7579410Z hint: Using 'master' as the name for the initial branch. This default branch name
2026-10-09T15:52:06.7580624Z hint: will change to "main" in Git 3.0. To configure the initial branch name
2026-10-09T15:52:06.7581840Z hint: to use in all of your new repositories, which will suppress this warning,
2026-10-09T15:52:06.7582823Z hint: call:
2026-10-09T15:52:06.7583348Z hint:
2026-10-09T15:52:06.7584452Z hint: 	git config --global init.defaultBranch <name>
2026-10-09T15:52:06.7585247Z hint:
2026-10-09T15:52:06.7586077Z hint: Names commonly chosen instead of 'master' are 'main', 'trunk' and
2026-10-09T15:52:06.7587215Z hint: 'development'. The just-created branch can be renamed via this command:
2026-10-09T15:52:06.7588164Z hint:
2026-10-09T15:52:06.7588778Z hint: 	git branch -m <name>
2026-10-09T15:52:06.7589380Z hint:
2026-10-09T15:52:06.7590269Z hint: Disable this message with "git config set advice.defaultBranchName false"
2026-10-09T15:52:06.7592077Z Initialized empty Git repository in /home/runner/work/telcoin-network/telcoin-network/.git/
2026-10-09T15:52:06.7595375Z [command]/usr/bin/git remote add origin https://github.com/Telcoin-Association/telcoin-network
2026-10-09T15:52:06.7641039Z ##[endgroup]
2026-10-09T15:52:06.7642058Z ##[group]Disabling automatic garbage collection
2026-10-09T15:52:06.7644001Z [command]/usr/bin/git config --local gc.auto 0
2026-10-09T15:52:06.7678978Z ##[endgroup]
2026-10-09T15:52:06.7680395Z ##[group]Setting up auth
2026-10-09T15:52:06.7681686Z Removing SSH command configuration
2026-10-09T15:52:06.7684107Z [command]/usr/bin/git config --local --name-only --get-regexp core\.sshCommand
2026-10-09T15:52:06.7717841Z [command]/usr/bin/git submodule foreach --recursive sh -c "git config --local --name-only --get-regexp 'core\.sshCommand' && git config --local --unset-all 'core.sshCommand' || :"
2026-10-09T15:52:06.8044011Z Removing HTTP extra header
2026-10-09T15:52:06.8049532Z [command]/usr/bin/git config --local --name-only --get-regexp http\.https\:\/\/github\.com\/\.extraheader
2026-10-09T15:52:06.8078768Z [command]/usr/bin/git submodule foreach --recursive sh -c "git config --local --name-only --get-regexp 'http\.https\:\/\/github\.com\/\.extraheader' && git config --local --unset-all 'http.https://github.com/.extraheader' || :"
2026-10-09T15:52:06.8278169Z Removing includeIf entries pointing to credentials config files
2026-10-09T15:52:06.8279417Z [command]/usr/bin/git config --local --name-only --get-regexp ^includeIf\.gitdir:
2026-10-09T15:52:06.8305920Z [command]/usr/bin/git submodule foreach --recursive git config --local --show-origin --name-only --get-regexp remote.origin.url
2026-10-09T15:52:06.8502231Z [command]/usr/bin/git config --file /home/runner/work/_temp/git-credentials-e721ada0-8bb5-4237-b89d-02f4b9e7e32c.config http.https://github.com/.extraheader AUTHORIZATION: basic ***
2026-10-09T15:52:06.8541726Z [command]/usr/bin/git config --local includeIf.gitdir:/home/runner/work/telcoin-network/telcoin-network/.git.path /home/runner/work/_temp/git-credentials-e721ada0-8bb5-4237-b89d-02f4b9e7e32c.config
2026-10-09T15:52:06.8575221Z [command]/usr/bin/git config --local includeIf.gitdir:/home/runner/work/telcoin-network/telcoin-network/.git/worktrees/*.path /home/runner/work/_temp/git-credentials-e721ada0-8bb5-4237-b89d-02f4b9e7e32c.config
2026-10-09T15:52:06.8607480Z [command]/usr/bin/git config --local includeIf.gitdir:/github/workspace/.git.path /github/runner_temp/git-credentials-e721ada0-8bb5-4237-b89d-02f4b9e7e32c.config
2026-10-09T15:52:06.8640353Z [command]/usr/bin/git config --local includeIf.gitdir:/github/workspace/.git/worktrees/*.path /github/runner_temp/git-credentials-e721ada0-8bb5-4237-b89d-02f4b9e7e32c.config
2026-10-09T15:52:06.8670542Z ##[endgroup]
2026-10-09T15:52:06.8671683Z ##[group]Fetching the repository
2026-10-09T15:52:06.8676835Z [command]/usr/bin/git -c protocol.version=2 fetch --no-tags --prune --no-recurse-submodules origin +refs/heads/*:refs/remotes/origin/* +refs/tags/*:refs/tags/*
2026-10-09T15:52:08.9132962Z From https://github.com/Telcoin-Association/telcoin-network
2026-10-09T15:52:08.9134223Z  * [new branch]        1080-write-bounded-pack-remove-file-errors -> origin/1080-write-bounded-pack-remove-file-errors
2026-10-09T15:52:08.9135471Z  * [new branch]        1082-epoch-poll-check-before-sleep -> origin/1082-epoch-poll-check-before-sleep
2026-10-09T15:52:08.9136465Z  * [new branch]        500-epoch-record-validator-ejection -> origin/500-epoch-record-validator-ejection
2026-10-09T15:52:08.9137502Z  * [new branch]        744-recover-partial-get-closest-peers-results -> origin/744-recover-partial-get-closest-peers-results
2026-10-09T15:52:08.9138574Z  * [new branch]        adiri-deployment        -> origin/adiri-deployment
2026-10-09T15:52:08.9139270Z  * [new branch]        arm-adiri-fork-schedules -> origin/arm-adiri-fork-schedules
2026-10-09T15:52:08.9140056Z  * [new branch]        atomic-gc-round         -> origin/atomic-gc-round
2026-10-09T15:52:08.9140896Z  * [new branch]        backup/impl/payload-attr-consensus-output -> origin/backup/impl/payload-attr-consensus-output
2026-10-09T15:52:08.9141666Z  * [new branch]        basefees                -> origin/basefees
2026-10-09T15:52:08.9142397Z  * [new branch]        cantina-1045            -> origin/cantina-1045
2026-10-09T15:52:08.9142990Z  * [new branch]        cantina-1045-2          -> origin/cantina-1045-2
2026-10-09T15:52:08.9144797Z  * [new branch]        cantina-1075            -> origin/cantina-1075
2026-10-09T15:52:08.9145899Z  * [new branch]        cantina-1095            -> origin/cantina-1095
2026-10-09T15:52:08.9146677Z  * [new branch]        cantina-1134            -> origin/cantina-1134
2026-10-09T15:52:08.9147521Z  * [new branch]        cantina-174-gas-limit-dos-backup -> origin/cantina-174-gas-limit-dos-backup
2026-10-09T15:52:08.9148428Z  * [new branch]        cantina-244-precursor-kad-pull-records -> origin/cantina-244-precursor-kad-pull-records
2026-10-09T15:52:08.9149389Z  * [new branch]        cantina-310             -> origin/cantina-310
2026-10-09T15:52:08.9149979Z  * [new branch]        cantina-340             -> origin/cantina-340
2026-10-09T15:52:08.9150608Z  * [new branch]        cantina-473             -> origin/cantina-473
2026-10-09T15:52:08.9151222Z  * [new branch]        cantina-680             -> origin/cantina-680
2026-10-09T15:52:08.9151788Z  * [new branch]        cantina-805             -> origin/cantina-805
2026-10-09T15:52:08.9152370Z  * [new branch]        cantina-806             -> origin/cantina-806
2026-10-09T15:52:08.9153042Z  * [new branch]        cantina-835             -> origin/cantina-835
2026-10-09T15:52:08.9153880Z  * [new branch]        cantina-920             -> origin/cantina-920
2026-10-09T15:52:08.9154641Z  * [new branch]        cantina-927             -> origin/cantina-927
2026-10-09T15:52:08.9155288Z  * [new branch]        cantina-967             -> origin/cantina-967
2026-10-09T15:52:08.9156139Z  * [new branch]        cantina-970             -> origin/cantina-970
2026-10-09T15:52:08.9156852Z  * [new branch]        cathup-accumulator-rewards-backup -> origin/cathup-accumulator-rewards-backup
2026-10-09T15:52:08.9158008Z  * [new branch]        ci/1338-empty-batch-regressions -> origin/ci/1338-empty-batch-regressions
2026-10-09T15:52:08.9158910Z  * [new branch]        ci/1344-merge-validation -> origin/ci/1344-merge-validation
2026-10-09T15:52:08.9159550Z  * [new branch]        ci/1484-grace-validation -> origin/ci/1484-grace-validation
2026-10-09T15:52:08.9160280Z  * [new branch]        ci/1487-reconciliation-validation -> origin/ci/1487-reconciliation-validation
2026-10-09T15:52:08.9161197Z  * [new branch]        ci/1488-hub-join-validation -> origin/ci/1488-hub-join-validation
2026-10-09T15:52:08.9161874Z  * [new branch]        ci/1505-worker-rpc-lints -> origin/ci/1505-worker-rpc-lints
2026-10-09T15:52:08.9162614Z  * [new branch]        ci/1505-worker-rpc-validation -> origin/ci/1505-worker-rpc-validation
2026-10-09T15:52:08.9163362Z  * [new branch]        ci/1506-worker-admission-checks -> origin/ci/1506-worker-admission-checks
2026-10-09T15:52:08.9164321Z  * [new branch]        ci/1506-worker-admission-validation -> origin/ci/1506-worker-admission-validation
2026-10-09T15:52:08.9165150Z  * [new branch]        ci/1508-worker-state-lint -> origin/ci/1508-worker-state-lint
2026-10-09T15:52:08.9165840Z  * [new branch]        ci/1508-worker-state-validation -> origin/ci/1508-worker-state-validation
2026-10-09T15:52:08.9166598Z  * [new branch]        ci/sigkill-1510-recovery -> origin/ci/sigkill-1510-recovery
2026-10-09T15:52:08.9167270Z  * [new branch]        consensus-pack-error    -> origin/consensus-pack-error
2026-10-09T15:52:08.9170394Z  * [new branch]        consensus-registry-update-genesis-workaround -> origin/consensus-registry-update-genesis-workaround
2026-10-09T15:52:08.9171499Z  * [new branch]        consensus_header_digest -> origin/consensus_header_digest
2026-10-09T15:52:08.9172377Z  * [new branch]        dependabot/github_actions/actions-202ea8dff3 -> origin/dependabot/github_actions/actions-202ea8dff3
2026-10-09T15:52:08.9173304Z  * [new branch]        deploy-observer-fix-1-adiri-v0.5.1 -> origin/deploy-observer-fix-1-adiri-v0.5.1
2026-10-09T15:52:08.9174258Z  * [new branch]        devnet-bench-10-5-2026  -> origin/devnet-bench-10-5-2026
2026-10-09T15:52:08.9174934Z  * [new branch]        devnet-registry-fork-rehearsal -> origin/devnet-registry-fork-rehearsal
2026-10-09T15:52:08.9175751Z  * [new branch]        diagrams                -> origin/diagrams
2026-10-09T15:52:08.9176654Z  * [new branch]        discover-validators-peer-manager -> origin/discover-validators-peer-manager
2026-10-09T15:52:08.9177475Z  * [new branch]        doc-observer            -> origin/doc-observer
2026-10-09T15:52:08.9178079Z  * [new branch]        dockerfile-updates      -> origin/dockerfile-updates
2026-10-09T15:52:08.9178691Z  * [new branch]        epoch-boundary-procs    -> origin/epoch-boundary-procs
2026-10-09T15:52:08.9179469Z  * [new branch]        epoch-boundary-test-updates -> origin/epoch-boundary-test-updates
2026-10-09T15:52:08.9180162Z  * [new branch]        epoch-open-vote-delivery -> origin/epoch-open-vote-delivery
2026-10-09T15:52:08.9180814Z  * [new branch]        exex-startup            -> origin/exex-startup
2026-10-09T15:52:08.9181398Z  * [new branch]        fast-commit-rule        -> origin/fast-commit-rule
2026-10-09T15:52:08.9182035Z  * [new branch]        feat/1476-public-hub-capacity -> origin/feat/1476-public-hub-capacity
2026-10-09T15:52:08.9182846Z  * [new branch]        feat/1485-peer-policy-reload -> origin/feat/1485-peer-policy-reload
2026-10-09T15:52:08.9183515Z  * [new branch]        feat/contracts-update   -> origin/feat/contracts-update
2026-10-09T15:52:08.9184592Z  * [new branch]        feat/include-el-state-in-primary-header -> origin/feat/include-el-state-in-primary-header
2026-10-09T15:52:08.9185408Z  * [new branch]        feat/node-record-reader-1411 -> origin/feat/node-record-reader-1411
2026-10-09T15:52:08.9186362Z  * [new branch]        feat/remove-unused-deps -> origin/feat/remove-unused-deps
2026-10-09T15:52:08.9187050Z  * [new branch]        feat/rpc-forward-txs    -> origin/feat/rpc-forward-txs
2026-10-09T15:52:08.9187779Z  * [new branch]        feat/validate-primary-header-el-data -> origin/feat/validate-primary-header-el-data
2026-10-09T15:52:08.9188595Z  * [new branch]        feat/worker-block-builder -> origin/feat/worker-block-builder
2026-10-09T15:52:08.9189329Z  * [new branch]        feat/worker-config-system-bindings -> origin/feat/worker-config-system-bindings
2026-10-09T15:52:08.9190309Z  * [new branch]        feat/worker-gateway-production-readiness -> origin/feat/worker-gateway-production-readiness
2026-10-09T15:52:08.9191858Z  * [new branch]        fix/1191-strict-commit-timestamp -> origin/fix/1191-strict-commit-timestamp
2026-10-09T15:52:08.9192641Z  * [new branch]        fix/1334-self-authorized-delegation -> origin/fix/1334-self-authorized-delegation
2026-10-09T15:52:08.9193501Z  * [new branch]        fix/1377-residual-duplicate-amplification -> origin/fix/1377-residual-duplicate-amplification
2026-10-09T15:52:08.9194671Z  * [new branch]        fix/1460-worker-regrow-base-fee -> origin/fix/1460-worker-regrow-base-fee
2026-10-09T15:52:08.9195388Z  * [new branch]        fix/1464-peer-policy    -> origin/fix/1464-peer-policy
2026-10-09T15:52:08.9196179Z  * [new branch]        fix/1467-validated-source-accounting -> origin/fix/1467-validated-source-accounting
2026-10-09T15:52:08.9196993Z  * [new branch]        fix/1473-trusted-peer-connections -> origin/fix/1473-trusted-peer-connections
2026-10-09T15:52:08.9197842Z  * [new branch]        fix/1474-committee-record-refresh -> origin/fix/1474-committee-record-refresh
2026-10-09T15:52:08.9198735Z  * [new branch]        fix/1475-peer-admission-ban-lifecycle -> origin/fix/1475-peer-admission-ban-lifecycle
2026-10-09T15:52:08.9199640Z  * [new branch]        fix/1478-dao-observer-reservations -> origin/fix/1478-dao-observer-reservations
2026-10-09T15:52:08.9200493Z  * [new branch]        fix/1479-stale-committee-mappings -> origin/fix/1479-stale-committee-mappings
2026-10-09T15:52:08.9201207Z  * [new branch]        fix/1480-closed-admission -> origin/fix/1480-closed-admission
2026-10-09T15:52:08.9201848Z  * [new branch]        fix/1481-closed-discovery -> origin/fix/1481-closed-discovery
2026-10-09T15:52:08.9202616Z  * [new branch]        fix/1482-admitted-collateral-bans -> origin/fix/1482-admitted-collateral-bans
2026-10-09T15:52:08.9204233Z  * [new branch]        fix/1483-peer-exchange-backoff -> origin/fix/1483-peer-exchange-backoff
2026-10-09T15:52:08.9205212Z  * [new branch]        fix/1484-committee-grace -> origin/fix/1484-committee-grace
2026-10-09T15:52:08.9206011Z  * [new branch]        fix/1486-explicit-peer-reconciliation -> origin/fix/1486-explicit-peer-reconciliation
2026-10-09T15:52:08.9206835Z  * [new branch]        fix/1487-live-admission-reconciliation -> origin/fix/1487-live-admission-reconciliation
2026-10-09T15:52:08.9207787Z  * [new branch]        fix/1505-worker-rpc-rebind -> origin/fix/1505-worker-rpc-rebind
2026-10-09T15:52:08.9208554Z  * [new branch]        fix/1506-close-removed-worker-admission -> origin/fix/1506-close-removed-worker-admission
2026-10-09T15:52:08.9209433Z  * [new branch]        fix/1507-retired-worker-pool -> origin/fix/1507-retired-worker-pool
2026-10-09T15:52:08.9210186Z  * [new branch]        fix/1508-worker-state-api -> origin/fix/1508-worker-state-api
2026-10-09T15:52:08.9210909Z  * [new branch]        fix/1511-txn-histogram-buckets -> origin/fix/1511-txn-histogram-buckets
2026-10-09T15:52:08.9211779Z  * [new branch]        fix/1512-mainnet-six-hour-epochs -> origin/fix/1512-mainnet-six-hour-epochs
2026-10-09T15:52:08.9212552Z  * [new branch]        fix/1513-inactive-rejoin-under-load -> origin/fix/1513-inactive-rejoin-under-load
2026-10-09T15:52:08.9213342Z  * [new branch]        fix/1515-report-batch-dedupe -> origin/fix/1515-report-batch-dedupe
2026-10-09T15:52:08.9214648Z  * [new branch]        fix/1530-certifier-republish-barrier -> origin/fix/1530-certifier-republish-barrier
2026-10-09T15:52:08.9215418Z  * [new branch]        fix/1554-epoch-fee-simulations -> origin/fix/1554-epoch-fee-simulations
2026-10-09T15:52:08.9216440Z  * [new branch]        fix/delegation-digest-deadline -> origin/fix/delegation-digest-deadline
2026-10-09T15:52:08.9217277Z  * [new branch]        fix/devnet-prefork-registry-v0.12.1 -> origin/fix/devnet-prefork-registry-v0.12.1
2026-10-09T15:52:08.9218100Z  * [new branch]        fix/eip7702-gas-penalty-numerator -> origin/fix/eip7702-gas-penalty-numerator
2026-10-09T15:52:08.9218853Z  * [new branch]        fix/epoch-restart-recovery -> origin/fix/epoch-restart-recovery
2026-10-09T15:52:08.9219594Z  * [new branch]        fix/inactive-validator-rpc-admission -> origin/fix/inactive-validator-rpc-admission
2026-10-09T15:52:08.9220513Z  * [new branch]        fix/libp2p-lazy-protocol-negotiation -> origin/fix/libp2p-lazy-protocol-negotiation
2026-10-09T15:52:08.9221279Z  * [new branch]        fix/memory-leak-remediation -> origin/fix/memory-leak-remediation
2026-10-09T15:52:08.9222158Z  * [new branch]        fix/memory-leak-remediation-full-rebased -> origin/fix/memory-leak-remediation-full-rebased
2026-10-09T15:52:08.9223030Z  * [new branch]        fix/sentry-03-keep-own-record-fresh -> origin/fix/sentry-03-keep-own-record-fresh
2026-10-09T15:52:08.9223872Z  * [new branch]        harden-epoch-voting     -> origin/harden-epoch-voting
2026-10-09T15:52:08.9224567Z  * [new branch]        header_clone            -> origin/header_clone
2026-10-09T15:52:08.9225126Z  * [new branch]        health-check            -> origin/health-check
2026-10-09T15:52:08.9225799Z  * [new branch]        hotfix/adiri-epoch-cert-recovery -> origin/hotfix/adiri-epoch-cert-recovery
2026-10-09T15:52:08.9226486Z  * [new branch]        issue-214               -> origin/issue-214
2026-10-09T15:52:08.9227060Z  * [new branch]        issue-297               -> origin/issue-297
2026-10-09T15:52:08.9227653Z  * [new branch]        issue-384               -> origin/issue-384
2026-10-09T15:52:08.9228184Z  * [new branch]        issue-384-2             -> origin/issue-384-2
2026-10-09T15:52:08.9229121Z  * [new branch]        issue-384-3             -> origin/issue-384-3
2026-10-09T15:52:08.9229811Z  * [new branch]        issue-506-6             -> origin/issue-506-6
2026-10-09T15:52:08.9230402Z  * [new branch]        issue-634-alt-eyre      -> origin/issue-634-alt-eyre
2026-10-09T15:52:08.9231195Z  * [new branch]        issue-713               -> origin/issue-713
2026-10-09T15:52:08.9232082Z  * [new branch]        kad-records-republish-update -> origin/kad-records-republish-update
2026-10-09T15:52:08.9232775Z  * [new branch]        libp2p-stream           -> origin/libp2p-stream
2026-10-09T15:52:08.9233404Z  * [new branch]        libp2p-stream-2         -> origin/libp2p-stream-2
2026-10-09T15:52:08.9234386Z  * [new branch]        local-consensus-registry-fork-test -> origin/local-consensus-registry-fork-test
2026-10-09T15:52:08.9235113Z  * [new branch]        log_db_name             -> origin/log_db_name
2026-10-09T15:52:08.9235633Z  * [new branch]        main                    -> origin/main
2026-10-09T15:52:08.9236170Z  * [new branch]        network-keypair-swap    -> origin/network-keypair-swap
2026-10-09T15:52:08.9236851Z  * [new branch]        network/peer-exchange   -> origin/network/peer-exchange
2026-10-09T15:52:08.9237460Z  * [new branch]        obs-catchup             -> origin/obs-catchup
2026-10-09T15:52:08.9238031Z  * [new branch]        observer-fix1           -> origin/observer-fix1
2026-10-09T15:52:08.9238699Z  * [new branch]        pack-iter-version-check -> origin/pack-iter-version-check
2026-10-09T15:52:08.9239309Z  * [new branch]        pack_out_bytes1         -> origin/pack_out_bytes1
2026-10-09T15:52:08.9239941Z  * [new branch]        patch-dedup-batch-fork  -> origin/patch-dedup-batch-fork
2026-10-09T15:52:08.9240700Z  * [new branch]        patch-p2p-bcs-decode-missing-byte -> origin/patch-p2p-bcs-decode-missing-byte
2026-10-09T15:52:08.9241731Z  * [new branch]        patch/local-chain-id    -> origin/patch/local-chain-id
2026-10-09T15:52:08.9242352Z  * [new branch]        patch/pending-faucet-txs -> origin/patch/pending-faucet-txs
2026-10-09T15:52:08.9242969Z  * [new branch]        peer-manager-cleanup    -> origin/peer-manager-cleanup
2026-10-09T15:52:08.9243894Z  * [new branch]        pending-block           -> origin/pending-block
2026-10-09T15:52:08.9244759Z  * [new branch]        pin-epoch-boundary      -> origin/pin-epoch-boundary
2026-10-09T15:52:08.9245376Z  * [new branch]        precursor-cantina-1045  -> origin/precursor-cantina-1045
2026-10-09T15:52:08.9246112Z  * [new branch]        precursor-cantina-970   -> origin/precursor-cantina-970
2026-10-09T15:52:08.9246775Z  * [new branch]        primary-network-manager -> origin/primary-network-manager
2026-10-09T15:52:08.9247534Z  * [new branch]        refactor/1456-fork-active-at -> origin/refactor/1456-fork-active-at
2026-10-09T15:52:08.9248197Z  * [new branch]        refactor/block-builder  -> origin/refactor/block-builder
2026-10-09T15:52:08.9248953Z  * [new branch]        refactor/block-builder-with-pool-maintenance -> origin/refactor/block-builder-with-pool-maintenance
2026-10-09T15:52:08.9249799Z  * [new branch]        refactor/certifier      -> origin/refactor/certifier
2026-10-09T15:52:08.9250413Z  * [new branch]        refactor/inner-node-network -> origin/refactor/inner-node-network
2026-10-09T15:52:08.9251211Z  * [new branch]        refactor/inner-node-network-workers -> origin/refactor/inner-node-network-workers
2026-10-09T15:52:08.9252118Z  * [new branch]        refactor/primary-certificate-fetcher -> origin/refactor/primary-certificate-fetcher
2026-10-09T15:52:08.9253202Z  * [new branch]        refactor/synchronizer   -> origin/refactor/synchronizer
2026-10-09T15:52:08.9254145Z  * [new branch]        releases-infra          -> origin/releases-infra
2026-10-09T15:52:08.9254832Z  * [new branch]        rename-engine-committee-keys-read -> origin/rename-engine-committee-keys-read
2026-10-09T15:52:08.9255659Z  * [new branch]        replace-anemo-with-libp2p -> origin/replace-anemo-with-libp2p
2026-10-09T15:52:08.9256296Z  * [new branch]        repropose-headers       -> origin/repropose-headers
2026-10-09T15:52:08.9256864Z  * [new branch]        restart-fix1            -> origin/restart-fix1
2026-10-09T15:52:08.9257498Z  * [new branch]        restore-main            -> origin/restore-main
2026-10-09T15:52:08.9258074Z  * [new branch]        reth-upgrade-v1.3.12    -> origin/reth-upgrade-v1.3.12
2026-10-09T15:52:08.9258984Z  * [new branch]        rpc_tn_info             -> origin/rpc_tn_info
2026-10-09T15:52:08.9259765Z  * [new branch]        security/remove-peer-after-bad-gossip -> origin/security/remove-peer-after-bad-gossip
2026-10-09T15:52:08.9260548Z  * [new branch]        separate-gc-from-synchronizer -> origin/separate-gc-from-synchronizer
2026-10-09T15:52:08.9261276Z  * [new branch]        sls-base1               -> origin/sls-base1
2026-10-09T15:52:08.9261860Z  * [new branch]        sls-base2               -> origin/sls-base2
2026-10-09T15:52:08.9262512Z  * [new branch]        sls-base3               -> origin/sls-base3
2026-10-09T15:52:08.9263050Z  * [new branch]        sls-basefee2            -> origin/sls-basefee2
2026-10-09T15:52:08.9263592Z  * [new branch]        sls-basefee3            -> origin/sls-basefee3
2026-10-09T15:52:08.9264410Z  * [new branch]        sls-conf1               -> origin/sls-conf1
2026-10-09T15:52:08.9264932Z  * [new branch]        sls-conf2               -> origin/sls-conf2
2026-10-09T15:52:08.9265488Z  * [new branch]        sls-rewards             -> origin/sls-rewards
2026-10-09T15:52:08.9266094Z  * [new branch]        sls-testaccounts        -> origin/sls-testaccounts
2026-10-09T15:52:08.9266670Z  * [new branch]        sls-valtonode           -> origin/sls-valtonode
2026-10-09T15:52:08.9267305Z  * [new branch]        sls_btree_idx           -> origin/sls_btree_idx
2026-10-09T15:52:08.9268217Z  * [new branch]        sls_collect_epoch_underflow -> origin/sls_collect_epoch_underflow
2026-10-09T15:52:08.9268834Z  * [new branch]        sls_consensus_bytes     -> origin/sls_consensus_bytes
2026-10-09T15:52:08.9269501Z  * [new branch]        sls_consensus_chain_scan -> origin/sls_consensus_chain_scan
2026-10-09T15:52:08.9270089Z  * [new branch]        sls_db_benches          -> origin/sls_db_benches
2026-10-09T15:52:08.9270701Z  * [new branch]        sls_epoch_vote          -> origin/sls_epoch_vote
2026-10-09T15:52:08.9271374Z  * [new branch]        sls_exec_state_export   -> origin/sls_exec_state_export
2026-10-09T15:52:08.9271970Z  * [new branch]        sls_exec_state_import   -> origin/sls_exec_state_import
2026-10-09T15:52:08.9272642Z  * [new branch]        sls_exec_state_pack     -> origin/sls_exec_state_pack
2026-10-09T15:52:08.9273214Z  * [new branch]        sls_fix_basefee_test    -> origin/sls_fix_basefee_test
2026-10-09T15:52:08.9274150Z  * [new branch]        sls_hardened_consenuss_chain1 -> origin/sls_hardened_consenuss_chain1
2026-10-09T15:52:08.9274865Z  * [new branch]        sls_less_buckets        -> origin/sls_less_buckets
2026-10-09T15:52:08.9275436Z  * [new branch]        sls_new_pack_format     -> origin/sls_new_pack_format
2026-10-09T15:52:08.9276069Z  * [new branch]        sls_pack0_verify        -> origin/sls_pack0_verify
2026-10-09T15:52:08.9276664Z  * [new branch]        sls_partial_pack_stream2 -> origin/sls_partial_pack_stream2
2026-10-09T15:52:08.9277301Z  * [new branch]        sls_save_to_wrong_epoch -> origin/sls_save_to_wrong_epoch
2026-10-09T15:52:08.9277954Z  * [new branch]        sls_use_new_pack_format -> origin/sls_use_new_pack_format
2026-10-09T15:52:08.9278550Z  * [new branch]        snapshot-support        -> origin/snapshot-support
2026-10-09T15:52:08.9279220Z  * [new branch]        staging/mavenrain-2026-10-08 -> origin/staging/mavenrain-2026-10-08
2026-10-09T15:52:08.9279891Z  * [new branch]        staging/mavenrain-2026-10-09 -> origin/staging/mavenrain-2026-10-09
2026-10-09T15:52:08.9280624Z  * [new branch]        startup-1-bootstrap-config -> origin/startup-1-bootstrap-config
2026-10-09T15:52:08.9281368Z  * [new branch]        startup-2-drop-observer-flag -> origin/startup-2-drop-observer-flag
2026-10-09T15:52:08.9282049Z  * [new branch]        startup-3-record-sync-gate -> origin/startup-3-record-sync-gate
2026-10-09T15:52:08.9282788Z  * [new branch]        startup-4-gossip-after-gate -> origin/startup-4-gossip-after-gate
2026-10-09T15:52:08.9283450Z  * [new branch]        startup-5-e2e-startup-flows -> origin/startup-5-e2e-startup-flows
2026-10-09T15:52:08.9284433Z  * [new branch]        subscriber-3.20         -> origin/subscriber-3.20
2026-10-09T15:52:08.9285260Z  * [new branch]        subsecond-fork-e2e      -> origin/subsecond-fork-e2e
2026-10-09T15:52:08.9285855Z  * [new branch]        sync_consensus_output   -> origin/sync_consensus_output
2026-10-09T15:52:08.9286495Z  * [new branch]        sync_fixes1             -> origin/sync_fixes1
2026-10-09T15:52:08.9287272Z  * [new branch]        task-manager-handle-critical-tasks -> origin/task-manager-handle-critical-tasks
2026-10-09T15:52:08.9288036Z  * [new branch]        test-speed-regress      -> origin/test-speed-regress
2026-10-09T15:52:08.9288670Z  * [new branch]        test/1377-residual-validation -> origin/test/1377-residual-validation
2026-10-09T15:52:08.9289321Z  * [new branch]        test/1488-hub-validator-join -> origin/test/1488-hub-validator-join
2026-10-09T15:52:08.9290029Z  * [new branch]        test/1567-e2e-suite-speedup -> origin/test/1567-e2e-suite-speedup
2026-10-09T15:52:08.9290691Z  * [new branch]        tn-contracts-precompile-0xfe -> origin/tn-contracts-precompile-0xfe
2026-10-09T15:52:08.9291299Z  * [new branch]        tn-foundry              -> origin/tn-foundry
2026-10-09T15:52:08.9291928Z  * [new branch]        tn-test-utils-workspace -> origin/tn-test-utils-workspace
2026-10-09T15:52:08.9292563Z  * [new branch]        unwind-on-panics        -> origin/unwind-on-panics
2026-10-09T15:52:08.9293424Z  * [new branch]        update-testnet-genesis  -> origin/update-testnet-genesis
2026-10-09T15:52:08.9294325Z  * [new branch]        v0.11.0-adiri           -> origin/v0.11.0-adiri
2026-10-09T15:52:08.9294904Z  * [new branch]        v0.3.2-adiri-patch      -> origin/v0.3.2-adiri-patch
2026-10-09T15:52:08.9295629Z  * [new branch]        validation/1348-epoch-fee-rpc -> origin/validation/1348-epoch-fee-rpc
2026-10-09T15:52:08.9296368Z  * [new branch]        validation/1460-worker-regrow-checks -> origin/validation/1460-worker-regrow-checks
2026-10-09T15:52:08.9297204Z  * [new branch]        work/1476-ci118-verification -> origin/work/1476-ci118-verification
2026-10-09T15:52:08.9297904Z  * [new tag]           adiri-v0.1.0            -> adiri-v0.1.0
2026-10-09T15:52:08.9298414Z  * [new tag]           adiri-v0.2.0            -> adiri-v0.2.0
2026-10-09T15:52:08.9298992Z  * [new tag]           cantina-competition-0   -> cantina-competition-0
2026-10-09T15:52:08.9299779Z  * [new tag]           v0.1.0-adiri            -> v0.1.0-adiri
2026-10-09T15:52:08.9300328Z  * [new tag]           v0.1.1-adiri            -> v0.1.1-adiri
2026-10-09T15:52:08.9300858Z  * [new tag]           v0.1.2-adiri            -> v0.1.2-adiri
2026-10-09T15:52:08.9301359Z  * [new tag]           v0.10.0-adiri           -> v0.10.0-adiri
2026-10-09T15:52:08.9301907Z  * [new tag]           v0.11.0-adiri           -> v0.11.0-adiri
2026-10-09T15:52:08.9302377Z  * [new tag]           v0.12.0-adiri           -> v0.12.0-adiri
2026-10-09T15:52:08.9302886Z  * [new tag]           v0.13.0-adiri           -> v0.13.0-adiri
2026-10-09T15:52:08.9303388Z  * [new tag]           v0.13.1-adiri           -> v0.13.1-adiri
2026-10-09T15:52:08.9304206Z  * [new tag]           v0.13.2-adiri           -> v0.13.2-adiri
2026-10-09T15:52:08.9304769Z  * [new tag]           v0.14.0-adiri           -> v0.14.0-adiri
2026-10-09T15:52:08.9305253Z  * [new tag]           v0.15.0-adiri           -> v0.15.0-adiri
2026-10-09T15:52:08.9305710Z  * [new tag]           v0.2.0-adiri            -> v0.2.0-adiri
2026-10-09T15:52:08.9306328Z  * [new tag]           v0.3.0-adiri            -> v0.3.0-adiri
2026-10-09T15:52:08.9306794Z  * [new tag]           v0.3.1-adiri            -> v0.3.1-adiri
2026-10-09T15:52:08.9307335Z  * [new tag]           v0.3.2-adiri-patch      -> v0.3.2-adiri-patch
2026-10-09T15:52:08.9307844Z  * [new tag]           v0.5.0-adiri            -> v0.5.0-adiri
2026-10-09T15:52:08.9308295Z  * [new tag]           v0.5.1-adiri            -> v0.5.1-adiri
2026-10-09T15:52:08.9308866Z  * [new tag]           v0.6.0-adiri            -> v0.6.0-adiri
2026-10-09T15:52:08.9309661Z  * [new tag]           v0.8.1-adiri            -> v0.8.1-adiri
2026-10-09T15:52:08.9310299Z  * [new tag]           v0.9.0-adiri            -> v0.9.0-adiri
2026-10-09T15:52:08.9310773Z  * [new tag]           v0.9.1-adiri            -> v0.9.1-adiri
2026-10-09T15:52:08.9311225Z  * [new tag]           v0.9.2-adiri            -> v0.9.2-adiri
2026-10-09T15:52:08.9313277Z [command]/usr/bin/git rev-parse --verify --quiet ca02e454b4f2fa5f5e1a47db8e346fb1bec00666^{object}
2026-10-09T15:52:08.9314469Z ca02e454b4f2fa5f5e1a47db8e346fb1bec00666
2026-10-09T15:52:08.9315762Z ##[endgroup]
2026-10-09T15:52:08.9316426Z ##[group]Determining the checkout info
2026-10-09T15:52:08.9317100Z ##[endgroup]
2026-10-09T15:52:08.9317472Z [command]/usr/bin/git sparse-checkout disable
2026-10-09T15:52:08.9318595Z [command]/usr/bin/git config --local --unset-all extensions.worktreeConfig
2026-10-09T15:52:08.9319843Z ##[group]Checking out the ref
2026-10-09T15:52:08.9320414Z [command]/usr/bin/git checkout --progress --force ca02e454b4f2fa5f5e1a47db8e346fb1bec00666
2026-10-09T15:52:09.0048700Z Note: switching to 'ca02e454b4f2fa5f5e1a47db8e346fb1bec00666'.
2026-10-09T15:52:09.0049211Z 
2026-10-09T15:52:09.0049540Z You are in 'detached HEAD' state. You can look around, make experimental
2026-10-09T15:52:09.0050220Z changes and commit them, and you can discard any commits you make in this
2026-10-09T15:52:09.0050894Z state without impacting any branches by switching back to a branch.
2026-10-09T15:52:09.0051647Z 
2026-10-09T15:52:09.0051890Z If you want to create a new branch to retain commits you create, you may
2026-10-09T15:52:09.0052440Z do so (now or later) by using -c with the switch command. Example:
2026-10-09T15:52:09.0052843Z 
2026-10-09T15:52:09.0053069Z   git switch -c <new-branch-name>
2026-10-09T15:52:09.0053294Z 
2026-10-09T15:52:09.0053468Z Or undo this operation with:
2026-10-09T15:52:09.0053976Z 
2026-10-09T15:52:09.0054283Z   git switch -
2026-10-09T15:52:09.0054485Z 
2026-10-09T15:52:09.0054825Z Turn off this advice by setting config variable advice.detachedHead to false
2026-10-09T15:52:09.0055210Z 
2026-10-09T15:52:09.0055485Z HEAD is now at ca02e454 fix(network): bind capacity CPU samples to process read intervals
2026-10-09T15:52:09.0061223Z ##[endgroup]
2026-10-09T15:52:09.0104107Z [command]/usr/bin/git log -1 --format=%H
2026-10-09T15:52:09.0128210Z ca02e454b4f2fa5f5e1a47db8e346fb1bec00666
2026-10-09T15:52:09.0409598Z ##[group]Run actions/download-artifact@3e5f45b2cfb9172054b4087a40e8e0b5a5461e7c
2026-10-09T15:52:09.0410229Z with:
2026-10-09T15:52:09.0410673Z   name: hub-capacity-linux-arm64-ca02e454b4f2fa5f5e1a47db8e346fb1bec00666
2026-10-09T15:52:09.0411432Z   path: /home/runner/work/_temp/hub-capacity-binaries
2026-10-09T15:52:09.0411845Z   merge-multiple: false
2026-10-09T15:52:09.0412274Z   repository: Telcoin-Association/telcoin-network
2026-10-09T15:52:09.0412690Z   run-id: 37940162416
2026-10-09T15:52:09.0413008Z   skip-decompress: false
2026-10-09T15:52:09.0413427Z   digest-mismatch: error
2026-10-09T15:52:09.0414014Z env:
2026-10-09T15:52:09.0414372Z   CARGO_INCREMENTAL: 0
2026-10-09T15:52:09.0414778Z   RUSTFLAGS: -D warnings -D unused_extern_crates
2026-10-09T15:52:09.0415175Z   CARGO_TERM_COLOR: always
2026-10-09T15:52:09.0415593Z   RUST_BACKTRACE: 1
2026-10-09T15:52:09.0415938Z   CARGO_PROFILE_DEV_DEBUG: 0
2026-10-09T15:52:09.0416337Z   CARGO_PROFILE_TEST_DEBUG: 0
2026-10-09T15:52:09.0416820Z ##[endgroup]
2026-10-09T15:52:09.1584141Z Downloading single artifact
2026-10-09T15:52:09.3159098Z Preparing to download the following artifacts:
2026-10-09T15:52:09.3160281Z - hub-capacity-linux-arm64-ca02e454b4f2fa5f5e1a47db8e346fb1bec00666 (ID: 11622126546, Size: 68540229, Expected Digest: sha256:6c51b76c113e4d203989aacdd09eca525372046b919117f973661182302b4ecd)
2026-10-09T15:52:09.6401086Z Redirecting to blob download url: https://productionresultssa1.blob.core.windows.net/actions-results/7c19722a-d8c8-44e5-905b-5eabb18671cc/workflow-job-run-8b381050-9e73-5466-9805-beec132cf2e3/artifacts/eaef4d9a349405926978a4ae2dc96186283f25ff1666efdcb1be9d92b30a3d59.zip
2026-10-09T15:52:09.6402601Z Starting download of artifact to: /home/runner/work/_temp/hub-capacity-binaries
2026-10-09T15:52:09.8205041Z (node:2230) [DEP0005] DeprecationWarning: Buffer() is deprecated due to security and usability issues. Please use the Buffer.alloc(), Buffer.allocUnsafe(), or Buffer.from() methods instead.
2026-10-09T15:52:09.8206238Z (Use `node --trace-deprecation ...` to show where the warning was created)
2026-10-09T15:52:12.4477224Z SHA256 digest of downloaded artifact is 6c51b76c113e4d203989aacdd09eca525372046b919117f973661182302b4ecd
2026-10-09T15:52:12.4478234Z Artifact download completed successfully.
2026-10-09T15:52:12.4478713Z Total of 1 artifact(s) downloaded
2026-10-09T15:52:12.4482952Z Download artifact has finished successfully
2026-10-09T15:52:12.4604592Z ##[group]Run set -euo pipefail
2026-10-09T15:52:12.4605363Z [36;1mset -euo pipefail[0m
2026-10-09T15:52:12.4605815Z [36;1marchive="foundry_${FOUNDRY_VERSION}_linux_arm64.tar.gz"[0m
2026-10-09T15:52:12.4606284Z [36;1mcurl -fsSL --retry 3 -o "${RUNNER_TEMP}/${archive}" \[0m
2026-10-09T15:52:12.4606947Z [36;1m  "https://github.com/foundry-rs/foundry/releases/download/${FOUNDRY_VERSION}/${archive}"[0m
2026-10-09T15:52:12.4607623Z [36;1mecho "${FOUNDRY_SHA256}  ${RUNNER_TEMP}/${archive}" | sha256sum --check --strict -[0m
2026-10-09T15:52:12.4608208Z [36;1mmkdir "${RUNNER_TEMP}/capacity-foundry"[0m
2026-10-09T15:52:12.4609104Z [36;1mtar -xzf "${RUNNER_TEMP}/${archive}" -C "${RUNNER_TEMP}/capacity-foundry" cast anvil[0m
2026-10-09T15:52:12.4609650Z [36;1mecho "${RUNNER_TEMP}/capacity-foundry" >> "${GITHUB_PATH}"[0m
2026-10-09T15:52:12.4610155Z [36;1m"${RUNNER_TEMP}/capacity-foundry/cast" --version[0m
2026-10-09T15:52:12.4610647Z [36;1m"${RUNNER_TEMP}/capacity-foundry/anvil" --version[0m
2026-10-09T15:52:12.4728594Z shell: /usr/bin/bash -e {0}
2026-10-09T15:52:12.4729309Z env:
2026-10-09T15:52:12.4729566Z   CARGO_INCREMENTAL: 0
2026-10-09T15:52:12.4729900Z   RUSTFLAGS: -D warnings -D unused_extern_crates
2026-10-09T15:52:12.4730245Z   CARGO_TERM_COLOR: always
2026-10-09T15:52:12.4730550Z   RUST_BACKTRACE: 1
2026-10-09T15:52:12.4730864Z   CARGO_PROFILE_DEV_DEBUG: 0
2026-10-09T15:52:12.4731159Z   CARGO_PROFILE_TEST_DEBUG: 0
2026-10-09T15:52:12.4731479Z   FOUNDRY_VERSION: v1.8.3
2026-10-09T15:52:12.4731921Z   FOUNDRY_SHA256: 93fc23be26c8a902ca58fe54aa6ca28c880b58af95d052674933161df7928e6d
2026-10-09T15:52:12.4732452Z ##[endgroup]
2026-10-09T15:52:13.4638977Z /home/runner/work/_temp/foundry_v1.8.3_linux_arm64.tar.gz: OK
2026-10-09T15:52:14.9719266Z cast Version: 1.8.3
2026-10-09T15:52:14.9719848Z Commit SHA: cae51ad458f6abb64852b7709eb784352429825d
2026-10-09T15:52:14.9720474Z Build Timestamp: 2026-09-15T10:28:47.866128021Z (1789468127)
2026-10-09T15:52:14.9720928Z Build Profile: dist
2026-10-09T15:52:14.9740626Z anvil Version: 1.8.3
2026-10-09T15:52:14.9740954Z Commit SHA: cae51ad458f6abb64852b7709eb784352429825d
2026-10-09T15:52:14.9741459Z Build Timestamp: 2026-09-15T10:28:47.866128021Z (1789468127)
2026-10-09T15:52:14.9741844Z Build Profile: dist
2026-10-09T15:52:14.9796589Z ##[group]Run docker build -f tools/hub-capacity/Dockerfile -t tn-capacity-1476-runtime:ubuntu24 tools/hub-capacity
2026-10-09T15:52:14.9797514Z [36;1mdocker build -f tools/hub-capacity/Dockerfile -t tn-capacity-1476-runtime:ubuntu24 tools/hub-capacity[0m
2026-10-09T15:52:14.9852404Z shell: /usr/bin/bash -e {0}
2026-10-09T15:52:14.9852753Z env:
2026-10-09T15:52:14.9853050Z   CARGO_INCREMENTAL: 0
2026-10-09T15:52:14.9854247Z   RUSTFLAGS: -D warnings -D unused_extern_crates
2026-10-09T15:52:14.9854810Z   CARGO_TERM_COLOR: always
2026-10-09T15:52:14.9855090Z   RUST_BACKTRACE: 1
2026-10-09T15:52:14.9855342Z   CARGO_PROFILE_DEV_DEBUG: 0
2026-10-09T15:52:14.9855643Z   CARGO_PROFILE_TEST_DEBUG: 0
2026-10-09T15:52:14.9855949Z ##[endgroup]
2026-10-09T15:52:15.5735561Z #0 building with "default" instance using docker driver
2026-10-09T15:52:15.5736353Z 
2026-10-09T15:52:15.5736745Z #1 [internal] load build definition from Dockerfile
2026-10-09T15:52:15.5737929Z #1 transferring dockerfile: 506B 0.0s done
2026-10-09T15:52:15.5741432Z #1 DONE 0.0s
2026-10-09T15:52:15.5741873Z 
2026-10-09T15:52:15.5742586Z #2 [auth] library/ubuntu:pull token for registry-1.docker.io
2026-10-09T15:52:15.7250040Z #2 DONE 0.0s
2026-10-09T15:52:15.7250277Z 
2026-10-09T15:52:15.7251203Z #3 [internal] load metadata for docker.io/library/ubuntu@sha256:008173c23f95b170204355c12626cb5a965d779a7e1283b09e9cffbb1bf33ca3
2026-10-09T15:52:16.1244469Z #3 DONE 0.7s
2026-10-09T15:52:16.2429551Z 
2026-10-09T15:52:16.2430366Z #4 [internal] load .dockerignore
2026-10-09T15:52:16.2430802Z #4 transferring context: 2B done
2026-10-09T15:52:16.2431355Z #4 DONE 0.0s
2026-10-09T15:52:16.3466971Z 
2026-10-09T15:52:16.3467913Z #5 [1/3] FROM docker.io/library/ubuntu@sha256:008173c23f95b170204355c12626cb5a965d779a7e1283b09e9cffbb1bf33ca3
2026-10-09T15:52:16.3468983Z #5 resolve docker.io/library/ubuntu@sha256:008173c23f95b170204355c12626cb5a965d779a7e1283b09e9cffbb1bf33ca3 done
2026-10-09T15:52:16.3469744Z #5 sha256:008173c23f95b170204355c12626cb5a965d779a7e1283b09e9cffbb1bf33ca3 6.69kB / 6.69kB done
2026-10-09T15:52:16.3470466Z #5 sha256:11dc1ccb427f0464a2369e645454c272bb0baece7357c892ba69d313b3a332cf 424B / 424B done
2026-10-09T15:52:16.3471120Z #5 sha256:8494c74ca40fca88c433937d0d3a9cfd3ffee8e57d0a517ce68788d85c6b4b48 2.07kB / 2.07kB done
2026-10-09T15:52:16.3472149Z #5 sha256:8a38824eedc553ba80cf1eb7df278a003340f7409fd4b9002bce07db8840a9a2 0B / 28.94MB 0.1s
2026-10-09T15:52:16.3472916Z #5 sha256:8a38824eedc553ba80cf1eb7df278a003340f7409fd4b9002bce07db8840a9a2 28.31MB / 28.94MB 0.2s
2026-10-09T15:52:16.4792451Z #5 extracting sha256:8a38824eedc553ba80cf1eb7df278a003340f7409fd4b9002bce07db8840a9a2
2026-10-09T15:52:16.5816179Z #5 sha256:8a38824eedc553ba80cf1eb7df278a003340f7409fd4b9002bce07db8840a9a2 28.94MB / 28.94MB 0.3s done
2026-10-09T15:52:17.3981403Z #5 extracting sha256:8a38824eedc553ba80cf1eb7df278a003340f7409fd4b9002bce07db8840a9a2 0.7s done
2026-10-09T15:52:17.3982331Z #5 DONE 1.1s
2026-10-09T15:52:17.3982463Z 
2026-10-09T15:52:17.3983353Z #6 [2/3] RUN apt-get update && DEBIAN_FRONTEND=noninteractive apt-get install -y --no-install-recommends     ca-certificates curl iproute2 iptables libgcc-s1 libgmp10 libssl3t64 libstdc++6     python3 python3-yaml util-linux     && rm -rf /var/lib/apt/lists/*
2026-10-09T15:52:17.4615530Z #6 0.214 Get:1 http://ports.ubuntu.com/ubuntu-ports noble InRelease [256 kB]
2026-10-09T15:52:17.7062287Z #6 0.459 Get:2 http://ports.ubuntu.com/ubuntu-ports noble-updates InRelease [126 kB]
2026-10-09T15:52:17.8251512Z #6 0.518 Get:3 http://ports.ubuntu.com/ubuntu-ports noble-backports InRelease [126 kB]
2026-10-09T15:52:17.8253147Z #6 0.578 Get:4 http://ports.ubuntu.com/ubuntu-ports noble-security InRelease [126 kB]
2026-10-09T15:52:18.0560980Z #6 0.638 Get:5 http://ports.ubuntu.com/ubuntu-ports noble/restricted arm64 Packages [113 kB]
2026-10-09T15:52:18.0562155Z #6 0.658 Get:6 http://ports.ubuntu.com/ubuntu-ports noble/universe arm64 Packages [19.0 MB]
2026-10-09T15:52:18.3466530Z #6 1.099 Get:7 http://ports.ubuntu.com/ubuntu-ports noble/multiverse arm64 Packages [274 kB]
2026-10-09T15:52:18.5955383Z #6 1.100 Get:8 http://ports.ubuntu.com/ubuntu-ports noble/main arm64 Packages [1776 kB]
2026-10-09T15:52:18.5956373Z #6 1.107 Get:9 http://ports.ubuntu.com/ubuntu-ports noble-updates/main arm64 Packages [1761 kB]
2026-10-09T15:52:18.5957118Z #6 1.115 Get:10 http://ports.ubuntu.com/ubuntu-ports noble-updates/universe arm64 Packages [2212 kB]
2026-10-09T15:52:18.5957791Z #6 1.123 Get:11 http://ports.ubuntu.com/ubuntu-ports noble-updates/multiverse arm64 Packages [110 kB]
2026-10-09T15:52:18.5958524Z #6 1.124 Get:12 http://ports.ubuntu.com/ubuntu-ports noble-updates/restricted arm64 Packages [3185 kB]
2026-10-09T15:52:18.5959239Z #6 1.152 Get:13 http://ports.ubuntu.com/ubuntu-ports noble-backports/universe arm64 Packages [36.3 kB]
2026-10-09T15:52:18.5959940Z #6 1.152 Get:14 http://ports.ubuntu.com/ubuntu-ports noble-backports/multiverse arm64 Packages [671 B]
2026-10-09T15:52:18.5960621Z #6 1.152 Get:15 http://ports.ubuntu.com/ubuntu-ports noble-backports/main arm64 Packages [49.0 kB]
2026-10-09T15:52:18.5961298Z #6 1.153 Get:16 http://ports.ubuntu.com/ubuntu-ports noble-security/restricted arm64 Packages [3063 kB]
2026-10-09T15:52:18.5962035Z #6 1.186 Get:17 http://ports.ubuntu.com/ubuntu-ports noble-security/main arm64 Packages [1448 kB]
2026-10-09T15:52:18.5962724Z #6 1.191 Get:18 http://ports.ubuntu.com/ubuntu-ports noble-security/universe arm64 Packages [1636 kB]
2026-10-09T15:52:18.5963420Z #6 1.197 Get:19 http://ports.ubuntu.com/ubuntu-ports noble-security/multiverse arm64 Packages [105 kB]
2026-10-09T15:52:19.2867648Z #6 2.039 Fetched 35.4 MB in 2s (18.6 MB/s)
2026-10-09T15:52:20.1333332Z #6 2.039 Reading package lists...
2026-10-09T15:52:20.9882317Z #6 2.901 Reading package lists...
2026-10-09T15:52:21.2825120Z #6 3.750 Building dependency tree...
2026-10-09T15:52:21.2825664Z #6 4.035 Reading state information...
2026-10-09T15:52:21.5970723Z #6 4.349 libgcc-s1 is already the newest version (14.2.0-4ubuntu2~24.04.1).
2026-10-09T15:52:21.5971400Z #6 4.349 libgmp10 is already the newest version (2:6.3.0+dfsg-2ubuntu6.1).
2026-10-09T15:52:21.5972224Z #6 4.349 libstdc++6 is already the newest version (14.2.0-4ubuntu2~24.04.1).
2026-10-09T15:52:21.5972728Z #6 4.349 util-linux is already the newest version (2.39.3-9ubuntu6.6).
2026-10-09T15:52:21.5974128Z #6 4.349 The following additional packages will be installed:
2026-10-09T15:52:21.8262723Z #6 4.349   libbpf1 libbrotli1 libcap2-bin libcurl4t64 libelf1t64 libexpat1
2026-10-09T15:52:21.8264363Z #6 4.349   libgssapi-krb5-2 libip4tc2 libip6tc2 libk5crypto3 libkeyutils1 libkrb5-3
2026-10-09T15:52:21.8265028Z #6 4.350   libkrb5support0 libldap2 libmnl0 libnetfilter-conntrack3 libnfnetlink0
2026-10-09T15:52:21.8265590Z #6 4.350   libnftnl11 libnghttp2-14 libpsl5t64 libpython3-stdlib libpython3.12-minimal
2026-10-09T15:52:21.8266282Z #6 4.350   libpython3.12-stdlib libreadline8t64 librtmp1 libsasl2-2 libsasl2-modules-db
2026-10-09T15:52:21.8266892Z #6 4.350   libsqlite3-0 libssh-4 libxtables12 libyaml-0-2 media-types netbase openssl
2026-10-09T15:52:21.8267516Z #6 4.350   python3-minimal python3.12 python3.12-minimal readline-common tzdata
2026-10-09T15:52:21.8267935Z #6 4.351 Suggested packages:
2026-10-09T15:52:21.8268350Z #6 4.351   iproute2-doc firewalld kmod krb5-doc krb5-user python3-doc python3-tk
2026-10-09T15:52:21.8268945Z #6 4.351   python3-venv python3.12-venv python3.12-doc binutils binfmt-support
2026-10-09T15:52:21.8269339Z #6 4.351   readline-doc
2026-10-09T15:52:21.8269635Z #6 4.351 Recommended packages:
2026-10-09T15:52:21.8270034Z #6 4.351   libatm1t64 nftables libpam-cap krb5-locales libldap-common publicsuffix
2026-10-09T15:52:21.8270521Z #6 4.351   libsasl2-modules
2026-10-09T15:52:21.8270821Z #6 4.425 The following NEW packages will be installed:
2026-10-09T15:52:21.8271263Z #6 4.426   ca-certificates curl iproute2 iptables libbpf1 libbrotli1 libcap2-bin
2026-10-09T15:52:21.8271839Z #6 4.426   libcurl4t64 libelf1t64 libexpat1 libgssapi-krb5-2 libip4tc2 libip6tc2
2026-10-09T15:52:21.8272837Z #6 4.426   libk5crypto3 libkeyutils1 libkrb5-3 libkrb5support0 libldap2 libmnl0
2026-10-09T15:52:21.8273460Z #6 4.426   libnetfilter-conntrack3 libnfnetlink0 libnftnl11 libnghttp2-14 libpsl5t64
2026-10-09T15:52:21.8274354Z #6 4.426   libpython3-stdlib libpython3.12-minimal libpython3.12-stdlib libreadline8t64
2026-10-09T15:52:21.8275005Z #6 4.426   librtmp1 libsasl2-2 libsasl2-modules-db libsqlite3-0 libssh-4 libxtables12
2026-10-09T15:52:21.8275604Z #6 4.427   libyaml-0-2 media-types netbase openssl python3 python3-minimal python3-yaml
2026-10-09T15:52:21.8276126Z #6 4.427   python3.12 python3.12-minimal readline-common tzdata
2026-10-09T15:52:21.8276536Z #6 4.428 The following packages will be upgraded:
2026-10-09T15:52:21.8276862Z #6 4.428   libssl3t64
2026-10-09T15:52:21.8995373Z #6 4.652 1 upgraded, 45 newly installed, 0 to remove and 3 not upgraded.
2026-10-09T15:52:21.8995938Z #6 4.652 Need to get 14.4 MB of archives.
2026-10-09T15:52:21.8996407Z #6 4.652 After this operation, 53.1 MB of additional disk space will be used.
2026-10-09T15:52:21.8997171Z #6 4.652 Get:1 http://ports.ubuntu.com/ubuntu-ports noble-updates/main arm64 libssl3t64 arm64 3.0.13-0ubuntu3.16 [1838 kB]
2026-10-09T15:52:22.3561064Z #6 5.108 Get:2 http://ports.ubuntu.com/ubuntu-ports noble-updates/main arm64 libpython3.12-minimal arm64 3.12.3-1ubuntu0.17 [835 kB]
2026-10-09T15:52:22.4795517Z #6 5.130 Get:3 http://ports.ubuntu.com/ubuntu-ports noble-updates/main arm64 libexpat1 arm64 2.6.1-2ubuntu0.6 [89.8 kB]
2026-10-09T15:52:22.4796816Z #6 5.159 Get:4 http://ports.ubuntu.com/ubuntu-ports noble-updates/main arm64 python3.12-minimal arm64 3.12.3-1ubuntu0.17 [2253 kB]
2026-10-09T15:52:22.4797702Z #6 5.232 Get:5 http://ports.ubuntu.com/ubuntu-ports noble-updates/main arm64 python3-minimal arm64 3.12.3-0ubuntu2.1 [27.4 kB]
2026-10-09T15:52:22.5797140Z #6 5.233 Get:6 http://ports.ubuntu.com/ubuntu-ports noble/main arm64 media-types all 10.1.0 [27.5 kB]
2026-10-09T15:52:22.5797956Z #6 5.233 Get:7 http://ports.ubuntu.com/ubuntu-ports noble/main arm64 netbase all 6.4 [13.1 kB]
2026-10-09T15:52:22.5798885Z #6 5.234 Get:8 http://ports.ubuntu.com/ubuntu-ports noble-updates/main arm64 tzdata all 2026c-0ubuntu0.24.04.1 [280 kB]
2026-10-09T15:52:22.5799690Z #6 5.245 Get:9 http://ports.ubuntu.com/ubuntu-ports noble/main arm64 readline-common all 8.2-4build1 [56.5 kB]
2026-10-09T15:52:22.5800739Z #6 5.246 Get:10 http://ports.ubuntu.com/ubuntu-ports noble/main arm64 libreadline8t64 arm64 8.2-4build1 [153 kB]
2026-10-09T15:52:22.5801596Z #6 5.249 Get:11 http://ports.ubuntu.com/ubuntu-ports noble-updates/main arm64 libsqlite3-0 arm64 3.45.1-1ubuntu2.8 [691 kB]
2026-10-09T15:52:22.5802431Z #6 5.265 Get:12 http://ports.ubuntu.com/ubuntu-ports noble-updates/main arm64 libpython3.12-stdlib arm64 3.12.3-1ubuntu0.17 [2039 kB]
2026-10-09T15:52:22.5803326Z #6 5.298 Get:13 http://ports.ubuntu.com/ubuntu-ports noble-updates/main arm64 python3.12 arm64 3.12.3-1ubuntu0.17 [651 kB]
2026-10-09T15:52:22.5804481Z #6 5.306 Get:14 http://ports.ubuntu.com/ubuntu-ports noble-updates/main arm64 libpython3-stdlib arm64 3.12.3-0ubuntu2.1 [10.1 kB]
2026-10-09T15:52:22.5805344Z #6 5.306 Get:15 http://ports.ubuntu.com/ubuntu-ports noble-updates/main arm64 python3 arm64 3.12.3-0ubuntu2.1 [23.0 kB]
2026-10-09T15:52:22.5806139Z #6 5.307 Get:16 http://ports.ubuntu.com/ubuntu-ports noble-updates/main arm64 openssl arm64 3.0.13-0ubuntu3.16 [985 kB]
2026-10-09T15:52:22.5806965Z #6 5.314 Get:17 http://ports.ubuntu.com/ubuntu-ports noble-updates/main arm64 ca-certificates all 20260601~24.04.1 [139 kB]
2026-10-09T15:52:22.5807801Z #6 5.331 Get:18 http://ports.ubuntu.com/ubuntu-ports noble-updates/main arm64 libelf1t64 arm64 0.190-1.1ubuntu0.1 [58.4 kB]
2026-10-09T15:52:22.5808541Z #6 5.332 Get:19 http://ports.ubuntu.com/ubuntu-ports noble/main arm64 libbpf1 arm64 1:1.3.0-2build2 [168 kB]
2026-10-09T15:52:22.7091431Z #6 5.334 Get:20 http://ports.ubuntu.com/ubuntu-ports noble/main arm64 libmnl0 arm64 1.0.5-2build1 [12.4 kB]
2026-10-09T15:52:22.7092678Z #6 5.334 Get:21 http://ports.ubuntu.com/ubuntu-ports noble/main arm64 libxtables12 arm64 1.8.10-3ubuntu2 [35.9 kB]
2026-10-09T15:52:22.7093775Z #6 5.375 Get:22 http://ports.ubuntu.com/ubuntu-ports noble-updates/main arm64 libcap2-bin arm64 1:2.66-5ubuntu2.4 [33.5 kB]
2026-10-09T15:52:22.7094617Z #6 5.376 Get:23 http://ports.ubuntu.com/ubuntu-ports noble-updates/main arm64 iproute2 arm64 6.1.0-1ubuntu6.4 [1126 kB]
2026-10-09T15:52:22.7095471Z #6 5.385 Get:24 http://ports.ubuntu.com/ubuntu-ports noble-updates/main arm64 libkrb5support0 arm64 1.20.1-6ubuntu2.10 [35.4 kB]
2026-10-09T15:52:22.7096415Z #6 5.385 Get:25 http://ports.ubuntu.com/ubuntu-ports noble-updates/main arm64 libk5crypto3 arm64 1.20.1-6ubuntu2.10 [85.8 kB]
2026-10-09T15:52:22.7097207Z #6 5.386 Get:26 http://ports.ubuntu.com/ubuntu-ports noble/main arm64 libkeyutils1 arm64 1.6.3-3build1 [9654 B]
2026-10-09T15:52:22.7098041Z #6 5.387 Get:27 http://ports.ubuntu.com/ubuntu-ports noble-updates/main arm64 libkrb5-3 arm64 1.20.1-6ubuntu2.10 [350 kB]
2026-10-09T15:52:22.7098859Z #6 5.418 Get:28 http://ports.ubuntu.com/ubuntu-ports noble-updates/main arm64 libgssapi-krb5-2 arm64 1.20.1-6ubuntu2.10 [142 kB]
2026-10-09T15:52:22.7099991Z #6 5.420 Get:29 http://ports.ubuntu.com/ubuntu-ports noble/main arm64 libyaml-0-2 arm64 0.2.5-1build1 [51.5 kB]
2026-10-09T15:52:22.7101248Z #6 5.420 Get:30 http://ports.ubuntu.com/ubuntu-ports noble/main arm64 python3-yaml arm64 6.0.1-2build2 [113 kB]
2026-10-09T15:52:22.7103517Z #6 5.421 Get:31 http://ports.ubuntu.com/ubuntu-ports noble/main arm64 libip4tc2 arm64 1.8.10-3ubuntu2 [23.4 kB]
2026-10-09T15:52:22.7104804Z #6 5.461 Get:32 http://ports.ubuntu.com/ubuntu-ports noble/main arm64 libip6tc2 arm64 1.8.10-3ubuntu2 [23.7 kB]
2026-10-09T15:52:22.9237038Z #6 5.463 Get:33 http://ports.ubuntu.com/ubuntu-ports noble/main arm64 libnfnetlink0 arm64 1.0.2-2build1 [14.7 kB]
2026-10-09T15:52:22.9237984Z #6 5.464 Get:34 http://ports.ubuntu.com/ubuntu-ports noble/main arm64 libnetfilter-conntrack3 arm64 1.0.9-6build1 [45.6 kB]
2026-10-09T15:52:22.9238964Z #6 5.464 Get:35 http://ports.ubuntu.com/ubuntu-ports noble/main arm64 libnftnl11 arm64 1.2.6-2build1 [66.2 kB]
2026-10-09T15:52:22.9239765Z #6 5.465 Get:36 http://ports.ubuntu.com/ubuntu-ports noble/main arm64 iptables arm64 1.8.10-3ubuntu2 [388 kB]
2026-10-09T15:52:22.9240530Z #6 5.467 Get:37 http://ports.ubuntu.com/ubuntu-ports noble-updates/main arm64 libnghttp2-14 arm64 1.59.0-1ubuntu0.4 [74.8 kB]
2026-10-09T15:52:22.9241800Z #6 5.505 Get:38 http://ports.ubuntu.com/ubuntu-ports noble/main arm64 libpsl5t64 arm64 0.21.2-1.1build1 [57.4 kB]
2026-10-09T15:52:22.9242538Z #6 5.506 Get:39 http://ports.ubuntu.com/ubuntu-ports noble/main arm64 libbrotli1 arm64 1.1.0-2build2 [339 kB]
2026-10-09T15:52:22.9243376Z #6 5.508 Get:40 http://ports.ubuntu.com/ubuntu-ports noble-updates/main arm64 libsasl2-modules-db arm64 2.1.28+dfsg1-5ubuntu3.1 [21.6 kB]
2026-10-09T15:52:22.9244469Z #6 5.509 Get:41 http://ports.ubuntu.com/ubuntu-ports noble-updates/main arm64 libsasl2-2 arm64 2.1.28+dfsg1-5ubuntu3.1 [54.7 kB]
2026-10-09T15:52:22.9245397Z #6 5.548 Get:42 http://ports.ubuntu.com/ubuntu-ports noble-updates/main arm64 libldap2 arm64 2.6.10+dfsg-0ubuntu0.24.04.1 [196 kB]
2026-10-09T15:52:22.9246243Z #6 5.551 Get:43 http://ports.ubuntu.com/ubuntu-ports noble/main arm64 librtmp1 arm64 2.4+20151223.gitfa8646d.1-2build7 [57.8 kB]
2026-10-09T15:52:22.9247054Z #6 5.552 Get:44 http://ports.ubuntu.com/ubuntu-ports noble-updates/main arm64 libssh-4 arm64 0.10.6-2ubuntu0.5 [192 kB]
2026-10-09T15:52:22.9247861Z #6 5.553 Get:45 http://ports.ubuntu.com/ubuntu-ports noble-updates/main arm64 libcurl4t64 arm64 8.5.0-2ubuntu10.15 [337 kB]
2026-10-09T15:52:22.9248655Z #6 5.555 Get:46 http://ports.ubuntu.com/ubuntu-ports noble-updates/main arm64 curl arm64 8.5.0-2ubuntu10.15 [222 kB]
2026-10-09T15:52:22.9249346Z #6 5.676 debconf: delaying package configuration, since apt-utils is not installed
2026-10-09T15:52:23.0681882Z #6 5.716 Fetched 14.4 MB in 1s (12.9 MB/s)
2026-10-09T15:52:23.0682435Z #6 5.731 (Reading database ... 
2026-10-09T15:52:23.0683120Z (Reading database ... 5%
2026-10-09T15:52:23.0683527Z (Reading database ... 10%
2026-10-09T15:52:23.0684022Z (Reading database ... 15%
2026-10-09T15:52:23.0684339Z (Reading database ... 20%
2026-10-09T15:52:23.0684615Z (Reading database ... 25%
2026-10-09T15:52:23.0684895Z (Reading database ... 30%
2026-10-09T15:52:23.0685224Z (Reading database ... 35%
2026-10-09T15:52:23.0685517Z (Reading database ... 40%
2026-10-09T15:52:23.0685798Z (Reading database ... 45%
2026-10-09T15:52:23.0686082Z (Reading database ... 50%
2026-10-09T15:52:23.0686323Z (Reading database ... 55%
2026-10-09T15:52:23.0686617Z (Reading database ... 60%
2026-10-09T15:52:23.0686896Z (Reading database ... 65%
2026-10-09T15:52:23.0687193Z (Reading database ... 70%
2026-10-09T15:52:23.0687444Z (Reading database ... 75%
2026-10-09T15:52:23.0687694Z (Reading database ... 80%
2026-10-09T15:52:23.0687987Z (Reading database ... 85%
2026-10-09T15:52:23.0688290Z (Reading database ... 90%
2026-10-09T15:52:23.0688571Z (Reading database ... 95%
2026-10-09T15:52:23.0688832Z (Reading database ... 100%
2026-10-09T15:52:23.0689181Z (Reading database ... 4376 files and directories currently installed.)
2026-10-09T15:52:23.0689753Z #6 5.734 Preparing to unpack .../libssl3t64_3.0.13-0ubuntu3.16_arm64.deb ...
2026-10-09T15:52:23.0690272Z #6 5.739 Unpacking libssl3t64:arm64 (3.0.13-0ubuntu3.16) over (3.0.13-0ubuntu3.15) ...
2026-10-09T15:52:23.0690781Z #6 5.821 Setting up libssl3t64:arm64 (3.0.13-0ubuntu3.16) ...
2026-10-09T15:52:23.2066719Z #6 5.839 Selecting previously unselected package libpython3.12-minimal:arm64.
2026-10-09T15:52:23.2067503Z #6 5.839 (Reading database ... 
2026-10-09T15:52:23.2067822Z (Reading database ... 5%
2026-10-09T15:52:23.2068170Z (Reading database ... 10%
2026-10-09T15:52:23.2068477Z (Reading database ... 15%
2026-10-09T15:52:23.2068761Z (Reading database ... 20%
2026-10-09T15:52:23.2069054Z (Reading database ... 25%
2026-10-09T15:52:23.2069325Z (Reading database ... 30%
2026-10-09T15:52:23.2069611Z (Reading database ... 35%
2026-10-09T15:52:23.2069958Z (Reading database ... 40%
2026-10-09T15:52:23.2070225Z (Reading database ... 45%
2026-10-09T15:52:23.2070502Z (Reading database ... 50%
2026-10-09T15:52:23.2070776Z (Reading database ... 55%
2026-10-09T15:52:23.2071073Z (Reading database ... 60%
2026-10-09T15:52:23.2071373Z (Reading database ... 65%
2026-10-09T15:52:23.2071993Z (Reading database ... 70%
2026-10-09T15:52:23.2072285Z (Reading database ... 75%
2026-10-09T15:52:23.2072595Z (Reading database ... 80%
2026-10-09T15:52:23.2072845Z (Reading database ... 85%
2026-10-09T15:52:23.2073135Z (Reading database ... 90%
2026-10-09T15:52:23.2073396Z (Reading database ... 95%
2026-10-09T15:52:23.2074222Z (Reading database ... 100%
2026-10-09T15:52:23.2074635Z (Reading database ... 4376 files and directories currently installed.)
2026-10-09T15:52:23.2075157Z #6 5.842 Preparing to unpack .../libpython3.12-minimal_3.12.3-1ubuntu0.17_arm64.deb ...
2026-10-09T15:52:23.2075782Z #6 5.843 Unpacking libpython3.12-minimal:arm64 (3.12.3-1ubuntu0.17) ...
2026-10-09T15:52:23.2076294Z #6 5.888 Selecting previously unselected package libexpat1:arm64.
2026-10-09T15:52:23.2076804Z #6 5.889 Preparing to unpack .../libexpat1_2.6.1-2ubuntu0.6_arm64.deb ...
2026-10-09T15:52:23.2077237Z #6 5.890 Unpacking libexpat1:arm64 (2.6.1-2ubuntu0.6) ...
2026-10-09T15:52:23.2077706Z #6 5.905 Selecting previously unselected package python3.12-minimal.
2026-10-09T15:52:23.2078225Z #6 5.906 Preparing to unpack .../python3.12-minimal_3.12.3-1ubuntu0.17_arm64.deb ...
2026-10-09T15:52:23.2078704Z #6 5.910 Unpacking python3.12-minimal (3.12.3-1ubuntu0.17) ...
2026-10-09T15:52:23.2079204Z #6 5.959 Setting up libpython3.12-minimal:arm64 (3.12.3-1ubuntu0.17) ...
2026-10-09T15:52:23.3661357Z #6 5.964 Setting up libexpat1:arm64 (2.6.1-2ubuntu0.6) ...
2026-10-09T15:52:23.3661902Z #6 5.968 Setting up python3.12-minimal (3.12.3-1ubuntu0.17) ...
2026-10-09T15:52:23.8767067Z #6 6.629 Selecting previously unselected package python3-minimal.
2026-10-09T15:52:23.9892882Z #6 6.629 (Reading database ... 
2026-10-09T15:52:23.9893880Z (Reading database ... 5%
2026-10-09T15:52:23.9894231Z (Reading database ... 10%
2026-10-09T15:52:23.9894609Z (Reading database ... 15%
2026-10-09T15:52:23.9894918Z (Reading database ... 20%
2026-10-09T15:52:23.9895222Z (Reading database ... 25%
2026-10-09T15:52:23.9895486Z (Reading database ... 30%
2026-10-09T15:52:23.9895805Z (Reading database ... 35%
2026-10-09T15:52:23.9896080Z (Reading database ... 40%
2026-10-09T15:52:23.9896365Z (Reading database ... 45%
2026-10-09T15:52:23.9896658Z (Reading database ... 50%
2026-10-09T15:52:23.9896942Z (Reading database ... 55%
2026-10-09T15:52:23.9897230Z (Reading database ... 60%
2026-10-09T15:52:23.9897497Z (Reading database ... 65%
2026-10-09T15:52:23.9897775Z (Reading database ... 70%
2026-10-09T15:52:23.9898074Z (Reading database ... 75%
2026-10-09T15:52:23.9898329Z (Reading database ... 80%
2026-10-09T15:52:23.9898599Z (Reading database ... 85%
2026-10-09T15:52:23.9898887Z (Reading database ... 90%
2026-10-09T15:52:23.9899151Z (Reading database ... 95%
2026-10-09T15:52:23.9899453Z (Reading database ... 100%
2026-10-09T15:52:23.9899809Z (Reading database ... 4695 files and directories currently installed.)
2026-10-09T15:52:23.9900341Z #6 6.632 Preparing to unpack .../0-python3-minimal_3.12.3-0ubuntu2.1_arm64.deb ...
2026-10-09T15:52:23.9900860Z #6 6.633 Unpacking python3-minimal (3.12.3-0ubuntu2.1) ...
2026-10-09T15:52:23.9901271Z #6 6.646 Selecting previously unselected package media-types.
2026-10-09T15:52:23.9901744Z #6 6.647 Preparing to unpack .../1-media-types_10.1.0_all.deb ...
2026-10-09T15:52:23.9902124Z #6 6.649 Unpacking media-types (10.1.0) ...
2026-10-09T15:52:23.9902527Z #6 6.663 Selecting previously unselected package netbase.
2026-10-09T15:52:23.9902946Z #6 6.664 Preparing to unpack .../2-netbase_6.4_all.deb ...
2026-10-09T15:52:23.9903280Z #6 6.665 Unpacking netbase (6.4) ...
2026-10-09T15:52:23.9904352Z #6 6.680 Selecting previously unselected package tzdata.
2026-10-09T15:52:23.9904932Z #6 6.681 Preparing to unpack .../3-tzdata_2026c-0ubuntu0.24.04.1_all.deb ...
2026-10-09T15:52:23.9905461Z #6 6.682 Unpacking tzdata (2026c-0ubuntu0.24.04.1) ...
2026-10-09T15:52:23.9905910Z #6 6.725 Selecting previously unselected package readline-common.
2026-10-09T15:52:23.9906368Z #6 6.726 Preparing to unpack .../4-readline-common_8.2-4build1_all.deb ...
2026-10-09T15:52:23.9907176Z #6 6.727 Unpacking readline-common (8.2-4build1) ...
2026-10-09T15:52:23.9907602Z #6 6.742 Selecting previously unselected package libreadline8t64:arm64.
2026-10-09T15:52:24.1074684Z #6 6.743 Preparing to unpack .../5-libreadline8t64_8.2-4build1_arm64.deb ...
2026-10-09T15:52:24.1085113Z #6 6.747 Adding 'diversion of /lib/aarch64-linux-gnu/libhistory.so.8 to /lib/aarch64-linux-gnu/libhistory.so.8.usr-is-merged by libreadline8t64'
2026-10-09T15:52:24.1086334Z #6 6.750 Adding 'diversion of /lib/aarch64-linux-gnu/libhistory.so.8.2 to /lib/aarch64-linux-gnu/libhistory.so.8.2.usr-is-merged by libreadline8t64'
2026-10-09T15:52:24.1087372Z #6 6.753 Adding 'diversion of /lib/aarch64-linux-gnu/libreadline.so.8 to /lib/aarch64-linux-gnu/libreadline.so.8.usr-is-merged by libreadline8t64'
2026-10-09T15:52:24.1088459Z #6 6.756 Adding 'diversion of /lib/aarch64-linux-gnu/libreadline.so.8.2 to /lib/aarch64-linux-gnu/libreadline.so.8.2.usr-is-merged by libreadline8t64'
2026-10-09T15:52:24.1089193Z #6 6.758 Unpacking libreadline8t64:arm64 (8.2-4build1) ...
2026-10-09T15:52:24.1089653Z #6 6.774 Selecting previously unselected package libsqlite3-0:arm64.
2026-10-09T15:52:24.1090207Z #6 6.775 Preparing to unpack .../6-libsqlite3-0_3.45.1-1ubuntu2.8_arm64.deb ...
2026-10-09T15:52:24.1090669Z #6 6.776 Unpacking libsqlite3-0:arm64 (3.45.1-1ubuntu2.8) ...
2026-10-09T15:52:24.1091151Z #6 6.794 Selecting previously unselected package libpython3.12-stdlib:arm64.
2026-10-09T15:52:24.1091698Z #6 6.796 Preparing to unpack .../7-libpython3.12-stdlib_3.12.3-1ubuntu0.17_arm64.deb ...
2026-10-09T15:52:24.1092249Z #6 6.797 Unpacking libpython3.12-stdlib:arm64 (3.12.3-1ubuntu0.17) ...
2026-10-09T15:52:24.1093052Z #6 6.860 Selecting previously unselected package python3.12.
2026-10-09T15:52:24.2620645Z #6 6.861 Preparing to unpack .../8-python3.12_3.12.3-1ubuntu0.17_arm64.deb ...
2026-10-09T15:52:24.2621252Z #6 6.862 Unpacking python3.12 (3.12.3-1ubuntu0.17) ...
2026-10-09T15:52:24.2622042Z #6 6.876 Selecting previously unselected package libpython3-stdlib:arm64.
2026-10-09T15:52:24.2622615Z #6 6.878 Preparing to unpack .../9-libpython3-stdlib_3.12.3-0ubuntu2.1_arm64.deb ...
2026-10-09T15:52:24.2623113Z #6 6.879 Unpacking libpython3-stdlib:arm64 (3.12.3-0ubuntu2.1) ...
2026-10-09T15:52:24.2623786Z #6 6.899 Setting up python3-minimal (3.12.3-0ubuntu2.1) ...
2026-10-09T15:52:24.2624227Z #6 7.014 Selecting previously unselected package python3.
2026-10-09T15:52:24.3624328Z #6 7.014 (Reading database ... 
2026-10-09T15:52:24.3624756Z (Reading database ... 5%
2026-10-09T15:52:24.3625226Z (Reading database ... 10%
2026-10-09T15:52:24.3625541Z (Reading database ... 15%
2026-10-09T15:52:24.3625827Z (Reading database ... 20%
2026-10-09T15:52:24.3626130Z (Reading database ... 25%
2026-10-09T15:52:24.3626424Z (Reading database ... 30%
2026-10-09T15:52:24.3626704Z (Reading database ... 35%
2026-10-09T15:52:24.3626980Z (Reading database ... 40%
2026-10-09T15:52:24.3627231Z (Reading database ... 45%
2026-10-09T15:52:24.3627531Z (Reading database ... 50%
2026-10-09T15:52:24.3627831Z (Reading database ... 55%
2026-10-09T15:52:24.3628484Z (Reading database ... 60%
2026-10-09T15:52:24.3628771Z (Reading database ... 65%
2026-10-09T15:52:24.3629058Z (Reading database ... 70%
2026-10-09T15:52:24.3629320Z (Reading database ... 75%
2026-10-09T15:52:24.3629571Z (Reading database ... 80%
2026-10-09T15:52:24.3629877Z (Reading database ... 85%
2026-10-09T15:52:24.3630146Z (Reading database ... 90%
2026-10-09T15:52:24.3630408Z (Reading database ... 95%
2026-10-09T15:52:24.3630674Z (Reading database ... 100%
2026-10-09T15:52:24.3631029Z (Reading database ... 5701 files and directories currently installed.)
2026-10-09T15:52:24.3631594Z #6 7.018 Preparing to unpack .../00-python3_3.12.3-0ubuntu2.1_arm64.deb ...
2026-10-09T15:52:24.3632019Z #6 7.021 Unpacking python3 (3.12.3-0ubuntu2.1) ...
2026-10-09T15:52:24.3632405Z #6 7.035 Selecting previously unselected package openssl.
2026-10-09T15:52:24.3632852Z #6 7.037 Preparing to unpack .../01-openssl_3.0.13-0ubuntu3.16_arm64.deb ...
2026-10-09T15:52:24.3633854Z #6 7.038 Unpacking openssl (3.0.13-0ubuntu3.16) ...
2026-10-09T15:52:24.3634380Z #6 7.068 Selecting previously unselected package ca-certificates.
2026-10-09T15:52:24.3634859Z #6 7.070 Preparing to unpack .../02-ca-certificates_20260601~24.04.1_all.deb ...
2026-10-09T15:52:24.3635327Z #6 7.071 Unpacking ca-certificates (20260601~24.04.1) ...
2026-10-09T15:52:24.3635833Z #6 7.096 Selecting previously unselected package libelf1t64:arm64.
2026-10-09T15:52:24.3636319Z #6 7.097 Preparing to unpack .../03-libelf1t64_0.190-1.1ubuntu0.1_arm64.deb ...
2026-10-09T15:52:24.3636806Z #6 7.099 Unpacking libelf1t64:arm64 (0.190-1.1ubuntu0.1) ...
2026-10-09T15:52:24.3637287Z #6 7.112 Selecting previously unselected package libbpf1:arm64.
2026-10-09T15:52:24.3637764Z #6 7.114 Preparing to unpack .../04-libbpf1_1%3a1.3.0-2build2_arm64.deb ...
2026-10-09T15:52:24.3638194Z #6 7.115 Unpacking libbpf1:arm64 (1:1.3.0-2build2) ...
2026-10-09T15:52:24.4629513Z #6 7.130 Selecting previously unselected package libmnl0:arm64.
2026-10-09T15:52:24.4630398Z #6 7.131 Preparing to unpack .../05-libmnl0_1.0.5-2build1_arm64.deb ...
2026-10-09T15:52:24.4630832Z #6 7.132 Unpacking libmnl0:arm64 (1.0.5-2build1) ...
2026-10-09T15:52:24.4631301Z #6 7.146 Selecting previously unselected package libxtables12:arm64.
2026-10-09T15:52:24.4631808Z #6 7.147 Preparing to unpack .../06-libxtables12_1.8.10-3ubuntu2_arm64.deb ...
2026-10-09T15:52:24.4632320Z #6 7.148 Unpacking libxtables12:arm64 (1.8.10-3ubuntu2) ...
2026-10-09T15:52:24.4632743Z #6 7.160 Selecting previously unselected package libcap2-bin.
2026-10-09T15:52:24.4633504Z #6 7.162 Preparing to unpack .../07-libcap2-bin_1%3a2.66-5ubuntu2.4_arm64.deb ...
2026-10-09T15:52:24.4634268Z #6 7.163 Unpacking libcap2-bin (1:2.66-5ubuntu2.4) ...
2026-10-09T15:52:24.4634686Z #6 7.179 Selecting previously unselected package iproute2.
2026-10-09T15:52:24.4635145Z #6 7.181 Preparing to unpack .../08-iproute2_6.1.0-1ubuntu6.4_arm64.deb ...
2026-10-09T15:52:24.4635579Z #6 7.182 Unpacking iproute2 (6.1.0-1ubuntu6.4) ...
2026-10-09T15:52:24.4636000Z #6 7.214 Selecting previously unselected package libkrb5support0:arm64.
2026-10-09T15:52:24.4636538Z #6 7.215 Preparing to unpack .../09-libkrb5support0_1.20.1-6ubuntu2.10_arm64.deb ...
2026-10-09T15:52:24.5709116Z #6 7.217 Unpacking libkrb5support0:arm64 (1.20.1-6ubuntu2.10) ...
2026-10-09T15:52:24.5709865Z #6 7.230 Selecting previously unselected package libk5crypto3:arm64.
2026-10-09T15:52:24.5710618Z #6 7.232 Preparing to unpack .../10-libk5crypto3_1.20.1-6ubuntu2.10_arm64.deb ...
2026-10-09T15:52:24.5711092Z #6 7.233 Unpacking libk5crypto3:arm64 (1.20.1-6ubuntu2.10) ...
2026-10-09T15:52:24.5711642Z #6 7.248 Selecting previously unselected package libkeyutils1:arm64.
2026-10-09T15:52:24.5712130Z #6 7.249 Preparing to unpack .../11-libkeyutils1_1.6.3-3build1_arm64.deb ...
2026-10-09T15:52:24.5712588Z #6 7.250 Unpacking libkeyutils1:arm64 (1.6.3-3build1) ...
2026-10-09T15:52:24.5713042Z #6 7.264 Selecting previously unselected package libkrb5-3:arm64.
2026-10-09T15:52:24.5713551Z #6 7.266 Preparing to unpack .../12-libkrb5-3_1.20.1-6ubuntu2.10_arm64.deb ...
2026-10-09T15:52:24.5714301Z #6 7.267 Unpacking libkrb5-3:arm64 (1.20.1-6ubuntu2.10) ...
2026-10-09T15:52:24.5714751Z #6 7.290 Selecting previously unselected package libgssapi-krb5-2:arm64.
2026-10-09T15:52:24.5715360Z #6 7.291 Preparing to unpack .../13-libgssapi-krb5-2_1.20.1-6ubuntu2.10_arm64.deb ...
2026-10-09T15:52:24.5715874Z #6 7.293 Unpacking libgssapi-krb5-2:arm64 (1.20.1-6ubuntu2.10) ...
2026-10-09T15:52:24.5716324Z #6 7.307 Selecting previously unselected package libyaml-0-2:arm64.
2026-10-09T15:52:24.5716828Z #6 7.309 Preparing to unpack .../14-libyaml-0-2_0.2.5-1build1_arm64.deb ...
2026-10-09T15:52:24.5717310Z #6 7.310 Unpacking libyaml-0-2:arm64 (0.2.5-1build1) ...
2026-10-09T15:52:24.5717737Z #6 7.323 Selecting previously unselected package python3-yaml.
2026-10-09T15:52:24.6711454Z #6 7.325 Preparing to unpack .../15-python3-yaml_6.0.1-2build2_arm64.deb ...
2026-10-09T15:52:24.6712714Z #6 7.326 Unpacking python3-yaml (6.0.1-2build2) ...
2026-10-09T15:52:24.6713369Z #6 7.342 Selecting previously unselected package libip4tc2:arm64.
2026-10-09T15:52:24.6714112Z #6 7.344 Preparing to unpack .../16-libip4tc2_1.8.10-3ubuntu2_arm64.deb ...
2026-10-09T15:52:24.6714609Z #6 7.345 Unpacking libip4tc2:arm64 (1.8.10-3ubuntu2) ...
2026-10-09T15:52:24.6715073Z #6 7.358 Selecting previously unselected package libip6tc2:arm64.
2026-10-09T15:52:24.6715531Z #6 7.360 Preparing to unpack .../17-libip6tc2_1.8.10-3ubuntu2_arm64.deb ...
2026-10-09T15:52:24.6716017Z #6 7.361 Unpacking libip6tc2:arm64 (1.8.10-3ubuntu2) ...
2026-10-09T15:52:24.6716478Z #6 7.374 Selecting previously unselected package libnfnetlink0:arm64.
2026-10-09T15:52:24.6717032Z #6 7.376 Preparing to unpack .../18-libnfnetlink0_1.0.2-2build1_arm64.deb ...
2026-10-09T15:52:24.6717505Z #6 7.377 Unpacking libnfnetlink0:arm64 (1.0.2-2build1) ...
2026-10-09T15:52:24.6717971Z #6 7.390 Selecting previously unselected package libnetfilter-conntrack3:arm64.
2026-10-09T15:52:24.6718570Z #6 7.392 Preparing to unpack .../19-libnetfilter-conntrack3_1.0.9-6build1_arm64.deb ...
2026-10-09T15:52:24.6719112Z #6 7.393 Unpacking libnetfilter-conntrack3:arm64 (1.0.9-6build1) ...
2026-10-09T15:52:24.6719602Z #6 7.407 Selecting previously unselected package libnftnl11:arm64.
2026-10-09T15:52:24.6720090Z #6 7.409 Preparing to unpack .../20-libnftnl11_1.2.6-2build1_arm64.deb ...
2026-10-09T15:52:24.6720552Z #6 7.410 Unpacking libnftnl11:arm64 (1.2.6-2build1) ...
2026-10-09T15:52:24.6720948Z #6 7.423 Selecting previously unselected package iptables.
2026-10-09T15:52:24.8242017Z #6 7.425 Preparing to unpack .../21-iptables_1.8.10-3ubuntu2_arm64.deb ...
2026-10-09T15:52:24.8242638Z #6 7.426 Unpacking iptables (1.8.10-3ubuntu2) ...
2026-10-09T15:52:24.8274223Z #6 7.580 Selecting previously unselected package libnghttp2-14:arm64.
2026-10-09T15:52:24.9316328Z #6 7.582 Preparing to unpack .../22-libnghttp2-14_1.59.0-1ubuntu0.4_arm64.deb ...
2026-10-09T15:52:24.9317184Z #6 7.583 Unpacking libnghttp2-14:arm64 (1.59.0-1ubuntu0.4) ...
2026-10-09T15:52:24.9317742Z #6 7.597 Selecting previously unselected package libpsl5t64:arm64.
2026-10-09T15:52:24.9318216Z #6 7.599 Preparing to unpack .../23-libpsl5t64_0.21.2-1.1build1_arm64.deb ...
2026-10-09T15:52:24.9318727Z #6 7.600 Unpacking libpsl5t64:arm64 (0.21.2-1.1build1) ...
2026-10-09T15:52:24.9319187Z #6 7.615 Selecting previously unselected package libbrotli1:arm64.
2026-10-09T15:52:24.9319687Z #6 7.616 Preparing to unpack .../24-libbrotli1_1.1.0-2build2_arm64.deb ...
2026-10-09T15:52:24.9320166Z #6 7.617 Unpacking libbrotli1:arm64 (1.1.0-2build2) ...
2026-10-09T15:52:24.9320646Z #6 7.633 Selecting previously unselected package libsasl2-modules-db:arm64.
2026-10-09T15:52:24.9321220Z #6 7.635 Preparing to unpack .../25-libsasl2-modules-db_2.1.28+dfsg1-5ubuntu3.1_arm64.deb ...
2026-10-09T15:52:24.9321773Z #6 7.636 Unpacking libsasl2-modules-db:arm64 (2.1.28+dfsg1-5ubuntu3.1) ...
2026-10-09T15:52:24.9322295Z #6 7.649 Selecting previously unselected package libsasl2-2:arm64.
2026-10-09T15:52:24.9322822Z #6 7.651 Preparing to unpack .../26-libsasl2-2_2.1.28+dfsg1-5ubuntu3.1_arm64.deb ...
2026-10-09T15:52:24.9323323Z #6 7.652 Unpacking libsasl2-2:arm64 (2.1.28+dfsg1-5ubuntu3.1) ...
2026-10-09T15:52:24.9323984Z #6 7.666 Selecting previously unselected package libldap2:arm64.
2026-10-09T15:52:24.9324475Z #6 7.668 Preparing to unpack .../27-libldap2_2.6.10+dfsg-0ubuntu0.24.04.1_arm64.deb ...
2026-10-09T15:52:24.9325045Z #6 7.669 Unpacking libldap2:arm64 (2.6.10+dfsg-0ubuntu0.24.04.1) ...
2026-10-09T15:52:24.9325489Z #6 7.684 Selecting previously unselected package librtmp1:arm64.
2026-10-09T15:52:25.0325463Z #6 7.686 Preparing to unpack .../28-librtmp1_2.4+20151223.gitfa8646d.1-2build7_arm64.deb ...
2026-10-09T15:52:25.0326141Z #6 7.687 Unpacking librtmp1:arm64 (2.4+20151223.gitfa8646d.1-2build7) ...
2026-10-09T15:52:25.0326614Z #6 7.701 Selecting previously unselected package libssh-4:arm64.
2026-10-09T15:52:25.0327187Z #6 7.702 Preparing to unpack .../29-libssh-4_0.10.6-2ubuntu0.5_arm64.deb ...
2026-10-09T15:52:25.0328089Z #6 7.704 Unpacking libssh-4:arm64 (0.10.6-2ubuntu0.5) ...
2026-10-09T15:52:25.0328570Z #6 7.719 Selecting previously unselected package libcurl4t64:arm64.
2026-10-09T15:52:25.0329060Z #6 7.720 Preparing to unpack .../30-libcurl4t64_8.5.0-2ubuntu10.15_arm64.deb ...
2026-10-09T15:52:25.0329572Z #6 7.722 Unpacking libcurl4t64:arm64 (8.5.0-2ubuntu10.15) ...
2026-10-09T15:52:25.0329980Z #6 7.737 Selecting previously unselected package curl.
2026-10-09T15:52:25.0330429Z #6 7.738 Preparing to unpack .../31-curl_8.5.0-2ubuntu10.15_arm64.deb ...
2026-10-09T15:52:25.0330880Z #6 7.739 Unpacking curl (8.5.0-2ubuntu10.15) ...
2026-10-09T15:52:25.0331267Z #6 7.775 Setting up libip4tc2:arm64 (1.8.10-3ubuntu2) ...
2026-10-09T15:52:25.0331652Z #6 7.778 Setting up media-types (10.1.0) ...
2026-10-09T15:52:25.0332017Z #6 7.782 Setting up libkeyutils1:arm64 (1.6.3-3build1) ...
2026-10-09T15:52:25.0332422Z #6 7.785 Setting up libyaml-0-2:arm64 (0.2.5-1build1) ...
2026-10-09T15:52:25.1335012Z #6 7.788 Setting up libip6tc2:arm64 (1.8.10-3ubuntu2) ...
2026-10-09T15:52:25.1335763Z #6 7.791 Setting up libbrotli1:arm64 (1.1.0-2build2) ...
2026-10-09T15:52:25.1336198Z #6 7.794 Setting up libsqlite3-0:arm64 (3.45.1-1ubuntu2.8) ...
2026-10-09T15:52:25.1336649Z #6 7.797 Setting up libpsl5t64:arm64 (0.21.2-1.1build1) ...
2026-10-09T15:52:25.1337063Z #6 7.800 Setting up libnghttp2-14:arm64 (1.59.0-1ubuntu0.4) ...
2026-10-09T15:52:25.1337550Z #6 7.803 Setting up libelf1t64:arm64 (0.190-1.1ubuntu0.1) ...
2026-10-09T15:52:25.1337991Z #6 7.806 Setting up libkrb5support0:arm64 (1.20.1-6ubuntu2.10) ...
2026-10-09T15:52:25.1338822Z #6 7.808 Setting up libsasl2-modules-db:arm64 (2.1.28+dfsg1-5ubuntu3.1) ...
2026-10-09T15:52:25.1339371Z #6 7.811 Setting up tzdata (2026c-0ubuntu0.24.04.1) ...
2026-10-09T15:52:25.1339720Z #6 7.871 
2026-10-09T15:52:25.1339992Z #6 7.871 Current default time zone: 'Etc/UTC'
2026-10-09T15:52:25.1340367Z #6 7.873 Local time is now:      Fri Oct  9 15:52:25 UTC 2026.
2026-10-09T15:52:25.1341138Z #6 7.873 Universal Time is now:  Fri Oct  9 15:52:25 UTC 2026.
2026-10-09T15:52:25.1341672Z #6 7.873 Run 'dpkg-reconfigure tzdata' if you wish to change it.
2026-10-09T15:52:25.1342250Z #6 7.873 
2026-10-09T15:52:25.1342555Z #6 7.881 Setting up libcap2-bin (1:2.66-5ubuntu2.4) ...
2026-10-09T15:52:25.1343012Z #6 7.884 Setting up librtmp1:arm64 (2.4+20151223.gitfa8646d.1-2build7) ...
2026-10-09T15:52:25.1343423Z #6 7.886 Setting up libmnl0:arm64 (1.0.5-2build1) ...
2026-10-09T15:52:25.3805649Z #6 7.889 Setting up libk5crypto3:arm64 (1.20.1-6ubuntu2.10) ...
2026-10-09T15:52:25.3806453Z #6 7.891 Setting up libxtables12:arm64 (1.8.10-3ubuntu2) ...
2026-10-09T15:52:25.3806890Z #6 7.893 Setting up libsasl2-2:arm64 (2.1.28+dfsg1-5ubuntu3.1) ...
2026-10-09T15:52:25.3807370Z #6 7.896 Setting up libnfnetlink0:arm64 (1.0.2-2build1) ...
2026-10-09T15:52:25.3807797Z #6 7.898 Setting up netbase (6.4) ...
2026-10-09T15:52:25.3808131Z #6 7.904 Setting up libkrb5-3:arm64 (1.20.1-6ubuntu2.10) ...
2026-10-09T15:52:25.3808558Z #6 7.907 Setting up openssl (3.0.13-0ubuntu3.16) ...
2026-10-09T15:52:25.3808933Z #6 7.911 Setting up readline-common (8.2-4build1) ...
2026-10-09T15:52:25.3809402Z #6 7.916 Setting up libldap2:arm64 (2.6.10+dfsg-0ubuntu0.24.04.1) ...
2026-10-09T15:52:25.3809828Z #6 7.918 Setting up libbpf1:arm64 (1:1.3.0-2build2) ...
2026-10-09T15:52:25.3810184Z #6 7.920 Setting up iproute2 (6.1.0-1ubuntu6.4) ...
2026-10-09T15:52:25.3810581Z #6 7.980 Setting up libnftnl11:arm64 (1.2.6-2build1) ...
2026-10-09T15:52:25.3811001Z #6 7.982 Setting up ca-certificates (20260601~24.04.1) ...
2026-10-09T15:52:25.5658637Z #6 8.318 Updating certificates in /etc/ssl/certs...
2026-10-09T15:52:25.9668059Z #6 8.719 121 added, 0 removed; done.
2026-10-09T15:52:26.0680403Z #6 8.775 Setting up libgssapi-krb5-2:arm64 (1.20.1-6ubuntu2.10) ...
2026-10-09T15:52:26.0683815Z #6 8.778 Setting up libssh-4:arm64 (0.10.6-2ubuntu0.5) ...
2026-10-09T15:52:26.0684848Z #6 8.781 Setting up libreadline8t64:arm64 (8.2-4build1) ...
2026-10-09T15:52:26.0685728Z #6 8.784 Setting up libnetfilter-conntrack3:arm64 (1.0.9-6build1) ...
2026-10-09T15:52:26.0686393Z #6 8.802 Setting up libpython3.12-stdlib:arm64 (3.12.3-1ubuntu0.17) ...
2026-10-09T15:52:26.0686853Z #6 8.805 Setting up libcurl4t64:arm64 (8.5.0-2ubuntu10.15) ...
2026-10-09T15:52:26.0687423Z #6 8.807 Setting up iptables (1.8.10-3ubuntu2) ...
2026-10-09T15:52:26.0688002Z #6 8.811 update-alternatives: using /usr/sbin/iptables-legacy to provide /usr/sbin/iptables (iptables) in auto mode
2026-10-09T15:52:26.0688802Z #6 8.813 update-alternatives: using /usr/sbin/ip6tables-legacy to provide /usr/sbin/ip6tables (ip6tables) in auto mode
2026-10-09T15:52:26.0689636Z #6 8.815 update-alternatives: using /usr/sbin/iptables-nft to provide /usr/sbin/iptables (iptables) in auto mode
2026-10-09T15:52:26.0690433Z #6 8.817 update-alternatives: using /usr/sbin/ip6tables-nft to provide /usr/sbin/ip6tables (ip6tables) in auto mode
2026-10-09T15:52:26.0691222Z #6 8.819 update-alternatives: using /usr/sbin/arptables-nft to provide /usr/sbin/arptables (arptables) in auto mode
2026-10-09T15:52:26.0691982Z #6 8.821 update-alternatives: using /usr/sbin/ebtables-nft to provide /usr/sbin/ebtables (ebtables) in auto mode
2026-10-09T15:52:26.2223779Z #6 8.824 Setting up python3.12 (3.12.3-1ubuntu0.17) ...
2026-10-09T15:52:26.8011843Z #6 9.553 Setting up curl (8.5.0-2ubuntu10.15) ...
2026-10-09T15:52:27.0179461Z #6 9.556 Setting up libpython3-stdlib:arm64 (3.12.3-0ubuntu2.1) ...
2026-10-09T15:52:27.0180068Z #6 9.560 Setting up python3 (3.12.3-0ubuntu2.1) ...
2026-10-09T15:52:27.0180699Z #6 9.637 Setting up python3-yaml (6.0.1-2build2) ...
2026-10-09T15:52:27.0267944Z #6 9.770 Processing triggers for libc-bin (2.39-0ubuntu8.9) ...
2026-10-09T15:52:27.2410286Z #6 9.839 Processing triggers for ca-certificates (20260601~24.04.1) ...
2026-10-09T15:52:27.2410860Z #6 9.843 Updating certificates in /etc/ssl/certs...
2026-10-09T15:52:27.4159139Z #6 10.17 0 added, 0 removed; done.
2026-10-09T15:52:27.4159691Z #6 10.17 Running hooks in /etc/ca-certificates/update.d...
2026-10-09T15:52:27.5672259Z #6 10.17 done.
2026-10-09T15:52:31.0930094Z #6 DONE 13.8s
2026-10-09T15:52:31.2573347Z 
2026-10-09T15:52:31.2574409Z #7 [3/3] WORKDIR /qualification
2026-10-09T15:52:31.2574794Z #7 DONE 0.0s
2026-10-09T15:52:31.2574930Z 
2026-10-09T15:52:31.2575329Z #8 exporting to image
2026-10-09T15:52:31.2575629Z #8 exporting layers
2026-10-09T15:52:32.0088239Z #8 exporting layers 0.9s done
2026-10-09T15:52:32.0345312Z #8 writing image sha256:a58a1a9005b11d1d76d93fb85bac7ae3aeebc5928b51b64b3987f650e038e29e done
2026-10-09T15:52:32.0346696Z #8 naming to docker.io/library/tn-capacity-1476-runtime:ubuntu24 done
2026-10-09T15:52:32.0347650Z #8 DONE 0.9s
2026-10-09T15:52:32.0484106Z ##[group]Run python3 -B -I tools/hub-capacity/docker-run.py --binaries "$HUB_CAPACITY_BINARIES" --output "$HUB_CAPACITY_EVIDENCE" --runner-envelope github-actions
2026-10-09T15:52:32.0485373Z [36;1mpython3 -B -I tools/hub-capacity/docker-run.py --binaries "$HUB_CAPACITY_BINARIES" --output "$HUB_CAPACITY_EVIDENCE" --runner-envelope github-actions[0m
2026-10-09T15:52:32.0522571Z shell: /usr/bin/bash -e {0}
2026-10-09T15:52:32.0523055Z env:
2026-10-09T15:52:32.0523320Z   CARGO_INCREMENTAL: 0
2026-10-09T15:52:32.0523993Z   RUSTFLAGS: -D warnings -D unused_extern_crates
2026-10-09T15:52:32.0524580Z   CARGO_TERM_COLOR: always
2026-10-09T15:52:32.0524862Z   RUST_BACKTRACE: 1
2026-10-09T15:52:32.0525097Z   CARGO_PROFILE_DEV_DEBUG: 0
2026-10-09T15:52:32.0525440Z   CARGO_PROFILE_TEST_DEBUG: 0
2026-10-09T15:52:32.0525826Z   HUB_CAPACITY_BINARIES: /home/runner/work/_temp/hub-capacity-binaries
2026-10-09T15:52:32.0526454Z   HUB_CAPACITY_EVIDENCE: /home/runner/work/_temp/hub-capacity-qualification
2026-10-09T15:52:32.0526977Z ##[endgroup]
2026-10-09T15:52:40.2286437Z Frozen github-actions envelope and workload at ca02e454b4f2fa5f5e1a47db8e346fb1bec00666
2026-10-09T15:52:40.2287056Z baseline: starting the declared topology
2026-10-09T15:52:52.9909360Z baseline: peer readiness reports retained; seeding the local chain
2026-10-09T15:55:35.7495255Z baseline: warmup completed; binding canonical batch targets
2026-10-09T15:55:43.8702028Z baseline: starting the frozen 600-second concurrent measurement
2026-10-09T16:06:31.8604429Z candidate: starting the declared topology
2026-10-09T16:06:37.1909886Z candidate: peer readiness reports retained; seeding the local chain
2026-10-09T16:09:25.9921023Z candidate: warmup completed; binding canonical batch targets
2026-10-09T16:09:31.9860411Z candidate: starting the frozen 600-second concurrent measurement
2026-10-09T16:20:44.9029843Z ##[group]Run actions/upload-artifact@043fb46d1a93c77aae656e7c1c64a875d1fc6a0a
2026-10-09T16:20:44.9030271Z with:
2026-10-09T16:20:44.9030601Z   name: hub-capacity-evidence-ca02e454b4f2fa5f5e1a47db8e346fb1bec00666-attempt-1
2026-10-09T16:20:44.9031002Z   retention-days: 90
2026-10-09T16:20:44.9031199Z   if-no-files-found: error
2026-10-09T16:20:44.9033423Z   path: /home/runner/work/_temp/hub-capacity-qualification/*.json
/home/runner/work/_temp/hub-capacity-qualification/*-docker-exec.log
/home/runner/work/_temp/hub-capacity-qualification/source
/home/runner/work/_temp/hub-capacity-qualification/*-evidence
/home/runner/work/_temp/hub-capacity-qualification/deployment/*/*.json
/home/runner/work/_temp/hub-capacity-qualification/deployment/*/*.jsonl
/home/runner/work/_temp/hub-capacity-qualification/deployment/*/*-process-*.log
/home/runner/work/_temp/hub-capacity-qualification/deployment/*/peers/*.json
/home/runner/work/_temp/hub-capacity-qualification/deployment/population.json

2026-10-09T16:20:44.9035965Z   compression-level: 6
2026-10-09T16:20:44.9036169Z   overwrite: false
2026-10-09T16:20:44.9036364Z   include-hidden-files: false
2026-10-09T16:20:44.9036577Z   archive: true
2026-10-09T16:20:44.9036753Z env:
2026-10-09T16:20:44.9036915Z   CARGO_INCREMENTAL: 0
2026-10-09T16:20:44.9037147Z   RUSTFLAGS: -D warnings -D unused_extern_crates
2026-10-09T16:20:44.9037421Z   CARGO_TERM_COLOR: always
2026-10-09T16:20:44.9037637Z   RUST_BACKTRACE: 1
2026-10-09T16:20:44.9037831Z   CARGO_PROFILE_DEV_DEBUG: 0
2026-10-09T16:20:44.9038053Z   CARGO_PROFILE_TEST_DEBUG: 0
2026-10-09T16:20:44.9038264Z ##[endgroup]
2026-10-09T16:20:45.1580482Z With the provided path, there will be 833 files uploaded
2026-10-09T16:20:45.1580965Z Artifact name is valid!
2026-10-09T16:20:45.1581185Z Root directory input is valid!
2026-10-09T16:20:45.4461348Z Uploading artifact: hub-capacity-evidence-ca02e454b4f2fa5f5e1a47db8e346fb1bec00666-attempt-1.zip
2026-10-09T16:20:45.4493520Z Beginning upload of artifact content to blob storage
2026-10-09T16:20:46.7549449Z Uploaded bytes 8388608
2026-10-09T16:20:47.4895436Z Uploaded bytes 16777216
2026-10-09T16:20:48.7643346Z Uploaded bytes 25165824
2026-10-09T16:20:49.9528596Z Uploaded bytes 33554432
2026-10-09T16:20:51.2855309Z Uploaded bytes 41943040
2026-10-09T16:20:52.3382189Z Uploaded bytes 50331648
2026-10-09T16:20:53.0604352Z Uploaded bytes 58720256
2026-10-09T16:20:54.2420600Z Uploaded bytes 67108864
2026-10-09T16:20:55.4078457Z Uploaded bytes 75497472
2026-10-09T16:20:56.5850178Z Uploaded bytes 83886080
2026-10-09T16:20:57.8115346Z Uploaded bytes 92274688
2026-10-09T16:20:58.7642218Z Uploaded bytes 100663296
2026-10-09T16:20:59.4025294Z Uploaded bytes 109051904
2026-10-09T16:21:00.1284098Z Uploaded bytes 117440512
2026-10-09T16:21:00.7000554Z Uploaded bytes 125829120
2026-10-09T16:21:01.0443186Z Uploaded bytes 134217728
2026-10-09T16:21:01.3547612Z Uploaded bytes 141306672
2026-10-09T16:21:01.3925670Z Finished uploading artifact content to blob storage!
2026-10-09T16:21:01.3929451Z SHA256 digest of uploaded artifact is df1cc40623fcdff0ce9face2afb5a8f4554706502ade170983e13f18625752c3
2026-10-09T16:21:01.3930458Z Finalizing artifact upload
2026-10-09T16:21:01.7914582Z Artifact hub-capacity-evidence-ca02e454b4f2fa5f5e1a47db8e346fb1bec00666-attempt-1 successfully finalized. Artifact ID 11630930618
2026-10-09T16:21:01.7917780Z Artifact hub-capacity-evidence-ca02e454b4f2fa5f5e1a47db8e346fb1bec00666-attempt-1 has been successfully uploaded! Final size is 141306672 bytes. Artifact ID is 11630930618
2026-10-09T16:21:01.7920314Z Artifact download URL: https://github.com/Telcoin-Association/telcoin-network/actions/runs/37940162416/artifacts/11630930618
2026-10-09T16:21:01.8204323Z Post job cleanup.
2026-10-09T16:21:01.8900879Z [command]/usr/bin/git version
2026-10-09T16:21:01.8942392Z git version 2.55.0
2026-10-09T16:21:01.8977793Z Temporarily overriding HOME='/home/runner/work/_temp/ba765cec-8da0-4251-be07-91e22687d0ec' before making global git config changes
2026-10-09T16:21:01.8978631Z Adding repository directory to the temporary git global config as a safe directory
2026-10-09T16:21:01.8990812Z [command]/usr/bin/git config --global --add safe.directory /home/runner/work/telcoin-network/telcoin-network
2026-10-09T16:21:01.9023023Z Removing SSH command configuration
2026-10-09T16:21:01.9030156Z [command]/usr/bin/git config --local --name-only --get-regexp core\.sshCommand
2026-10-09T16:21:01.9062380Z [command]/usr/bin/git submodule foreach --recursive sh -c "git config --local --name-only --get-regexp 'core\.sshCommand' && git config --local --unset-all 'core.sshCommand' || :"
2026-10-09T16:21:01.9261979Z Removing HTTP extra header
2026-10-09T16:21:01.9268939Z [command]/usr/bin/git config --local --name-only --get-regexp http\.https\:\/\/github\.com\/\.extraheader
2026-10-09T16:21:01.9304184Z [command]/usr/bin/git submodule foreach --recursive sh -c "git config --local --name-only --get-regexp 'http\.https\:\/\/github\.com\/\.extraheader' && git config --local --unset-all 'http.https://github.com/.extraheader' || :"
2026-10-09T16:21:01.9501983Z Removing includeIf entries pointing to credentials config files
2026-10-09T16:21:01.9502500Z [command]/usr/bin/git config --local --name-only --get-regexp ^includeIf\.gitdir:
2026-10-09T16:21:01.9525413Z includeif.gitdir:/home/runner/work/telcoin-network/telcoin-network/.git.path
2026-10-09T16:21:01.9525991Z includeif.gitdir:/home/runner/work/telcoin-network/telcoin-network/.git/worktrees/*.path
2026-10-09T16:21:01.9526492Z includeif.gitdir:/github/workspace/.git.path
2026-10-09T16:21:01.9526833Z includeif.gitdir:/github/workspace/.git/worktrees/*.path
2026-10-09T16:21:01.9534561Z [command]/usr/bin/git config --local --get-all includeif.gitdir:/home/runner/work/telcoin-network/telcoin-network/.git.path
2026-10-09T16:21:01.9557134Z /home/runner/work/_temp/git-credentials-e721ada0-8bb5-4237-b89d-02f4b9e7e32c.config
2026-10-09T16:21:01.9566942Z [command]/usr/bin/git config --local --unset includeif.gitdir:/home/runner/work/telcoin-network/telcoin-network/.git.path \/home\/runner\/work\/_temp\/git\-credentials\-e721ada0\-8bb5\-4237\-b89d\-02f4b9e7e32c\.config
2026-10-09T16:21:01.9606484Z [command]/usr/bin/git config --local --get-all includeif.gitdir:/home/runner/work/telcoin-network/telcoin-network/.git/worktrees/*.path
2026-10-09T16:21:01.9628175Z /home/runner/work/_temp/git-credentials-e721ada0-8bb5-4237-b89d-02f4b9e7e32c.config
2026-10-09T16:21:01.9636330Z [command]/usr/bin/git config --local --unset includeif.gitdir:/home/runner/work/telcoin-network/telcoin-network/.git/worktrees/*.path \/home\/runner\/work\/_temp\/git\-credentials\-e721ada0\-8bb5\-4237\-b89d\-02f4b9e7e32c\.config
2026-10-09T16:21:01.9681046Z [command]/usr/bin/git config --local --get-all includeif.gitdir:/github/workspace/.git.path
2026-10-09T16:21:01.9704098Z /github/runner_temp/git-credentials-e721ada0-8bb5-4237-b89d-02f4b9e7e32c.config
2026-10-09T16:21:01.9710766Z [command]/usr/bin/git config --local --unset includeif.gitdir:/github/workspace/.git.path \/github\/runner_temp\/git\-credentials\-e721ada0\-8bb5\-4237\-b89d\-02f4b9e7e32c\.config
2026-10-09T16:21:01.9745139Z [command]/usr/bin/git config --local --get-all includeif.gitdir:/github/workspace/.git/worktrees/*.path
2026-10-09T16:21:01.9765860Z /github/runner_temp/git-credentials-e721ada0-8bb5-4237-b89d-02f4b9e7e32c.config
2026-10-09T16:21:01.9772998Z [command]/usr/bin/git config --local --unset includeif.gitdir:/github/workspace/.git/worktrees/*.path \/github\/runner_temp\/git\-credentials\-e721ada0\-8bb5\-4237\-b89d\-02f4b9e7e32c\.config
2026-10-09T16:21:01.9812250Z [command]/usr/bin/git submodule foreach --recursive git config --local --show-origin --name-only --get-regexp remote.origin.url
2026-10-09T16:21:02.0008030Z Removing credentials config '/home/runner/work/_temp/git-credentials-e721ada0-8bb5-4237-b89d-02f4b9e7e32c.config'
2026-10-09T16:21:02.0166184Z Cleaning up orphan processes
