2026-10-09T23:02:17.4935821Z Current runner version: '2.337.0'
2026-10-09T23:02:17.4968681Z ##[group]Runner Image Provisioner
2026-10-09T23:02:17.4970054Z Hosted Compute Agent
2026-10-09T23:02:17.4970673Z Version: 20261002.596
2026-10-09T23:02:17.4971547Z Commit: c3d12f3313a95f25162a1503be624f3b0617f8c0
2026-10-09T23:02:17.4972299Z Build Date: 2026-10-02T22:28:27Z
2026-10-09T23:02:17.4973079Z Worker ID: {cc18db9c-d1a3-4791-9551-38a3acb76690}
2026-10-09T23:02:17.4973785Z Region: westcentralus
2026-10-09T23:02:17.4974349Z Cloud: Azure
2026-10-09T23:02:17.4974971Z ##[endgroup]
2026-10-09T23:02:17.4977615Z ##[group]Operating System
2026-10-09T23:02:17.4978421Z Ubuntu
2026-10-09T23:02:17.4979270Z 24.04.5
2026-10-09T23:02:17.4979827Z LTS
2026-10-09T23:02:17.4980467Z ##[endgroup]
2026-10-09T23:02:17.4981028Z ##[group]Runner Image
2026-10-09T23:02:17.4982104Z Image: ubuntu-24.04-arm
2026-10-09T23:02:17.4982742Z Version: 20261004.142.1
2026-10-09T23:02:17.4984194Z Included Software: https://github.com/actions/runner-images/blob/ubuntu24-arm64/20261004.142/images/ubuntu/Ubuntu2404-Arm64-Readme.md
2026-10-09T23:02:17.4985753Z Image Release: https://github.com/actions/runner-images/releases/tag/ubuntu24-arm64%2F20261004.142
2026-10-09T23:02:17.4986736Z ##[endgroup]
2026-10-09T23:02:17.4987877Z ##[group]GITHUB_TOKEN Permissions
2026-10-09T23:02:17.4991725Z Contents: read
2026-10-09T23:02:17.4992392Z Metadata: read
2026-10-09T23:02:17.4992967Z ##[endgroup]
2026-10-09T23:02:17.4996178Z Secret source: Actions
2026-10-09T23:02:17.4997179Z Cache mode: write
2026-10-09T23:02:17.4998304Z Prepare workflow directory
2026-10-09T23:02:17.5496898Z Prepare all required actions
2026-10-09T23:02:17.5552126Z Getting action download info
2026-10-09T23:02:17.8788104Z Download action repository 'actions/checkout@3d3c42e5aac5ba805825da76410c181273ba90b1' (SHA:3d3c42e5aac5ba805825da76410c181273ba90b1)
2026-10-09T23:02:17.9831760Z Download action repository 'actions/download-artifact@3e5f45b2cfb9172054b4087a40e8e0b5a5461e7c' (SHA:3e5f45b2cfb9172054b4087a40e8e0b5a5461e7c)
2026-10-09T23:02:18.6059633Z Download action repository 'actions/upload-artifact@043fb46d1a93c77aae656e7c1c64a875d1fc6a0a' (SHA:043fb46d1a93c77aae656e7c1c64a875d1fc6a0a)
2026-10-09T23:02:18.7716208Z Uses: Telcoin-Association/telcoin-network/.github/workflows/hub-capacity-manual.yaml@refs/heads/feat/1476-public-hub-capacity (3914e53957fcc3ff7befe8b1a3f9a3284bfaba4b)
2026-10-09T23:02:18.7722541Z ##[group] Inputs
2026-10-09T23:02:18.7723912Z   hub_capacity: true
2026-10-09T23:02:18.7724629Z   sync_mode: durable
2026-10-09T23:02:18.7725464Z ##[endgroup]
2026-10-09T23:02:18.7726484Z Complete job name: Manual hub capacity qualification / Manual hub capacity live qualification
2026-10-09T23:02:18.8670099Z ##[group]Run actions/checkout@3d3c42e5aac5ba805825da76410c181273ba90b1
2026-10-09T23:02:18.8671822Z with:
2026-10-09T23:02:18.8672607Z   fetch-depth: 0
2026-10-09T23:02:18.8673325Z   ref: 3914e53957fcc3ff7befe8b1a3f9a3284bfaba4b
2026-10-09T23:02:18.8674203Z   repository: Telcoin-Association/telcoin-network
2026-10-09T23:02:18.8678580Z   token: ***
2026-10-09T23:02:18.8679513Z   ssh-strict: true
2026-10-09T23:02:18.8680263Z   ssh-user: git
2026-10-09T23:02:18.8680958Z   persist-credentials: true
2026-10-09T23:02:18.8681659Z   clean: true
2026-10-09T23:02:18.8682386Z   sparse-checkout-cone-mode: true
2026-10-09T23:02:18.8683141Z   fetch-tags: false
2026-10-09T23:02:18.8683774Z   show-progress: true
2026-10-09T23:02:18.8684569Z   lfs: false
2026-10-09T23:02:18.8685193Z   submodules: false
2026-10-09T23:02:18.8685902Z   set-safe-directory: true
2026-10-09T23:02:18.8686682Z   allow-unsafe-pr-checkout: false
2026-10-09T23:02:18.8687906Z env:
2026-10-09T23:02:18.8688788Z   CARGO_INCREMENTAL: 0
2026-10-09T23:02:18.8689856Z   RUSTFLAGS: -D warnings -D unused_extern_crates
2026-10-09T23:02:18.8690837Z   CARGO_TERM_COLOR: always
2026-10-09T23:02:18.8691525Z   RUST_BACKTRACE: 1
2026-10-09T23:02:18.8692263Z   CARGO_PROFILE_DEV_DEBUG: 0
2026-10-09T23:02:18.8693029Z   CARGO_PROFILE_TEST_DEBUG: 0
2026-10-09T23:02:18.8693839Z ##[endgroup]
2026-10-09T23:02:18.9577480Z Syncing repository: Telcoin-Association/telcoin-network
2026-10-09T23:02:18.9580482Z ##[group]Getting Git version info
2026-10-09T23:02:18.9581875Z Working directory is '/home/runner/work/telcoin-network/telcoin-network'
2026-10-09T23:02:18.9583520Z [command]/usr/bin/git version
2026-10-09T23:02:18.9601366Z git version 2.55.0
2026-10-09T23:02:18.9620757Z ##[endgroup]
2026-10-09T23:02:18.9632664Z Temporarily overriding HOME='/home/runner/work/_temp/6accba77-79b5-4ffe-ad32-f106edb640ee' before making global git config changes
2026-10-09T23:02:18.9634446Z Adding repository directory to the temporary git global config as a safe directory
2026-10-09T23:02:18.9637462Z [command]/usr/bin/git config --global --add safe.directory /home/runner/work/telcoin-network/telcoin-network
2026-10-09T23:02:18.9669629Z Deleting the contents of '/home/runner/work/telcoin-network/telcoin-network'
2026-10-09T23:02:18.9674600Z ##[group]Determining repository object format
2026-10-09T23:02:18.9676063Z ##[endgroup]
2026-10-09T23:02:18.9677251Z ##[group]Initializing the repository
2026-10-09T23:02:18.9680479Z [command]/usr/bin/git init /home/runner/work/telcoin-network/telcoin-network
2026-10-09T23:02:18.9760682Z hint: Using 'master' as the name for the initial branch. This default branch name
2026-10-09T23:02:18.9763002Z hint: will change to "main" in Git 3.0. To configure the initial branch name
2026-10-09T23:02:18.9764817Z hint: to use in all of your new repositories, which will suppress this warning,
2026-10-09T23:02:18.9766736Z hint: call:
2026-10-09T23:02:18.9767615Z hint:
2026-10-09T23:02:18.9768524Z hint: 	git config --global init.defaultBranch <name>
2026-10-09T23:02:18.9769634Z hint:
2026-10-09T23:02:18.9770690Z hint: Names commonly chosen instead of 'master' are 'main', 'trunk' and
2026-10-09T23:02:18.9771843Z hint: 'development'. The just-created branch can be renamed via this command:
2026-10-09T23:02:18.9772866Z hint:
2026-10-09T23:02:18.9773543Z hint: 	git branch -m <name>
2026-10-09T23:02:18.9774446Z hint:
2026-10-09T23:02:18.9775504Z hint: Disable this message with "git config set advice.defaultBranchName false"
2026-10-09T23:02:18.9776929Z Initialized empty Git repository in /home/runner/work/telcoin-network/telcoin-network/.git/
2026-10-09T23:02:18.9780136Z [command]/usr/bin/git remote add origin https://github.com/Telcoin-Association/telcoin-network
2026-10-09T23:02:18.9811061Z ##[endgroup]
2026-10-09T23:02:18.9812311Z ##[group]Disabling automatic garbage collection
2026-10-09T23:02:18.9813294Z [command]/usr/bin/git config --local gc.auto 0
2026-10-09T23:02:18.9844843Z ##[endgroup]
2026-10-09T23:02:18.9845931Z ##[group]Setting up auth
2026-10-09T23:02:18.9847298Z Removing SSH command configuration
2026-10-09T23:02:18.9849972Z [command]/usr/bin/git config --local --name-only --get-regexp core\.sshCommand
2026-10-09T23:02:18.9881840Z [command]/usr/bin/git submodule foreach --recursive sh -c "git config --local --name-only --get-regexp 'core\.sshCommand' && git config --local --unset-all 'core.sshCommand' || :"
2026-10-09T23:02:19.0186463Z Removing HTTP extra header
2026-10-09T23:02:19.0191433Z [command]/usr/bin/git config --local --name-only --get-regexp http\.https\:\/\/github\.com\/\.extraheader
2026-10-09T23:02:19.0223220Z [command]/usr/bin/git submodule foreach --recursive sh -c "git config --local --name-only --get-regexp 'http\.https\:\/\/github\.com\/\.extraheader' && git config --local --unset-all 'http.https://github.com/.extraheader' || :"
2026-10-09T23:02:19.0421680Z Removing includeIf entries pointing to credentials config files
2026-10-09T23:02:19.0426990Z [command]/usr/bin/git config --local --name-only --get-regexp ^includeIf\.gitdir:
2026-10-09T23:02:19.0457792Z [command]/usr/bin/git submodule foreach --recursive git config --local --show-origin --name-only --get-regexp remote.origin.url
2026-10-09T23:02:19.0666322Z [command]/usr/bin/git config --file /home/runner/work/_temp/git-credentials-dca48ebd-e5fd-48a7-a2c4-7d9becf6e930.config http.https://github.com/.extraheader AUTHORIZATION: basic ***
2026-10-09T23:02:19.0705887Z [command]/usr/bin/git config --local includeIf.gitdir:/home/runner/work/telcoin-network/telcoin-network/.git.path /home/runner/work/_temp/git-credentials-dca48ebd-e5fd-48a7-a2c4-7d9becf6e930.config
2026-10-09T23:02:19.0739079Z [command]/usr/bin/git config --local includeIf.gitdir:/home/runner/work/telcoin-network/telcoin-network/.git/worktrees/*.path /home/runner/work/_temp/git-credentials-dca48ebd-e5fd-48a7-a2c4-7d9becf6e930.config
2026-10-09T23:02:19.0774325Z [command]/usr/bin/git config --local includeIf.gitdir:/github/workspace/.git.path /github/runner_temp/git-credentials-dca48ebd-e5fd-48a7-a2c4-7d9becf6e930.config
2026-10-09T23:02:19.0807260Z [command]/usr/bin/git config --local includeIf.gitdir:/github/workspace/.git/worktrees/*.path /github/runner_temp/git-credentials-dca48ebd-e5fd-48a7-a2c4-7d9becf6e930.config
2026-10-09T23:02:19.0838013Z ##[endgroup]
2026-10-09T23:02:19.0839455Z ##[group]Fetching the repository
2026-10-09T23:02:19.0844706Z [command]/usr/bin/git -c protocol.version=2 fetch --no-tags --prune --no-recurse-submodules origin +refs/heads/*:refs/remotes/origin/* +refs/tags/*:refs/tags/*
2026-10-09T23:02:23.2851426Z From https://github.com/Telcoin-Association/telcoin-network
2026-10-09T23:02:23.2853487Z  * [new branch]        1080-write-bounded-pack-remove-file-errors -> origin/1080-write-bounded-pack-remove-file-errors
2026-10-09T23:02:23.2854443Z  * [new branch]        1082-epoch-poll-check-before-sleep -> origin/1082-epoch-poll-check-before-sleep
2026-10-09T23:02:23.2855243Z  * [new branch]        500-epoch-record-validator-ejection -> origin/500-epoch-record-validator-ejection
2026-10-09T23:02:23.2856346Z  * [new branch]        744-recover-partial-get-closest-peers-results -> origin/744-recover-partial-get-closest-peers-results
2026-10-09T23:02:23.2857125Z  * [new branch]        adiri-deployment        -> origin/adiri-deployment
2026-10-09T23:02:23.2857768Z  * [new branch]        arm-adiri-fork-schedules -> origin/arm-adiri-fork-schedules
2026-10-09T23:02:23.2858421Z  * [new branch]        atomic-gc-round         -> origin/atomic-gc-round
2026-10-09T23:02:23.2859382Z  * [new branch]        backup/impl/payload-attr-consensus-output -> origin/backup/impl/payload-attr-consensus-output
2026-10-09T23:02:23.2860265Z  * [new branch]        basefees                -> origin/basefees
2026-10-09T23:02:23.2860894Z  * [new branch]        cantina-1045            -> origin/cantina-1045
2026-10-09T23:02:23.2861454Z  * [new branch]        cantina-1045-2          -> origin/cantina-1045-2
2026-10-09T23:02:23.2862027Z  * [new branch]        cantina-1075            -> origin/cantina-1075
2026-10-09T23:02:23.2862983Z  * [new branch]        cantina-1095            -> origin/cantina-1095
2026-10-09T23:02:23.2863834Z  * [new branch]        cantina-1134            -> origin/cantina-1134
2026-10-09T23:02:23.2864727Z  * [new branch]        cantina-174-gas-limit-dos-backup -> origin/cantina-174-gas-limit-dos-backup
2026-10-09T23:02:23.2865537Z  * [new branch]        cantina-244-precursor-kad-pull-records -> origin/cantina-244-precursor-kad-pull-records
2026-10-09T23:02:23.2866303Z  * [new branch]        cantina-310             -> origin/cantina-310
2026-10-09T23:02:23.2866839Z  * [new branch]        cantina-340             -> origin/cantina-340
2026-10-09T23:02:23.2867333Z  * [new branch]        cantina-473             -> origin/cantina-473
2026-10-09T23:02:23.2867899Z  * [new branch]        cantina-680             -> origin/cantina-680
2026-10-09T23:02:23.2868448Z  * [new branch]        cantina-805             -> origin/cantina-805
2026-10-09T23:02:23.2869596Z  * [new branch]        cantina-806             -> origin/cantina-806
2026-10-09T23:02:23.2870201Z  * [new branch]        cantina-835             -> origin/cantina-835
2026-10-09T23:02:23.2870706Z  * [new branch]        cantina-920             -> origin/cantina-920
2026-10-09T23:02:23.2871274Z  * [new branch]        cantina-927             -> origin/cantina-927
2026-10-09T23:02:23.2871776Z  * [new branch]        cantina-967             -> origin/cantina-967
2026-10-09T23:02:23.2872622Z  * [new branch]        cantina-970             -> origin/cantina-970
2026-10-09T23:02:23.2873344Z  * [new branch]        cathup-accumulator-rewards-backup -> origin/cathup-accumulator-rewards-backup
2026-10-09T23:02:23.2874228Z  * [new branch]        ci/1338-empty-batch-regressions -> origin/ci/1338-empty-batch-regressions
2026-10-09T23:02:23.2875085Z  * [new branch]        ci/1344-merge-validation -> origin/ci/1344-merge-validation
2026-10-09T23:02:23.2875670Z  * [new branch]        ci/1484-grace-validation -> origin/ci/1484-grace-validation
2026-10-09T23:02:23.2876401Z  * [new branch]        ci/1487-reconciliation-validation -> origin/ci/1487-reconciliation-validation
2026-10-09T23:02:23.2877183Z  * [new branch]        ci/1488-hub-join-validation -> origin/ci/1488-hub-join-validation
2026-10-09T23:02:23.2877823Z  * [new branch]        ci/1505-worker-rpc-lints -> origin/ci/1505-worker-rpc-lints
2026-10-09T23:02:23.2878530Z  * [new branch]        ci/1505-worker-rpc-validation -> origin/ci/1505-worker-rpc-validation
2026-10-09T23:02:23.2879488Z  * [new branch]        ci/1506-worker-admission-checks -> origin/ci/1506-worker-admission-checks
2026-10-09T23:02:23.2880293Z  * [new branch]        ci/1506-worker-admission-validation -> origin/ci/1506-worker-admission-validation
2026-10-09T23:02:23.2881035Z  * [new branch]        ci/1508-worker-state-lint -> origin/ci/1508-worker-state-lint
2026-10-09T23:02:23.2881703Z  * [new branch]        ci/1508-worker-state-validation -> origin/ci/1508-worker-state-validation
2026-10-09T23:02:23.2882400Z  * [new branch]        ci/sigkill-1510-recovery -> origin/ci/sigkill-1510-recovery
2026-10-09T23:02:23.2883010Z  * [new branch]        consensus-pack-error    -> origin/consensus-pack-error
2026-10-09T23:02:23.2883843Z  * [new branch]        consensus-registry-update-genesis-workaround -> origin/consensus-registry-update-genesis-workaround
2026-10-09T23:02:23.2884673Z  * [new branch]        consensus_header_digest -> origin/consensus_header_digest
2026-10-09T23:02:23.2885475Z  * [new branch]        dependabot/github_actions/actions-202ea8dff3 -> origin/dependabot/github_actions/actions-202ea8dff3
2026-10-09T23:02:23.2886364Z  * [new branch]        deploy-observer-fix-1-adiri-v0.5.1 -> origin/deploy-observer-fix-1-adiri-v0.5.1
2026-10-09T23:02:23.2887051Z  * [new branch]        devnet-bench-10-5-2026  -> origin/devnet-bench-10-5-2026
2026-10-09T23:02:23.2888226Z  * [new branch]        devnet-registry-fork-rehearsal -> origin/devnet-registry-fork-rehearsal
2026-10-09T23:02:23.2889122Z  * [new branch]        diagrams                -> origin/diagrams
2026-10-09T23:02:23.2890124Z  * [new branch]        discover-validators-peer-manager -> origin/discover-validators-peer-manager
2026-10-09T23:02:23.2890938Z  * [new branch]        doc-observer            -> origin/doc-observer
2026-10-09T23:02:23.2891527Z  * [new branch]        dockerfile-updates      -> origin/dockerfile-updates
2026-10-09T23:02:23.2892200Z  * [new branch]        epoch-boundary-procs    -> origin/epoch-boundary-procs
2026-10-09T23:02:23.2892890Z  * [new branch]        epoch-boundary-test-updates -> origin/epoch-boundary-test-updates
2026-10-09T23:02:23.2893548Z  * [new branch]        epoch-open-vote-delivery -> origin/epoch-open-vote-delivery
2026-10-09T23:02:23.2894328Z  * [new branch]        evidence/hub-capacity-1476-37940162416 -> origin/evidence/hub-capacity-1476-37940162416
2026-10-09T23:02:23.2894995Z  * [new branch]        exex-startup            -> origin/exex-startup
2026-10-09T23:02:23.2895541Z  * [new branch]        fast-commit-rule        -> origin/fast-commit-rule
2026-10-09T23:02:23.2896257Z  * [new branch]        feat/1476-public-hub-capacity -> origin/feat/1476-public-hub-capacity
2026-10-09T23:02:23.2896970Z  * [new branch]        feat/1485-peer-policy-reload -> origin/feat/1485-peer-policy-reload
2026-10-09T23:02:23.2897659Z  * [new branch]        feat/contracts-update   -> origin/feat/contracts-update
2026-10-09T23:02:23.2898400Z  * [new branch]        feat/include-el-state-in-primary-header -> origin/feat/include-el-state-in-primary-header
2026-10-09T23:02:23.2899689Z  * [new branch]        feat/node-record-reader-1411 -> origin/feat/node-record-reader-1411
2026-10-09T23:02:23.2900463Z  * [new branch]        feat/remove-unused-deps -> origin/feat/remove-unused-deps
2026-10-09T23:02:23.2901064Z  * [new branch]        feat/rpc-forward-txs    -> origin/feat/rpc-forward-txs
2026-10-09T23:02:23.2901869Z  * [new branch]        feat/validate-primary-header-el-data -> origin/feat/validate-primary-header-el-data
2026-10-09T23:02:23.2902704Z  * [new branch]        feat/worker-block-builder -> origin/feat/worker-block-builder
2026-10-09T23:02:23.2903450Z  * [new branch]        feat/worker-config-system-bindings -> origin/feat/worker-config-system-bindings
2026-10-09T23:02:23.2904365Z  * [new branch]        feat/worker-gateway-production-readiness -> origin/feat/worker-gateway-production-readiness
2026-10-09T23:02:23.2905197Z  * [new branch]        fix/1191-strict-commit-timestamp -> origin/fix/1191-strict-commit-timestamp
2026-10-09T23:02:23.2906036Z  * [new branch]        fix/1334-self-authorized-delegation -> origin/fix/1334-self-authorized-delegation
2026-10-09T23:02:23.2906905Z  * [new branch]        fix/1377-residual-duplicate-amplification -> origin/fix/1377-residual-duplicate-amplification
2026-10-09T23:02:23.2907698Z  * [new branch]        fix/1460-worker-regrow-base-fee -> origin/fix/1460-worker-regrow-base-fee
2026-10-09T23:02:23.2908497Z  * [new branch]        fix/1473-trusted-peer-connections -> origin/fix/1473-trusted-peer-connections
2026-10-09T23:02:23.2909484Z  * [new branch]        fix/1474-committee-record-refresh -> origin/fix/1474-committee-record-refresh
2026-10-09T23:02:23.2910386Z  * [new branch]        fix/1475-peer-admission-ban-lifecycle -> origin/fix/1475-peer-admission-ban-lifecycle
2026-10-09T23:02:23.2911205Z  * [new branch]        fix/1478-dao-observer-reservations -> origin/fix/1478-dao-observer-reservations
2026-10-09T23:02:23.2911948Z  * [new branch]        fix/1479-stale-committee-mappings -> origin/fix/1479-stale-committee-mappings
2026-10-09T23:02:23.2912720Z  * [new branch]        fix/1480-closed-admission -> origin/fix/1480-closed-admission
2026-10-09T23:02:23.2913336Z  * [new branch]        fix/1481-closed-discovery -> origin/fix/1481-closed-discovery
2026-10-09T23:02:23.2914062Z  * [new branch]        fix/1482-admitted-collateral-bans -> origin/fix/1482-admitted-collateral-bans
2026-10-09T23:02:23.2914820Z  * [new branch]        fix/1483-peer-exchange-backoff -> origin/fix/1483-peer-exchange-backoff
2026-10-09T23:02:23.2915683Z  * [new branch]        fix/1484-committee-grace -> origin/fix/1484-committee-grace
2026-10-09T23:02:23.2916549Z  * [new branch]        fix/1486-explicit-peer-reconciliation -> origin/fix/1486-explicit-peer-reconciliation
2026-10-09T23:02:23.2917389Z  * [new branch]        fix/1487-live-admission-reconciliation -> origin/fix/1487-live-admission-reconciliation
2026-10-09T23:02:23.2918146Z  * [new branch]        fix/1505-worker-rpc-rebind -> origin/fix/1505-worker-rpc-rebind
2026-10-09T23:02:23.2919161Z  * [new branch]        fix/1506-close-removed-worker-admission -> origin/fix/1506-close-removed-worker-admission
2026-10-09T23:02:23.2919963Z  * [new branch]        fix/1507-retired-worker-pool -> origin/fix/1507-retired-worker-pool
2026-10-09T23:02:23.2920736Z  * [new branch]        fix/1508-worker-state-api -> origin/fix/1508-worker-state-api
2026-10-09T23:02:23.2921405Z  * [new branch]        fix/1511-txn-histogram-buckets -> origin/fix/1511-txn-histogram-buckets
2026-10-09T23:02:23.2922177Z  * [new branch]        fix/1512-mainnet-six-hour-epochs -> origin/fix/1512-mainnet-six-hour-epochs
2026-10-09T23:02:23.2922976Z  * [new branch]        fix/1513-inactive-rejoin-under-load -> origin/fix/1513-inactive-rejoin-under-load
2026-10-09T23:02:23.2923697Z  * [new branch]        fix/1515-report-batch-dedupe -> origin/fix/1515-report-batch-dedupe
2026-10-09T23:02:23.2924474Z  * [new branch]        fix/1530-certifier-republish-barrier -> origin/fix/1530-certifier-republish-barrier
2026-10-09T23:02:23.2925469Z  * [new branch]        fix/1554-epoch-fee-simulations -> origin/fix/1554-epoch-fee-simulations
2026-10-09T23:02:23.2926256Z  * [new branch]        fix/delegation-digest-deadline -> origin/fix/delegation-digest-deadline
2026-10-09T23:02:23.2927017Z  * [new branch]        fix/devnet-prefork-registry-v0.12.1 -> origin/fix/devnet-prefork-registry-v0.12.1
2026-10-09T23:02:23.2927781Z  * [new branch]        fix/eip7702-gas-penalty-numerator -> origin/fix/eip7702-gas-penalty-numerator
2026-10-09T23:02:23.2928523Z  * [new branch]        fix/epoch-restart-recovery -> origin/fix/epoch-restart-recovery
2026-10-09T23:02:23.2929443Z  * [new branch]        fix/inactive-validator-rpc-admission -> origin/fix/inactive-validator-rpc-admission
2026-10-09T23:02:23.2930284Z  * [new branch]        fix/libp2p-lazy-protocol-negotiation -> origin/fix/libp2p-lazy-protocol-negotiation
2026-10-09T23:02:23.2931114Z  * [new branch]        fix/memory-leak-remediation -> origin/fix/memory-leak-remediation
2026-10-09T23:02:23.2931914Z  * [new branch]        fix/memory-leak-remediation-full-rebased -> origin/fix/memory-leak-remediation-full-rebased
2026-10-09T23:02:23.2932819Z  * [new branch]        fix/sentry-03-keep-own-record-fresh -> origin/fix/sentry-03-keep-own-record-fresh
2026-10-09T23:02:23.2933506Z  * [new branch]        harden-epoch-voting     -> origin/harden-epoch-voting
2026-10-09T23:02:23.2934063Z  * [new branch]        header_clone            -> origin/header_clone
2026-10-09T23:02:23.2934640Z  * [new branch]        health-check            -> origin/health-check
2026-10-09T23:02:23.2935290Z  * [new branch]        hotfix/adiri-epoch-cert-recovery -> origin/hotfix/adiri-epoch-cert-recovery
2026-10-09T23:02:23.2935962Z  * [new branch]        issue-214               -> origin/issue-214
2026-10-09T23:02:23.2936470Z  * [new branch]        issue-297               -> origin/issue-297
2026-10-09T23:02:23.2936975Z  * [new branch]        issue-384               -> origin/issue-384
2026-10-09T23:02:23.2937605Z  * [new branch]        issue-384-2             -> origin/issue-384-2
2026-10-09T23:02:23.2938109Z  * [new branch]        issue-384-3             -> origin/issue-384-3
2026-10-09T23:02:23.2938646Z  * [new branch]        issue-506-6             -> origin/issue-506-6
2026-10-09T23:02:23.2939375Z  * [new branch]        issue-634-alt-eyre      -> origin/issue-634-alt-eyre
2026-10-09T23:02:23.2939927Z  * [new branch]        issue-713               -> origin/issue-713
2026-10-09T23:02:23.2941183Z  * [new branch]        kad-records-republish-update -> origin/kad-records-republish-update
2026-10-09T23:02:23.2942040Z  * [new branch]        libp2p-stream           -> origin/libp2p-stream
2026-10-09T23:02:23.2942731Z  * [new branch]        libp2p-stream-2         -> origin/libp2p-stream-2
2026-10-09T23:02:23.2943457Z  * [new branch]        local-consensus-registry-fork-test -> origin/local-consensus-registry-fork-test
2026-10-09T23:02:23.2944115Z  * [new branch]        log_db_name             -> origin/log_db_name
2026-10-09T23:02:23.2944706Z  * [new branch]        main                    -> origin/main
2026-10-09T23:02:23.2945263Z  * [new branch]        network-keypair-swap    -> origin/network-keypair-swap
2026-10-09T23:02:23.2945896Z  * [new branch]        network/peer-exchange   -> origin/network/peer-exchange
2026-10-09T23:02:23.2946480Z  * [new branch]        obs-catchup             -> origin/obs-catchup
2026-10-09T23:02:23.2946996Z  * [new branch]        observer-fix1           -> origin/observer-fix1
2026-10-09T23:02:23.2947642Z  * [new branch]        pack-iter-version-check -> origin/pack-iter-version-check
2026-10-09T23:02:23.2948226Z  * [new branch]        pack_out_bytes1         -> origin/pack_out_bytes1
2026-10-09T23:02:23.2948788Z  * [new branch]        patch-dedup-batch-fork  -> origin/patch-dedup-batch-fork
2026-10-09T23:02:23.2949987Z  * [new branch]        patch-p2p-bcs-decode-missing-byte -> origin/patch-p2p-bcs-decode-missing-byte
2026-10-09T23:02:23.2950996Z  * [new branch]        patch/local-chain-id    -> origin/patch/local-chain-id
2026-10-09T23:02:23.2951707Z  * [new branch]        patch/pending-faucet-txs -> origin/patch/pending-faucet-txs
2026-10-09T23:02:23.2952321Z  * [new branch]        peer-manager-cleanup    -> origin/peer-manager-cleanup
2026-10-09T23:02:23.2952867Z  * [new branch]        pending-block           -> origin/pending-block
2026-10-09T23:02:23.2953502Z  * [new branch]        pin-epoch-boundary      -> origin/pin-epoch-boundary
2026-10-09T23:02:23.2954107Z  * [new branch]        precursor-cantina-1045  -> origin/precursor-cantina-1045
2026-10-09T23:02:23.2954784Z  * [new branch]        precursor-cantina-970   -> origin/precursor-cantina-970
2026-10-09T23:02:23.2955405Z  * [new branch]        primary-network-manager -> origin/primary-network-manager
2026-10-09T23:02:23.2956036Z  * [new branch]        refactor/1456-fork-active-at -> origin/refactor/1456-fork-active-at
2026-10-09T23:02:23.2956752Z  * [new branch]        refactor/block-builder  -> origin/refactor/block-builder
2026-10-09T23:02:23.2957549Z  * [new branch]        refactor/block-builder-with-pool-maintenance -> origin/refactor/block-builder-with-pool-maintenance
2026-10-09T23:02:23.2958323Z  * [new branch]        refactor/certifier      -> origin/refactor/certifier
2026-10-09T23:02:23.2959118Z  * [new branch]        refactor/inner-node-network -> origin/refactor/inner-node-network
2026-10-09T23:02:23.2959872Z  * [new branch]        refactor/inner-node-network-workers -> origin/refactor/inner-node-network-workers
2026-10-09T23:02:23.2960796Z  * [new branch]        refactor/primary-certificate-fetcher -> origin/refactor/primary-certificate-fetcher
2026-10-09T23:02:23.2961509Z  * [new branch]        refactor/synchronizer   -> origin/refactor/synchronizer
2026-10-09T23:02:23.2962124Z  * [new branch]        releases-infra          -> origin/releases-infra
2026-10-09T23:02:23.2962798Z  * [new branch]        rename-engine-committee-keys-read -> origin/rename-engine-committee-keys-read
2026-10-09T23:02:23.2963524Z  * [new branch]        replace-anemo-with-libp2p -> origin/replace-anemo-with-libp2p
2026-10-09T23:02:23.2964316Z  * [new branch]        repropose-headers       -> origin/repropose-headers
2026-10-09T23:02:23.2964880Z  * [new branch]        restart-fix1            -> origin/restart-fix1
2026-10-09T23:02:23.2965436Z  * [new branch]        restore-main            -> origin/restore-main
2026-10-09T23:02:23.2966000Z  * [new branch]        reth-upgrade-v1.3.12    -> origin/reth-upgrade-v1.3.12
2026-10-09T23:02:23.2966563Z  * [new branch]        rpc_tn_info             -> origin/rpc_tn_info
2026-10-09T23:02:23.2967542Z  * [new branch]        security/remove-peer-after-bad-gossip -> origin/security/remove-peer-after-bad-gossip
2026-10-09T23:02:23.2968397Z  * [new branch]        separate-gc-from-synchronizer -> origin/separate-gc-from-synchronizer
2026-10-09T23:02:23.2969213Z  * [new branch]        sls-base1               -> origin/sls-base1
2026-10-09T23:02:23.2969885Z  * [new branch]        sls-base2               -> origin/sls-base2
2026-10-09T23:02:23.2970433Z  * [new branch]        sls-base3               -> origin/sls-base3
2026-10-09T23:02:23.2970987Z  * [new branch]        sls-basefee2            -> origin/sls-basefee2
2026-10-09T23:02:23.2971496Z  * [new branch]        sls-basefee3            -> origin/sls-basefee3
2026-10-09T23:02:23.2971979Z  * [new branch]        sls-conf1               -> origin/sls-conf1
2026-10-09T23:02:23.2972543Z  * [new branch]        sls-conf2               -> origin/sls-conf2
2026-10-09T23:02:23.2973071Z  * [new branch]        sls-rewards             -> origin/sls-rewards
2026-10-09T23:02:23.2973680Z  * [new branch]        sls-testaccounts        -> origin/sls-testaccounts
2026-10-09T23:02:23.2974235Z  * [new branch]        sls-valtonode           -> origin/sls-valtonode
2026-10-09T23:02:23.2974747Z  * [new branch]        sls_btree_idx           -> origin/sls_btree_idx
2026-10-09T23:02:23.2975384Z  * [new branch]        sls_collect_epoch_underflow -> origin/sls_collect_epoch_underflow
2026-10-09T23:02:23.2976311Z  * [new branch]        sls_consensus_bytes     -> origin/sls_consensus_bytes
2026-10-09T23:02:23.2976964Z  * [new branch]        sls_consensus_chain_scan -> origin/sls_consensus_chain_scan
2026-10-09T23:02:23.2977526Z  * [new branch]        sls_db_benches          -> origin/sls_db_benches
2026-10-09T23:02:23.2978051Z  * [new branch]        sls_epoch_vote          -> origin/sls_epoch_vote
2026-10-09T23:02:23.2978689Z  * [new branch]        sls_exec_state_export   -> origin/sls_exec_state_export
2026-10-09T23:02:23.2979508Z  * [new branch]        sls_exec_state_import   -> origin/sls_exec_state_import
2026-10-09T23:02:23.2980179Z  * [new branch]        sls_exec_state_pack     -> origin/sls_exec_state_pack
2026-10-09T23:02:23.2980765Z  * [new branch]        sls_fix_basefee_test    -> origin/sls_fix_basefee_test
2026-10-09T23:02:23.2981374Z  * [new branch]        sls_hardened_consenuss_chain1 -> origin/sls_hardened_consenuss_chain1
2026-10-09T23:02:23.2982055Z  * [new branch]        sls_less_buckets        -> origin/sls_less_buckets
2026-10-09T23:02:23.2982645Z  * [new branch]        sls_new_pack_format     -> origin/sls_new_pack_format
2026-10-09T23:02:23.2983220Z  * [new branch]        sls_pack0_verify        -> origin/sls_pack0_verify
2026-10-09T23:02:23.2983790Z  * [new branch]        sls_partial_pack_stream2 -> origin/sls_partial_pack_stream2
2026-10-09T23:02:23.2984374Z  * [new branch]        sls_save_to_wrong_epoch -> origin/sls_save_to_wrong_epoch
2026-10-09T23:02:23.2985031Z  * [new branch]        sls_use_new_pack_format -> origin/sls_use_new_pack_format
2026-10-09T23:02:23.2985612Z  * [new branch]        snapshot-support        -> origin/snapshot-support
2026-10-09T23:02:23.2986240Z  * [new branch]        staging/mavenrain-2026-10-09 -> origin/staging/mavenrain-2026-10-09
2026-10-09T23:02:23.2986994Z  * [new branch]        startup-1-bootstrap-config -> origin/startup-1-bootstrap-config
2026-10-09T23:02:23.2987658Z  * [new branch]        startup-2-drop-observer-flag -> origin/startup-2-drop-observer-flag
2026-10-09T23:02:23.2988406Z  * [new branch]        startup-3-record-sync-gate -> origin/startup-3-record-sync-gate
2026-10-09T23:02:23.2989331Z  * [new branch]        startup-4-gossip-after-gate -> origin/startup-4-gossip-after-gate
2026-10-09T23:02:23.2990019Z  * [new branch]        startup-5-e2e-startup-flows -> origin/startup-5-e2e-startup-flows
2026-10-09T23:02:23.2990691Z  * [new branch]        subscriber-3.20         -> origin/subscriber-3.20
2026-10-09T23:02:23.2991238Z  * [new branch]        subsecond-fork-e2e      -> origin/subsecond-fork-e2e
2026-10-09T23:02:23.2992195Z  * [new branch]        sync_consensus_output   -> origin/sync_consensus_output
2026-10-09T23:02:23.2992832Z  * [new branch]        sync_fixes1             -> origin/sync_fixes1
2026-10-09T23:02:23.2993486Z  * [new branch]        task-manager-handle-critical-tasks -> origin/task-manager-handle-critical-tasks
2026-10-09T23:02:23.2994287Z  * [new branch]        test-speed-regress      -> origin/test-speed-regress
2026-10-09T23:02:23.2995011Z  * [new branch]        test/1377-residual-validation -> origin/test/1377-residual-validation
2026-10-09T23:02:23.2995716Z  * [new branch]        test/1488-hub-validator-join -> origin/test/1488-hub-validator-join
2026-10-09T23:02:23.2996385Z  * [new branch]        test/1567-e2e-suite-speedup -> origin/test/1567-e2e-suite-speedup
2026-10-09T23:02:23.2997095Z  * [new branch]        tn-contracts-precompile-0xfe -> origin/tn-contracts-precompile-0xfe
2026-10-09T23:02:23.2997691Z  * [new branch]        tn-foundry              -> origin/tn-foundry
2026-10-09T23:02:23.2998328Z  * [new branch]        tn-test-utils-workspace -> origin/tn-test-utils-workspace
2026-10-09T23:02:23.2999311Z  * [new branch]        unwind-on-panics        -> origin/unwind-on-panics
2026-10-09T23:02:23.2999996Z  * [new branch]        update-testnet-genesis  -> origin/update-testnet-genesis
2026-10-09T23:02:23.3000648Z  * [new branch]        v0.11.0-adiri           -> origin/v0.11.0-adiri
2026-10-09T23:02:23.3001418Z  * [new branch]        v0.3.2-adiri-patch      -> origin/v0.3.2-adiri-patch
2026-10-09T23:02:23.3002162Z  * [new branch]        validation/1348-epoch-fee-rpc -> origin/validation/1348-epoch-fee-rpc
2026-10-09T23:02:23.3002892Z  * [new branch]        validation/1460-worker-regrow-checks -> origin/validation/1460-worker-regrow-checks
2026-10-09T23:02:23.3003643Z  * [new branch]        work/1476-ci118-verification -> origin/work/1476-ci118-verification
2026-10-09T23:02:23.3004225Z  * [new tag]           adiri-v0.1.0            -> adiri-v0.1.0
2026-10-09T23:02:23.3004679Z  * [new tag]           adiri-v0.2.0            -> adiri-v0.2.0
2026-10-09T23:02:23.3005281Z  * [new tag]           cantina-competition-0   -> cantina-competition-0
2026-10-09T23:02:23.3005774Z  * [new tag]           v0.1.0-adiri            -> v0.1.0-adiri
2026-10-09T23:02:23.3006263Z  * [new tag]           v0.1.1-adiri            -> v0.1.1-adiri
2026-10-09T23:02:23.3006767Z  * [new tag]           v0.1.2-adiri            -> v0.1.2-adiri
2026-10-09T23:02:23.3007316Z  * [new tag]           v0.10.0-adiri           -> v0.10.0-adiri
2026-10-09T23:02:23.3007976Z  * [new tag]           v0.11.0-adiri           -> v0.11.0-adiri
2026-10-09T23:02:23.3008444Z  * [new tag]           v0.12.0-adiri           -> v0.12.0-adiri
2026-10-09T23:02:23.3009192Z  * [new tag]           v0.13.0-adiri           -> v0.13.0-adiri
2026-10-09T23:02:23.3009676Z  * [new tag]           v0.13.1-adiri           -> v0.13.1-adiri
2026-10-09T23:02:23.3010205Z  * [new tag]           v0.13.2-adiri           -> v0.13.2-adiri
2026-10-09T23:02:23.3010713Z  * [new tag]           v0.14.0-adiri           -> v0.14.0-adiri
2026-10-09T23:02:23.3011498Z  * [new tag]           v0.15.0-adiri           -> v0.15.0-adiri
2026-10-09T23:02:23.3012003Z  * [new tag]           v0.16.0-adiri           -> v0.16.0-adiri
2026-10-09T23:02:23.3012452Z  * [new tag]           v0.2.0-adiri            -> v0.2.0-adiri
2026-10-09T23:02:23.3012956Z  * [new tag]           v0.3.0-adiri            -> v0.3.0-adiri
2026-10-09T23:02:23.3013453Z  * [new tag]           v0.3.1-adiri            -> v0.3.1-adiri
2026-10-09T23:02:23.3013910Z  * [new tag]           v0.3.2-adiri-patch      -> v0.3.2-adiri-patch
2026-10-09T23:02:23.3014437Z  * [new tag]           v0.5.0-adiri            -> v0.5.0-adiri
2026-10-09T23:02:23.3014900Z  * [new tag]           v0.5.1-adiri            -> v0.5.1-adiri
2026-10-09T23:02:23.3015403Z  * [new tag]           v0.6.0-adiri            -> v0.6.0-adiri
2026-10-09T23:02:23.3015864Z  * [new tag]           v0.8.1-adiri            -> v0.8.1-adiri
2026-10-09T23:02:23.3016304Z  * [new tag]           v0.9.0-adiri            -> v0.9.0-adiri
2026-10-09T23:02:23.3017053Z  * [new tag]           v0.9.1-adiri            -> v0.9.1-adiri
2026-10-09T23:02:23.3017514Z  * [new tag]           v0.9.2-adiri            -> v0.9.2-adiri
2026-10-09T23:02:23.3019566Z [command]/usr/bin/git rev-parse --verify --quiet 3914e53957fcc3ff7befe8b1a3f9a3284bfaba4b^{object}
2026-10-09T23:02:23.3020164Z 3914e53957fcc3ff7befe8b1a3f9a3284bfaba4b
2026-10-09T23:02:23.3021399Z ##[endgroup]
2026-10-09T23:02:23.3022005Z ##[group]Determining the checkout info
2026-10-09T23:02:23.3022578Z ##[endgroup]
2026-10-09T23:02:23.3022902Z [command]/usr/bin/git sparse-checkout disable
2026-10-09T23:02:23.3966950Z [command]/usr/bin/git config --local --unset-all extensions.worktreeConfig
2026-10-09T23:02:23.4107804Z ##[group]Checking out the ref
2026-10-09T23:02:23.4111100Z [command]/usr/bin/git checkout --progress --force 3914e53957fcc3ff7befe8b1a3f9a3284bfaba4b
2026-10-09T23:02:23.4937596Z Note: switching to '3914e53957fcc3ff7befe8b1a3f9a3284bfaba4b'.
2026-10-09T23:02:23.4938524Z 
2026-10-09T23:02:23.4939755Z You are in 'detached HEAD' state. You can look around, make experimental
2026-10-09T23:02:23.4940609Z changes and commit them, and you can discard any commits you make in this
2026-10-09T23:02:23.4941225Z state without impacting any branches by switching back to a branch.
2026-10-09T23:02:23.4941538Z 
2026-10-09T23:02:23.4941799Z If you want to create a new branch to retain commits you create, you may
2026-10-09T23:02:23.4942862Z do so (now or later) by using -c with the switch command. Example:
2026-10-09T23:02:23.4943179Z 
2026-10-09T23:02:23.4943326Z   git switch -c <new-branch-name>
2026-10-09T23:02:23.4943552Z 
2026-10-09T23:02:23.4943793Z Or undo this operation with:
2026-10-09T23:02:23.4944006Z 
2026-10-09T23:02:23.4944147Z   git switch -
2026-10-09T23:02:23.4944306Z 
2026-10-09T23:02:23.4944595Z Turn off this advice by setting config variable advice.detachedHead to false
2026-10-09T23:02:23.4944921Z 
2026-10-09T23:02:23.4945342Z HEAD is now at 3914e539 test(primary): align drift rejection with peer scoring policy
2026-10-09T23:02:23.4958314Z ##[endgroup]
2026-10-09T23:02:23.5004490Z [command]/usr/bin/git log -1 --format=%H
2026-10-09T23:02:23.5031984Z 3914e53957fcc3ff7befe8b1a3f9a3284bfaba4b
2026-10-09T23:02:23.5356393Z ##[group]Run actions/download-artifact@3e5f45b2cfb9172054b4087a40e8e0b5a5461e7c
2026-10-09T23:02:23.5357099Z with:
2026-10-09T23:02:23.5357469Z   name: hub-capacity-linux-arm64-3914e53957fcc3ff7befe8b1a3f9a3284bfaba4b
2026-10-09T23:02:23.5358026Z   path: /home/runner/work/_temp/hub-capacity-binaries
2026-10-09T23:02:23.5358363Z   merge-multiple: false
2026-10-09T23:02:23.5358643Z   repository: Telcoin-Association/telcoin-network
2026-10-09T23:02:23.5359381Z   run-id: 37990571919
2026-10-09T23:02:23.5359632Z   skip-decompress: false
2026-10-09T23:02:23.5359965Z   digest-mismatch: error
2026-10-09T23:02:23.5360213Z env:
2026-10-09T23:02:23.5360423Z   CARGO_INCREMENTAL: 0
2026-10-09T23:02:23.5360759Z   RUSTFLAGS: -D warnings -D unused_extern_crates
2026-10-09T23:02:23.5361101Z   CARGO_TERM_COLOR: always
2026-10-09T23:02:23.5361394Z   RUST_BACKTRACE: 1
2026-10-09T23:02:23.5361635Z   CARGO_PROFILE_DEV_DEBUG: 0
2026-10-09T23:02:23.5361897Z   CARGO_PROFILE_TEST_DEBUG: 0
2026-10-09T23:02:23.5362267Z ##[endgroup]
2026-10-09T23:02:23.6511666Z Downloading single artifact
2026-10-09T23:02:23.8507648Z Preparing to download the following artifacts:
2026-10-09T23:02:23.8508774Z - hub-capacity-linux-arm64-3914e53957fcc3ff7befe8b1a3f9a3284bfaba4b (ID: 11646185897, Size: 68561066, Expected Digest: sha256:4a656fc80d44c6b12e1bcb18bddff2b7a5d8401be1d3d9edcf60bf9d4f6e7793)
2026-10-09T23:02:24.2646921Z Redirecting to blob download url: https://productionresultssa17.blob.core.windows.net/actions-results/50e2969a-f929-4bdd-8c4f-9a441ce7fe58/workflow-job-run-02eb996c-7b34-58c2-8287-ff38129b7261/artifacts/bbc9ab5a359068a74edc1bb09446205d4939b54cbe280e44cc600606a0baad21.zip
2026-10-09T23:02:24.2648257Z Starting download of artifact to: /home/runner/work/_temp/hub-capacity-binaries
2026-10-09T23:02:24.5332621Z (node:2244) [DEP0005] DeprecationWarning: Buffer() is deprecated due to security and usability issues. Please use the Buffer.alloc(), Buffer.allocUnsafe(), or Buffer.from() methods instead.
2026-10-09T23:02:24.5333770Z (Use `node --trace-deprecation ...` to show where the warning was created)
2026-10-09T23:02:27.1060007Z SHA256 digest of downloaded artifact is 4a656fc80d44c6b12e1bcb18bddff2b7a5d8401be1d3d9edcf60bf9d4f6e7793
2026-10-09T23:02:27.1060697Z Artifact download completed successfully.
2026-10-09T23:02:27.1061291Z Total of 1 artifact(s) downloaded
2026-10-09T23:02:27.1065119Z Download artifact has finished successfully
2026-10-09T23:02:27.1191551Z ##[group]Run set -euo pipefail
2026-10-09T23:02:27.1192165Z [36;1mset -euo pipefail[0m
2026-10-09T23:02:27.1192711Z [36;1marchive="foundry_${FOUNDRY_VERSION}_linux_arm64.tar.gz"[0m
2026-10-09T23:02:27.1193161Z [36;1mcurl -fsSL --retry 3 -o "${RUNNER_TEMP}/${archive}" \[0m
2026-10-09T23:02:27.1193720Z [36;1m  "https://github.com/foundry-rs/foundry/releases/download/${FOUNDRY_VERSION}/${archive}"[0m
2026-10-09T23:02:27.1194407Z [36;1mecho "${FOUNDRY_SHA256}  ${RUNNER_TEMP}/${archive}" | sha256sum --check --strict -[0m
2026-10-09T23:02:27.1194901Z [36;1mmkdir "${RUNNER_TEMP}/capacity-foundry"[0m
2026-10-09T23:02:27.1195409Z [36;1mtar -xzf "${RUNNER_TEMP}/${archive}" -C "${RUNNER_TEMP}/capacity-foundry" cast anvil[0m
2026-10-09T23:02:27.1196190Z [36;1mecho "${RUNNER_TEMP}/capacity-foundry" >> "${GITHUB_PATH}"[0m
2026-10-09T23:02:27.1196642Z [36;1m"${RUNNER_TEMP}/capacity-foundry/cast" --version[0m
2026-10-09T23:02:27.1197135Z [36;1m"${RUNNER_TEMP}/capacity-foundry/anvil" --version[0m
2026-10-09T23:02:27.1302418Z shell: /usr/bin/bash -e {0}
2026-10-09T23:02:27.1302822Z env:
2026-10-09T23:02:27.1303189Z   CARGO_INCREMENTAL: 0
2026-10-09T23:02:27.1303485Z   RUSTFLAGS: -D warnings -D unused_extern_crates
2026-10-09T23:02:27.1303871Z   CARGO_TERM_COLOR: always
2026-10-09T23:02:27.1304121Z   RUST_BACKTRACE: 1
2026-10-09T23:02:27.1304432Z   CARGO_PROFILE_DEV_DEBUG: 0
2026-10-09T23:02:27.1304717Z   CARGO_PROFILE_TEST_DEBUG: 0
2026-10-09T23:02:27.1304978Z   FOUNDRY_VERSION: v1.8.3
2026-10-09T23:02:27.1305399Z   FOUNDRY_SHA256: 93fc23be26c8a902ca58fe54aa6ca28c880b58af95d052674933161df7928e6d
2026-10-09T23:02:27.1305857Z ##[endgroup]
2026-10-09T23:02:28.8750997Z /home/runner/work/_temp/foundry_v1.8.3_linux_arm64.tar.gz: OK
2026-10-09T23:02:30.3866829Z cast Version: 1.8.3
2026-10-09T23:02:30.3867401Z Commit SHA: cae51ad458f6abb64852b7709eb784352429825d
2026-10-09T23:02:30.3869933Z Build Timestamp: 2026-09-15T10:28:47.866128021Z (1789468127)
2026-10-09T23:02:30.3870343Z Build Profile: dist
2026-10-09T23:02:30.3889861Z anvil Version: 1.8.3
2026-10-09T23:02:30.3890227Z Commit SHA: cae51ad458f6abb64852b7709eb784352429825d
2026-10-09T23:02:30.3890792Z Build Timestamp: 2026-09-15T10:28:47.866128021Z (1789468127)
2026-10-09T23:02:30.3891201Z Build Profile: dist
2026-10-09T23:02:30.3938659Z ##[group]Run docker build -f tools/hub-capacity/Dockerfile -t tn-capacity-1476-runtime:ubuntu24 tools/hub-capacity
2026-10-09T23:02:30.3939806Z [36;1mdocker build -f tools/hub-capacity/Dockerfile -t tn-capacity-1476-runtime:ubuntu24 tools/hub-capacity[0m
2026-10-09T23:02:30.3979590Z shell: /usr/bin/bash -e {0}
2026-10-09T23:02:30.3980085Z env:
2026-10-09T23:02:30.3980342Z   CARGO_INCREMENTAL: 0
2026-10-09T23:02:30.3980673Z   RUSTFLAGS: -D warnings -D unused_extern_crates
2026-10-09T23:02:30.3981054Z   CARGO_TERM_COLOR: always
2026-10-09T23:02:30.3981312Z   RUST_BACKTRACE: 1
2026-10-09T23:02:30.3982002Z   CARGO_PROFILE_DEV_DEBUG: 0
2026-10-09T23:02:30.3982273Z   CARGO_PROFILE_TEST_DEBUG: 0
2026-10-09T23:02:30.3982540Z ##[endgroup]
2026-10-09T23:02:30.8686312Z #0 building with "default" instance using docker driver
2026-10-09T23:02:30.8687132Z 
2026-10-09T23:02:30.8687509Z #1 [internal] load build definition from Dockerfile
2026-10-09T23:02:30.8688161Z #1 transferring dockerfile: 506B done
2026-10-09T23:02:30.8688456Z #1 DONE 0.0s
2026-10-09T23:02:30.8688593Z 
2026-10-09T23:02:30.8689248Z #2 [internal] load metadata for docker.io/library/ubuntu@sha256:008173c23f95b170204355c12626cb5a965d779a7e1283b09e9cffbb1bf33ca3
2026-10-09T23:02:31.0526250Z #2 ...
2026-10-09T23:02:31.0526520Z 
2026-10-09T23:02:31.0526726Z #3 [auth] library/ubuntu:pull token for registry-1.docker.io
2026-10-09T23:02:31.0527409Z #3 DONE 0.0s
2026-10-09T23:02:31.2030646Z 
2026-10-09T23:02:31.2032230Z #2 [internal] load metadata for docker.io/library/ubuntu@sha256:008173c23f95b170204355c12626cb5a965d779a7e1283b09e9cffbb1bf33ca3
2026-10-09T23:02:31.5622847Z #2 DONE 0.8s
2026-10-09T23:02:31.6773089Z 
2026-10-09T23:02:31.6773881Z #4 [internal] load .dockerignore
2026-10-09T23:02:31.6774446Z #4 transferring context: 2B done
2026-10-09T23:02:31.6775188Z #4 DONE 0.0s
2026-10-09T23:02:31.6775447Z 
2026-10-09T23:02:31.6776340Z #5 [1/3] FROM docker.io/library/ubuntu@sha256:008173c23f95b170204355c12626cb5a965d779a7e1283b09e9cffbb1bf33ca3
2026-10-09T23:02:31.6778756Z #5 resolve docker.io/library/ubuntu@sha256:008173c23f95b170204355c12626cb5a965d779a7e1283b09e9cffbb1bf33ca3 done
2026-10-09T23:02:31.6779716Z #5 sha256:008173c23f95b170204355c12626cb5a965d779a7e1283b09e9cffbb1bf33ca3 6.69kB / 6.69kB done
2026-10-09T23:02:31.6780501Z #5 sha256:11dc1ccb427f0464a2369e645454c272bb0baece7357c892ba69d313b3a332cf 424B / 424B done
2026-10-09T23:02:31.6781167Z #5 sha256:8494c74ca40fca88c433937d0d3a9cfd3ffee8e57d0a517ce68788d85c6b4b48 2.07kB / 2.07kB done
2026-10-09T23:02:31.6782390Z #5 sha256:8a38824eedc553ba80cf1eb7df278a003340f7409fd4b9002bce07db8840a9a2 0B / 28.94MB 0.1s
2026-10-09T23:02:31.8775528Z #5 sha256:8a38824eedc553ba80cf1eb7df278a003340f7409fd4b9002bce07db8840a9a2 11.53MB / 28.94MB 0.3s
2026-10-09T23:02:31.9775492Z #5 sha256:8a38824eedc553ba80cf1eb7df278a003340f7409fd4b9002bce07db8840a9a2 28.94MB / 28.94MB 0.4s
2026-10-09T23:02:32.1449414Z #5 sha256:8a38824eedc553ba80cf1eb7df278a003340f7409fd4b9002bce07db8840a9a2 28.94MB / 28.94MB 0.4s done
2026-10-09T23:02:32.1450253Z #5 extracting sha256:8a38824eedc553ba80cf1eb7df278a003340f7409fd4b9002bce07db8840a9a2 0.1s
2026-10-09T23:02:32.8663014Z #5 extracting sha256:8a38824eedc553ba80cf1eb7df278a003340f7409fd4b9002bce07db8840a9a2 0.8s done
2026-10-09T23:02:32.8663806Z #5 DONE 1.3s
2026-10-09T23:02:33.0185818Z 
2026-10-09T23:02:33.0187378Z #6 [2/3] RUN apt-get update && DEBIAN_FRONTEND=noninteractive apt-get install -y --no-install-recommends     ca-certificates curl iproute2 iptables libgcc-s1 libgmp10 libssl3t64 libstdc++6     python3 python3-yaml util-linux     && rm -rf /var/lib/apt/lists/*
2026-10-09T23:02:33.2077293Z #6 0.339 Get:1 http://ports.ubuntu.com/ubuntu-ports noble InRelease [256 kB]
2026-10-09T23:02:33.5116888Z #6 0.643 Get:2 http://ports.ubuntu.com/ubuntu-ports noble-updates InRelease [126 kB]
2026-10-09T23:02:33.6596091Z #6 0.717 Get:3 http://ports.ubuntu.com/ubuntu-ports noble-backports InRelease [126 kB]
2026-10-09T23:02:33.6597184Z #6 0.791 Get:4 http://ports.ubuntu.com/ubuntu-ports noble-security InRelease [126 kB]
2026-10-09T23:02:33.8848578Z #6 0.866 Get:5 http://ports.ubuntu.com/ubuntu-ports noble/main arm64 Packages [1776 kB]
2026-10-09T23:02:33.9621852Z #6 1.094 Get:6 http://ports.ubuntu.com/ubuntu-ports noble/universe arm64 Packages [19.0 MB]
2026-10-09T23:02:34.2954103Z #6 1.427 Get:7 http://ports.ubuntu.com/ubuntu-ports noble/restricted arm64 Packages [113 kB]
2026-10-09T23:02:34.4039456Z #6 1.428 Get:8 http://ports.ubuntu.com/ubuntu-ports noble/multiverse arm64 Packages [274 kB]
2026-10-09T23:02:34.4040635Z #6 1.429 Get:9 http://ports.ubuntu.com/ubuntu-ports noble-updates/universe arm64 Packages [2212 kB]
2026-10-09T23:02:34.4041723Z #6 1.438 Get:10 http://ports.ubuntu.com/ubuntu-ports noble-updates/restricted arm64 Packages [3185 kB]
2026-10-09T23:02:34.4042488Z #6 1.469 Get:11 http://ports.ubuntu.com/ubuntu-ports noble-updates/multiverse arm64 Packages [110 kB]
2026-10-09T23:02:34.4043193Z #6 1.470 Get:12 http://ports.ubuntu.com/ubuntu-ports noble-updates/main arm64 Packages [1761 kB]
2026-10-09T23:02:34.4044026Z #6 1.477 Get:13 http://ports.ubuntu.com/ubuntu-ports noble-backports/multiverse arm64 Packages [671 B]
2026-10-09T23:02:34.4044728Z #6 1.478 Get:14 http://ports.ubuntu.com/ubuntu-ports noble-backports/main arm64 Packages [49.0 kB]
2026-10-09T23:02:34.4045711Z #6 1.478 Get:15 http://ports.ubuntu.com/ubuntu-ports noble-backports/universe arm64 Packages [36.3 kB]
2026-10-09T23:02:34.4046399Z #6 1.482 Get:16 http://ports.ubuntu.com/ubuntu-ports noble-security/main arm64 Packages [1448 kB]
2026-10-09T23:02:34.4047181Z #6 1.536 Get:17 http://ports.ubuntu.com/ubuntu-ports noble-security/universe arm64 Packages [1636 kB]
2026-10-09T23:02:34.5620565Z #6 1.542 Get:18 http://ports.ubuntu.com/ubuntu-ports noble-security/multiverse arm64 Packages [105 kB]
2026-10-09T23:02:34.5621342Z #6 1.543 Get:19 http://ports.ubuntu.com/ubuntu-ports noble-security/restricted arm64 Packages [3063 kB]
2026-10-09T23:02:35.1709270Z #6 2.303 Fetched 35.4 MB in 2s (16.2 MB/s)
2026-10-09T23:02:36.0137159Z #6 2.303 Reading package lists...
2026-10-09T23:02:36.8770647Z #6 3.162 Reading package lists...
2026-10-09T23:02:37.1678874Z #6 4.019 Building dependency tree...
2026-10-09T23:02:37.1680397Z #6 4.300 Reading state information...
2026-10-09T23:02:37.5104180Z #6 4.642 libgcc-s1 is already the newest version (14.2.0-4ubuntu2~24.04.1).
2026-10-09T23:02:37.5105064Z #6 4.642 libgmp10 is already the newest version (2:6.3.0+dfsg-2ubuntu6.1).
2026-10-09T23:02:37.5106417Z #6 4.642 libstdc++6 is already the newest version (14.2.0-4ubuntu2~24.04.1).
2026-10-09T23:02:37.5107165Z #6 4.642 util-linux is already the newest version (2.39.3-9ubuntu6.6).
2026-10-09T23:02:37.5107826Z #6 4.642 The following additional packages will be installed:
2026-10-09T23:02:37.5108445Z #6 4.642   libbpf1 libbrotli1 libcap2-bin libcurl4t64 libelf1t64 libexpat1
2026-10-09T23:02:37.5109396Z #6 4.642   libgssapi-krb5-2 libip4tc2 libip6tc2 libk5crypto3 libkeyutils1 libkrb5-3
2026-10-09T23:02:37.5110169Z #6 4.642   libkrb5support0 libldap2 libmnl0 libnetfilter-conntrack3 libnfnetlink0
2026-10-09T23:02:37.5111095Z #6 4.642   libnftnl11 libnghttp2-14 libpsl5t64 libpython3-stdlib libpython3.12-minimal
2026-10-09T23:02:37.7433235Z #6 4.642   libpython3.12-stdlib libreadline8t64 librtmp1 libsasl2-2 libsasl2-modules-db
2026-10-09T23:02:37.7433975Z #6 4.643   libsqlite3-0 libssh-4 libxtables12 libyaml-0-2 media-types netbase openssl
2026-10-09T23:02:37.7434734Z #6 4.643   python3-minimal python3.12 python3.12-minimal readline-common tzdata
2026-10-09T23:02:37.7435189Z #6 4.644 Suggested packages:
2026-10-09T23:02:37.7435565Z #6 4.644   iproute2-doc firewalld kmod krb5-doc krb5-user python3-doc python3-tk
2026-10-09T23:02:37.7436180Z #6 4.644   python3-venv python3.12-venv python3.12-doc binutils binfmt-support
2026-10-09T23:02:37.7436589Z #6 4.644   readline-doc
2026-10-09T23:02:37.7436875Z #6 4.644 Recommended packages:
2026-10-09T23:02:37.7437269Z #6 4.644   libatm1t64 nftables libpam-cap krb5-locales libldap-common publicsuffix
2026-10-09T23:02:37.7438202Z #6 4.644   libsasl2-modules
2026-10-09T23:02:37.7438581Z #6 4.722 The following NEW packages will be installed:
2026-10-09T23:02:37.7439347Z #6 4.722   ca-certificates curl iproute2 iptables libbpf1 libbrotli1 libcap2-bin
2026-10-09T23:02:37.7439937Z #6 4.722   libcurl4t64 libelf1t64 libexpat1 libgssapi-krb5-2 libip4tc2 libip6tc2
2026-10-09T23:02:37.7440460Z #6 4.722   libk5crypto3 libkeyutils1 libkrb5-3 libkrb5support0 libldap2 libmnl0
2026-10-09T23:02:37.7441083Z #6 4.722   libnetfilter-conntrack3 libnfnetlink0 libnftnl11 libnghttp2-14 libpsl5t64
2026-10-09T23:02:37.7441674Z #6 4.722   libpython3-stdlib libpython3.12-minimal libpython3.12-stdlib libreadline8t64
2026-10-09T23:02:37.7442246Z #6 4.723   librtmp1 libsasl2-2 libsasl2-modules-db libsqlite3-0 libssh-4 libxtables12
2026-10-09T23:02:37.7442867Z #6 4.723   libyaml-0-2 media-types netbase openssl python3 python3-minimal python3-yaml
2026-10-09T23:02:37.7443379Z #6 4.723   python3.12 python3.12-minimal readline-common tzdata
2026-10-09T23:02:37.7443786Z #6 4.724 The following packages will be upgraded:
2026-10-09T23:02:37.7444103Z #6 4.725   libssl3t64
2026-10-09T23:02:37.8435680Z #6 4.975 1 upgraded, 45 newly installed, 0 to remove and 3 not upgraded.
2026-10-09T23:02:38.3909246Z #6 4.975 Need to get 14.4 MB of archives.
2026-10-09T23:02:38.3909833Z #6 4.975 After this operation, 53.1 MB of additional disk space will be used.
2026-10-09T23:02:38.3910538Z #6 4.975 Get:1 http://ports.ubuntu.com/ubuntu-ports noble-updates/main arm64 libssl3t64 arm64 3.0.13-0ubuntu3.16 [1838 kB]
2026-10-09T23:02:38.3911469Z #6 5.523 Get:2 http://ports.ubuntu.com/ubuntu-ports noble-updates/main arm64 libpython3.12-minimal arm64 3.12.3-1ubuntu0.17 [835 kB]
2026-10-09T23:02:38.5227583Z #6 5.548 Get:3 http://ports.ubuntu.com/ubuntu-ports noble-updates/main arm64 libexpat1 arm64 2.6.1-2ubuntu0.6 [89.8 kB]
2026-10-09T23:02:38.5229391Z #6 5.575 Get:4 http://ports.ubuntu.com/ubuntu-ports noble-updates/main arm64 python3.12-minimal arm64 3.12.3-1ubuntu0.17 [2253 kB]
2026-10-09T23:02:38.5231840Z #6 5.654 Get:5 http://ports.ubuntu.com/ubuntu-ports noble-updates/main arm64 python3-minimal arm64 3.12.3-0ubuntu2.1 [27.4 kB]
2026-10-09T23:02:38.6278521Z #6 5.655 Get:6 http://ports.ubuntu.com/ubuntu-ports noble/main arm64 media-types all 10.1.0 [27.5 kB]
2026-10-09T23:02:38.6279507Z #6 5.656 Get:7 http://ports.ubuntu.com/ubuntu-ports noble/main arm64 netbase all 6.4 [13.1 kB]
2026-10-09T23:02:38.6280522Z #6 5.656 Get:8 http://ports.ubuntu.com/ubuntu-ports noble-updates/main arm64 tzdata all 2026c-0ubuntu0.24.04.1 [280 kB]
2026-10-09T23:02:38.6281659Z #6 5.679 Get:9 http://ports.ubuntu.com/ubuntu-ports noble/main arm64 readline-common all 8.2-4build1 [56.5 kB]
2026-10-09T23:02:38.6282386Z #6 5.679 Get:10 http://ports.ubuntu.com/ubuntu-ports noble/main arm64 libreadline8t64 arm64 8.2-4build1 [153 kB]
2026-10-09T23:02:38.6283221Z #6 5.682 Get:11 http://ports.ubuntu.com/ubuntu-ports noble-updates/main arm64 libsqlite3-0 arm64 3.45.1-1ubuntu2.8 [691 kB]
2026-10-09T23:02:38.6284077Z #6 5.696 Get:12 http://ports.ubuntu.com/ubuntu-ports noble-updates/main arm64 libpython3.12-stdlib arm64 3.12.3-1ubuntu0.17 [2039 kB]
2026-10-09T23:02:38.6284999Z #6 5.743 Get:13 http://ports.ubuntu.com/ubuntu-ports noble-updates/main arm64 python3.12 arm64 3.12.3-1ubuntu0.17 [651 kB]
2026-10-09T23:02:38.6285814Z #6 5.749 Get:14 http://ports.ubuntu.com/ubuntu-ports noble-updates/main arm64 libpython3-stdlib arm64 3.12.3-0ubuntu2.1 [10.1 kB]
2026-10-09T23:02:38.6286622Z #6 5.750 Get:15 http://ports.ubuntu.com/ubuntu-ports noble-updates/main arm64 python3 arm64 3.12.3-0ubuntu2.1 [23.0 kB]
2026-10-09T23:02:38.6287446Z #6 5.750 Get:16 http://ports.ubuntu.com/ubuntu-ports noble-updates/main arm64 openssl arm64 3.0.13-0ubuntu3.16 [985 kB]
2026-10-09T23:02:38.6288245Z #6 5.760 Get:17 http://ports.ubuntu.com/ubuntu-ports noble-updates/main arm64 ca-certificates all 20260601~24.04.1 [139 kB]
2026-10-09T23:02:38.7553045Z #6 5.783 Get:18 http://ports.ubuntu.com/ubuntu-ports noble-updates/main arm64 libelf1t64 arm64 0.190-1.1ubuntu0.1 [58.4 kB]
2026-10-09T23:02:38.7554388Z #6 5.784 Get:19 http://ports.ubuntu.com/ubuntu-ports noble/main arm64 libbpf1 arm64 1:1.3.0-2build2 [168 kB]
2026-10-09T23:02:38.7555835Z #6 5.785 Get:20 http://ports.ubuntu.com/ubuntu-ports noble/main arm64 libmnl0 arm64 1.0.5-2build1 [12.4 kB]
2026-10-09T23:02:38.7556638Z #6 5.785 Get:21 http://ports.ubuntu.com/ubuntu-ports noble/main arm64 libxtables12 arm64 1.8.10-3ubuntu2 [35.9 kB]
2026-10-09T23:02:38.7560725Z #6 5.835 Get:22 http://ports.ubuntu.com/ubuntu-ports noble-updates/main arm64 libcap2-bin arm64 1:2.66-5ubuntu2.4 [33.5 kB]
2026-10-09T23:02:38.7562374Z #6 5.835 Get:23 http://ports.ubuntu.com/ubuntu-ports noble-updates/main arm64 iproute2 arm64 6.1.0-1ubuntu6.4 [1126 kB]
2026-10-09T23:02:38.7563215Z #6 5.842 Get:24 http://ports.ubuntu.com/ubuntu-ports noble-updates/main arm64 libkrb5support0 arm64 1.20.1-6ubuntu2.10 [35.4 kB]
2026-10-09T23:02:38.7564220Z #6 5.842 Get:25 http://ports.ubuntu.com/ubuntu-ports noble-updates/main arm64 libk5crypto3 arm64 1.20.1-6ubuntu2.10 [85.8 kB]
2026-10-09T23:02:38.7565003Z #6 5.843 Get:26 http://ports.ubuntu.com/ubuntu-ports noble/main arm64 libkeyutils1 arm64 1.6.3-3build1 [9654 B]
2026-10-09T23:02:38.7566736Z #6 5.844 Get:27 http://ports.ubuntu.com/ubuntu-ports noble-updates/main arm64 libkrb5-3 arm64 1.20.1-6ubuntu2.10 [350 kB]
2026-10-09T23:02:38.7567605Z #6 5.887 Get:28 http://ports.ubuntu.com/ubuntu-ports noble-updates/main arm64 libgssapi-krb5-2 arm64 1.20.1-6ubuntu2.10 [142 kB]
2026-10-09T23:02:38.8596477Z #6 5.888 Get:29 http://ports.ubuntu.com/ubuntu-ports noble/main arm64 libyaml-0-2 arm64 0.2.5-1build1 [51.5 kB]
2026-10-09T23:02:38.8597705Z #6 5.889 Get:30 http://ports.ubuntu.com/ubuntu-ports noble/main arm64 python3-yaml arm64 6.0.1-2build2 [113 kB]
2026-10-09T23:02:38.8599980Z #6 5.890 Get:31 http://ports.ubuntu.com/ubuntu-ports noble/main arm64 libip4tc2 arm64 1.8.10-3ubuntu2 [23.4 kB]
2026-10-09T23:02:38.8600823Z #6 5.939 Get:32 http://ports.ubuntu.com/ubuntu-ports noble/main arm64 libip6tc2 arm64 1.8.10-3ubuntu2 [23.7 kB]
2026-10-09T23:02:38.8601640Z #6 5.940 Get:33 http://ports.ubuntu.com/ubuntu-ports noble/main arm64 libnfnetlink0 arm64 1.0.2-2build1 [14.7 kB]
2026-10-09T23:02:38.8602452Z #6 5.940 Get:34 http://ports.ubuntu.com/ubuntu-ports noble/main arm64 libnetfilter-conntrack3 arm64 1.0.9-6build1 [45.6 kB]
2026-10-09T23:02:38.8603210Z #6 5.940 Get:35 http://ports.ubuntu.com/ubuntu-ports noble/main arm64 libnftnl11 arm64 1.2.6-2build1 [66.2 kB]
2026-10-09T23:02:38.8604294Z #6 5.941 Get:36 http://ports.ubuntu.com/ubuntu-ports noble/main arm64 iptables arm64 1.8.10-3ubuntu2 [388 kB]
2026-10-09T23:02:38.8605056Z #6 5.943 Get:37 http://ports.ubuntu.com/ubuntu-ports noble-updates/main arm64 libnghttp2-14 arm64 1.59.0-1ubuntu0.4 [74.8 kB]
2026-10-09T23:02:38.8605850Z #6 5.991 Get:38 http://ports.ubuntu.com/ubuntu-ports noble/main arm64 libpsl5t64 arm64 0.21.2-1.1build1 [57.4 kB]
2026-10-09T23:02:39.0326942Z #6 5.992 Get:39 http://ports.ubuntu.com/ubuntu-ports noble/main arm64 libbrotli1 arm64 1.1.0-2build2 [339 kB]
2026-10-09T23:02:39.0328062Z #6 5.994 Get:40 http://ports.ubuntu.com/ubuntu-ports noble-updates/main arm64 libsasl2-modules-db arm64 2.1.28+dfsg1-5ubuntu3.1 [21.6 kB]
2026-10-09T23:02:39.0329173Z #6 5.995 Get:41 http://ports.ubuntu.com/ubuntu-ports noble-updates/main arm64 libsasl2-2 arm64 2.1.28+dfsg1-5ubuntu3.1 [54.7 kB]
2026-10-09T23:02:39.0330062Z #6 6.043 Get:42 http://ports.ubuntu.com/ubuntu-ports noble-updates/main arm64 libldap2 arm64 2.6.10+dfsg-0ubuntu0.24.04.1 [196 kB]
2026-10-09T23:02:39.0331060Z #6 6.045 Get:43 http://ports.ubuntu.com/ubuntu-ports noble/main arm64 librtmp1 arm64 2.4+20151223.gitfa8646d.1-2build7 [57.8 kB]
2026-10-09T23:02:39.0331893Z #6 6.045 Get:44 http://ports.ubuntu.com/ubuntu-ports noble-updates/main arm64 libssh-4 arm64 0.10.6-2ubuntu0.5 [192 kB]
2026-10-09T23:02:39.0332740Z #6 6.047 Get:45 http://ports.ubuntu.com/ubuntu-ports noble-updates/main arm64 libcurl4t64 arm64 8.5.0-2ubuntu10.15 [337 kB]
2026-10-09T23:02:39.0333894Z #6 6.049 Get:46 http://ports.ubuntu.com/ubuntu-ports noble-updates/main arm64 curl arm64 8.5.0-2ubuntu10.15 [222 kB]
2026-10-09T23:02:39.0334615Z #6 6.164 debconf: delaying package configuration, since apt-utils is not installed
2026-10-09T23:02:39.1673765Z #6 6.204 Fetched 14.4 MB in 1s (11.0 MB/s)
2026-10-09T23:02:39.1674399Z #6 6.216 (Reading database ... 
2026-10-09T23:02:39.1674693Z (Reading database ... 5%
2026-10-09T23:02:39.1674987Z (Reading database ... 10%
2026-10-09T23:02:39.1675315Z (Reading database ... 15%
2026-10-09T23:02:39.1675572Z (Reading database ... 20%
2026-10-09T23:02:39.1675893Z (Reading database ... 25%
2026-10-09T23:02:39.1676157Z (Reading database ... 30%
2026-10-09T23:02:39.1676438Z (Reading database ... 35%
2026-10-09T23:02:39.1676714Z (Reading database ... 40%
2026-10-09T23:02:39.1677003Z (Reading database ... 45%
2026-10-09T23:02:39.1677275Z (Reading database ... 50%
2026-10-09T23:02:39.1677527Z (Reading database ... 55%
2026-10-09T23:02:39.1677831Z (Reading database ... 60%
2026-10-09T23:02:39.1678099Z (Reading database ... 65%
2026-10-09T23:02:39.1678384Z (Reading database ... 70%
2026-10-09T23:02:39.1678643Z (Reading database ... 75%
2026-10-09T23:02:39.1679138Z (Reading database ... 80%
2026-10-09T23:02:39.1679549Z (Reading database ... 85%
2026-10-09T23:02:39.1679823Z (Reading database ... 90%
2026-10-09T23:02:39.1680091Z (Reading database ... 95%
2026-10-09T23:02:39.1680350Z (Reading database ... 100%
2026-10-09T23:02:39.1680700Z (Reading database ... 4376 files and directories currently installed.)
2026-10-09T23:02:39.1681275Z #6 6.220 Preparing to unpack .../libssl3t64_3.0.13-0ubuntu3.16_arm64.deb ...
2026-10-09T23:02:39.1681793Z #6 6.223 Unpacking libssl3t64:arm64 (3.0.13-0ubuntu3.16) over (3.0.13-0ubuntu3.15) ...
2026-10-09T23:02:39.1682296Z #6 6.299 Setting up libssl3t64:arm64 (3.0.13-0ubuntu3.16) ...
2026-10-09T23:02:39.4006805Z #6 6.314 Selecting previously unselected package libpython3.12-minimal:arm64.
2026-10-09T23:02:39.4007656Z #6 6.314 (Reading database ... 
2026-10-09T23:02:39.4007976Z (Reading database ... 5%
2026-10-09T23:02:39.4008271Z (Reading database ... 10%
2026-10-09T23:02:39.4008586Z (Reading database ... 15%
2026-10-09T23:02:39.4009210Z (Reading database ... 20%
2026-10-09T23:02:39.4009502Z (Reading database ... 25%
2026-10-09T23:02:39.4009757Z (Reading database ... 30%
2026-10-09T23:02:39.4010128Z (Reading database ... 35%
2026-10-09T23:02:39.4010385Z (Reading database ... 40%
2026-10-09T23:02:39.4010677Z (Reading database ... 45%
2026-10-09T23:02:39.4767788Z (Reading database ... 50%
2026-10-09T23:02:39.4768044Z (Reading database ... 55%
2026-10-09T23:02:39.4768441Z (Reading database ... 60%
2026-10-09T23:02:39.4768714Z (Reading database ... 65%
2026-10-09T23:02:39.4769141Z (Reading database ... 70%
2026-10-09T23:02:39.4769411Z (Reading database ... 75%
2026-10-09T23:02:39.4769662Z (Reading database ... 80%
2026-10-09T23:02:39.4770031Z (Reading database ... 85%
2026-10-09T23:02:39.4770279Z (Reading database ... 90%
2026-10-09T23:02:39.4770568Z (Reading database ... 95%
2026-10-09T23:02:39.4770841Z (Reading database ... 100%
2026-10-09T23:02:39.4771223Z (Reading database ... 4376 files and directories currently installed.)
2026-10-09T23:02:39.4771779Z #6 6.317 Preparing to unpack .../libpython3.12-minimal_3.12.3-1ubuntu0.17_arm64.deb ...
2026-10-09T23:02:39.4772300Z #6 6.318 Unpacking libpython3.12-minimal:arm64 (3.12.3-1ubuntu0.17) ...
2026-10-09T23:02:39.4772777Z #6 6.361 Selecting previously unselected package libexpat1:arm64.
2026-10-09T23:02:39.4773276Z #6 6.362 Preparing to unpack .../libexpat1_2.6.1-2ubuntu0.6_arm64.deb ...
2026-10-09T23:02:39.4773715Z #6 6.364 Unpacking libexpat1:arm64 (2.6.1-2ubuntu0.6) ...
2026-10-09T23:02:39.4774167Z #6 6.377 Selecting previously unselected package python3.12-minimal.
2026-10-09T23:02:39.4774680Z #6 6.378 Preparing to unpack .../python3.12-minimal_3.12.3-1ubuntu0.17_arm64.deb ...
2026-10-09T23:02:39.4775175Z #6 6.382 Unpacking python3.12-minimal (3.12.3-1ubuntu0.17) ...
2026-10-09T23:02:39.5890399Z #6 6.721 Setting up libpython3.12-minimal:arm64 (3.12.3-1ubuntu0.17) ...
2026-10-09T23:02:39.7461457Z #6 6.725 Setting up libexpat1:arm64 (2.6.1-2ubuntu0.6) ...
2026-10-09T23:02:39.7462008Z #6 6.727 Setting up python3.12-minimal (3.12.3-1ubuntu0.17) ...
2026-10-09T23:02:40.2331840Z #6 7.363 Selecting previously unselected package python3-minimal.
2026-10-09T23:02:40.3410605Z #6 7.363 (Reading database ... 
2026-10-09T23:02:40.3411745Z (Reading database ... 5%
2026-10-09T23:02:40.3412094Z (Reading database ... 10%
2026-10-09T23:02:40.3412564Z (Reading database ... 15%
2026-10-09T23:02:40.3412819Z (Reading database ... 20%
2026-10-09T23:02:40.3413105Z (Reading database ... 25%
2026-10-09T23:02:40.3413425Z (Reading database ... 30%
2026-10-09T23:02:40.3413694Z (Reading database ... 35%
2026-10-09T23:02:40.3413996Z (Reading database ... 40%
2026-10-09T23:02:40.3414257Z (Reading database ... 45%
2026-10-09T23:02:40.3414529Z (Reading database ... 50%
2026-10-09T23:02:40.3414843Z (Reading database ... 55%
2026-10-09T23:02:40.3415088Z (Reading database ... 60%
2026-10-09T23:02:40.3415406Z (Reading database ... 65%
2026-10-09T23:02:40.3415665Z (Reading database ... 70%
2026-10-09T23:02:40.3415984Z (Reading database ... 75%
2026-10-09T23:02:40.3416265Z (Reading database ... 80%
2026-10-09T23:02:40.3416510Z (Reading database ... 85%
2026-10-09T23:02:40.3416792Z (Reading database ... 90%
2026-10-09T23:02:40.3417066Z (Reading database ... 95%
2026-10-09T23:02:40.3417365Z (Reading database ... 100%
2026-10-09T23:02:40.3417737Z (Reading database ... 4695 files and directories currently installed.)
2026-10-09T23:02:40.3418248Z #6 7.366 Preparing to unpack .../0-python3-minimal_3.12.3-0ubuntu2.1_arm64.deb ...
2026-10-09T23:02:40.3418763Z #6 7.367 Unpacking python3-minimal (3.12.3-0ubuntu2.1) ...
2026-10-09T23:02:40.3419447Z #6 7.380 Selecting previously unselected package media-types.
2026-10-09T23:02:40.3419969Z #6 7.381 Preparing to unpack .../1-media-types_10.1.0_all.deb ...
2026-10-09T23:02:40.3420351Z #6 7.382 Unpacking media-types (10.1.0) ...
2026-10-09T23:02:40.3420764Z #6 7.395 Selecting previously unselected package netbase.
2026-10-09T23:02:40.3421165Z #6 7.396 Preparing to unpack .../2-netbase_6.4_all.deb ...
2026-10-09T23:02:40.3421524Z #6 7.397 Unpacking netbase (6.4) ...
2026-10-09T23:02:40.3421874Z #6 7.411 Selecting previously unselected package tzdata.
2026-10-09T23:02:40.3422330Z #6 7.412 Preparing to unpack .../3-tzdata_2026c-0ubuntu0.24.04.1_all.deb ...
2026-10-09T23:02:40.3422782Z #6 7.414 Unpacking tzdata (2026c-0ubuntu0.24.04.1) ...
2026-10-09T23:02:40.3423558Z #6 7.457 Selecting previously unselected package readline-common.
2026-10-09T23:02:40.3424062Z #6 7.458 Preparing to unpack .../4-readline-common_8.2-4build1_all.deb ...
2026-10-09T23:02:40.3424553Z #6 7.459 Unpacking readline-common (8.2-4build1) ...
2026-10-09T23:02:40.3424974Z #6 7.473 Selecting previously unselected package libreadline8t64:arm64.
2026-10-09T23:02:40.4591654Z #6 7.474 Preparing to unpack .../5-libreadline8t64_8.2-4build1_arm64.deb ...
2026-10-09T23:02:40.4592590Z #6 7.478 Adding 'diversion of /lib/aarch64-linux-gnu/libhistory.so.8 to /lib/aarch64-linux-gnu/libhistory.so.8.usr-is-merged by libreadline8t64'
2026-10-09T23:02:40.4593577Z #6 7.481 Adding 'diversion of /lib/aarch64-linux-gnu/libhistory.so.8.2 to /lib/aarch64-linux-gnu/libhistory.so.8.2.usr-is-merged by libreadline8t64'
2026-10-09T23:02:40.4594717Z #6 7.484 Adding 'diversion of /lib/aarch64-linux-gnu/libreadline.so.8 to /lib/aarch64-linux-gnu/libreadline.so.8.usr-is-merged by libreadline8t64'
2026-10-09T23:02:40.4595757Z #6 7.486 Adding 'diversion of /lib/aarch64-linux-gnu/libreadline.so.8.2 to /lib/aarch64-linux-gnu/libreadline.so.8.2.usr-is-merged by libreadline8t64'
2026-10-09T23:02:40.4596501Z #6 7.488 Unpacking libreadline8t64:arm64 (8.2-4build1) ...
2026-10-09T23:02:40.4596937Z #6 7.504 Selecting previously unselected package libsqlite3-0:arm64.
2026-10-09T23:02:40.4597467Z #6 7.505 Preparing to unpack .../6-libsqlite3-0_3.45.1-1ubuntu2.8_arm64.deb ...
2026-10-09T23:02:40.4598316Z #6 7.506 Unpacking libsqlite3-0:arm64 (3.45.1-1ubuntu2.8) ...
2026-10-09T23:02:40.4598813Z #6 7.524 Selecting previously unselected package libpython3.12-stdlib:arm64.
2026-10-09T23:02:40.4599827Z #6 7.526 Preparing to unpack .../7-libpython3.12-stdlib_3.12.3-1ubuntu0.17_arm64.deb ...
2026-10-09T23:02:40.4600370Z #6 7.526 Unpacking libpython3.12-stdlib:arm64 (3.12.3-1ubuntu0.17) ...
2026-10-09T23:02:40.4600888Z #6 7.591 Selecting previously unselected package python3.12.
2026-10-09T23:02:40.6049653Z #6 7.592 Preparing to unpack .../8-python3.12_3.12.3-1ubuntu0.17_arm64.deb ...
2026-10-09T23:02:40.6050207Z #6 7.593 Unpacking python3.12 (3.12.3-1ubuntu0.17) ...
2026-10-09T23:02:40.6050797Z #6 7.606 Selecting previously unselected package libpython3-stdlib:arm64.
2026-10-09T23:02:40.6051338Z #6 7.608 Preparing to unpack .../9-libpython3-stdlib_3.12.3-0ubuntu2.1_arm64.deb ...
2026-10-09T23:02:40.6051836Z #6 7.609 Unpacking libpython3-stdlib:arm64 (3.12.3-0ubuntu2.1) ...
2026-10-09T23:02:40.6052323Z #6 7.623 Setting up python3-minimal (3.12.3-0ubuntu2.1) ...
2026-10-09T23:02:40.6052796Z #6 7.736 Selecting previously unselected package python3.
2026-10-09T23:02:40.7089386Z #6 7.736 (Reading database ... 
2026-10-09T23:02:40.7089860Z (Reading database ... 5%
2026-10-09T23:02:40.7090600Z (Reading database ... 10%
2026-10-09T23:02:40.7090869Z (Reading database ... 15%
2026-10-09T23:02:40.7091120Z (Reading database ... 20%
2026-10-09T23:02:40.7091462Z (Reading database ... 25%
2026-10-09T23:02:40.7091731Z (Reading database ... 30%
2026-10-09T23:02:40.7092047Z (Reading database ... 35%
2026-10-09T23:02:40.7092307Z (Reading database ... 40%
2026-10-09T23:02:40.7092578Z (Reading database ... 45%
2026-10-09T23:02:40.7092867Z (Reading database ... 50%
2026-10-09T23:02:40.7093115Z (Reading database ... 55%
2026-10-09T23:02:40.7093386Z (Reading database ... 60%
2026-10-09T23:02:40.7093644Z (Reading database ... 65%
2026-10-09T23:02:40.7093923Z (Reading database ... 70%
2026-10-09T23:02:40.7094198Z (Reading database ... 75%
2026-10-09T23:02:40.7094449Z (Reading database ... 80%
2026-10-09T23:02:40.7094730Z (Reading database ... 85%
2026-10-09T23:02:40.7095003Z (Reading database ... 90%
2026-10-09T23:02:40.7095267Z (Reading database ... 95%
2026-10-09T23:02:40.7095543Z (Reading database ... 100%
2026-10-09T23:02:40.7095893Z (Reading database ... 5701 files and directories currently installed.)
2026-10-09T23:02:40.7096445Z #6 7.740 Preparing to unpack .../00-python3_3.12.3-0ubuntu2.1_arm64.deb ...
2026-10-09T23:02:40.7097260Z #6 7.743 Unpacking python3 (3.12.3-0ubuntu2.1) ...
2026-10-09T23:02:40.7097624Z #6 7.757 Selecting previously unselected package openssl.
2026-10-09T23:02:40.7098105Z #6 7.758 Preparing to unpack .../01-openssl_3.0.13-0ubuntu3.16_arm64.deb ...
2026-10-09T23:02:40.7098541Z #6 7.759 Unpacking openssl (3.0.13-0ubuntu3.16) ...
2026-10-09T23:02:40.7099227Z #6 7.783 Selecting previously unselected package ca-certificates.
2026-10-09T23:02:40.7099756Z #6 7.785 Preparing to unpack .../02-ca-certificates_20260601~24.04.1_all.deb ...
2026-10-09T23:02:40.7100274Z #6 7.786 Unpacking ca-certificates (20260601~24.04.1) ...
2026-10-09T23:02:40.7100705Z #6 7.809 Selecting previously unselected package libelf1t64:arm64.
2026-10-09T23:02:40.7101181Z #6 7.811 Preparing to unpack .../03-libelf1t64_0.190-1.1ubuntu0.1_arm64.deb ...
2026-10-09T23:02:40.7101663Z #6 7.812 Unpacking libelf1t64:arm64 (0.190-1.1ubuntu0.1) ...
2026-10-09T23:02:40.7102120Z #6 7.824 Selecting previously unselected package libbpf1:arm64.
2026-10-09T23:02:40.7102600Z #6 7.826 Preparing to unpack .../04-libbpf1_1%3a1.3.0-2build2_arm64.deb ...
2026-10-09T23:02:40.7103028Z #6 7.827 Unpacking libbpf1:arm64 (1:1.3.0-2build2) ...
2026-10-09T23:02:40.7103415Z #6 7.841 Selecting previously unselected package libmnl0:arm64.
2026-10-09T23:02:40.8089065Z #6 7.842 Preparing to unpack .../05-libmnl0_1.0.5-2build1_arm64.deb ...
2026-10-09T23:02:40.8089874Z #6 7.843 Unpacking libmnl0:arm64 (1.0.5-2build1) ...
2026-10-09T23:02:40.8090374Z #6 7.856 Selecting previously unselected package libxtables12:arm64.
2026-10-09T23:02:40.8091275Z #6 7.857 Preparing to unpack .../06-libxtables12_1.8.10-3ubuntu2_arm64.deb ...
2026-10-09T23:02:40.8091763Z #6 7.859 Unpacking libxtables12:arm64 (1.8.10-3ubuntu2) ...
2026-10-09T23:02:40.8092182Z #6 7.871 Selecting previously unselected package libcap2-bin.
2026-10-09T23:02:40.8092724Z #6 7.872 Preparing to unpack .../07-libcap2-bin_1%3a2.66-5ubuntu2.4_arm64.deb ...
2026-10-09T23:02:40.8093171Z #6 7.873 Unpacking libcap2-bin (1:2.66-5ubuntu2.4) ...
2026-10-09T23:02:40.8093587Z #6 7.889 Selecting previously unselected package iproute2.
2026-10-09T23:02:40.8094051Z #6 7.890 Preparing to unpack .../08-iproute2_6.1.0-1ubuntu6.4_arm64.deb ...
2026-10-09T23:02:40.8094460Z #6 7.891 Unpacking iproute2 (6.1.0-1ubuntu6.4) ...
2026-10-09T23:02:40.8094925Z #6 7.922 Selecting previously unselected package libkrb5support0:arm64.
2026-10-09T23:02:40.8095449Z #6 7.923 Preparing to unpack .../09-libkrb5support0_1.20.1-6ubuntu2.10_arm64.deb ...
2026-10-09T23:02:40.8095956Z #6 7.924 Unpacking libkrb5support0:arm64 (1.20.1-6ubuntu2.10) ...
2026-10-09T23:02:40.8096423Z #6 7.938 Selecting previously unselected package libk5crypto3:arm64.
2026-10-09T23:02:40.8096902Z #6 7.940 Preparing to unpack .../10-libk5crypto3_1.20.1-6ubuntu2.10_arm64.deb ...
2026-10-09T23:02:40.8097454Z #6 7.941 Unpacking libk5crypto3:arm64 (1.20.1-6ubuntu2.10) ...
2026-10-09T23:02:40.9136388Z #6 7.956 Selecting previously unselected package libkeyutils1:arm64.
2026-10-09T23:02:40.9137200Z #6 7.957 Preparing to unpack .../11-libkeyutils1_1.6.3-3build1_arm64.deb ...
2026-10-09T23:02:40.9137720Z #6 7.958 Unpacking libkeyutils1:arm64 (1.6.3-3build1) ...
2026-10-09T23:02:40.9138173Z #6 7.972 Selecting previously unselected package libkrb5-3:arm64.
2026-10-09T23:02:40.9138710Z #6 7.974 Preparing to unpack .../12-libkrb5-3_1.20.1-6ubuntu2.10_arm64.deb ...
2026-10-09T23:02:40.9139683Z #6 7.975 Unpacking libkrb5-3:arm64 (1.20.1-6ubuntu2.10) ...
2026-10-09T23:02:40.9140208Z #6 7.993 Selecting previously unselected package libgssapi-krb5-2:arm64.
2026-10-09T23:02:40.9140735Z #6 7.995 Preparing to unpack .../13-libgssapi-krb5-2_1.20.1-6ubuntu2.10_arm64.deb ...
2026-10-09T23:02:40.9141254Z #6 7.996 Unpacking libgssapi-krb5-2:arm64 (1.20.1-6ubuntu2.10) ...
2026-10-09T23:02:40.9141752Z #6 8.011 Selecting previously unselected package libyaml-0-2:arm64.
2026-10-09T23:02:40.9142240Z #6 8.013 Preparing to unpack .../14-libyaml-0-2_0.2.5-1build1_arm64.deb ...
2026-10-09T23:02:40.9142670Z #6 8.014 Unpacking libyaml-0-2:arm64 (0.2.5-1build1) ...
2026-10-09T23:02:40.9143456Z #6 8.027 Selecting previously unselected package python3-yaml.
2026-10-09T23:02:40.9143996Z #6 8.028 Preparing to unpack .../15-python3-yaml_6.0.1-2build2_arm64.deb ...
2026-10-09T23:02:40.9144424Z #6 8.029 Unpacking python3-yaml (6.0.1-2build2) ...
2026-10-09T23:02:40.9144845Z #6 8.045 Selecting previously unselected package libip4tc2:arm64.
2026-10-09T23:02:41.0335429Z #6 8.047 Preparing to unpack .../16-libip4tc2_1.8.10-3ubuntu2_arm64.deb ...
2026-10-09T23:02:41.0336027Z #6 8.048 Unpacking libip4tc2:arm64 (1.8.10-3ubuntu2) ...
2026-10-09T23:02:41.0336453Z #6 8.060 Selecting previously unselected package libip6tc2:arm64.
2026-10-09T23:02:41.0336969Z #6 8.062 Preparing to unpack .../17-libip6tc2_1.8.10-3ubuntu2_arm64.deb ...
2026-10-09T23:02:41.0337433Z #6 8.063 Unpacking libip6tc2:arm64 (1.8.10-3ubuntu2) ...
2026-10-09T23:02:41.0337894Z #6 8.076 Selecting previously unselected package libnfnetlink0:arm64.
2026-10-09T23:02:41.0338406Z #6 8.077 Preparing to unpack .../18-libnfnetlink0_1.0.2-2build1_arm64.deb ...
2026-10-09T23:02:41.0338866Z #6 8.078 Unpacking libnfnetlink0:arm64 (1.0.2-2build1) ...
2026-10-09T23:02:41.0339693Z #6 8.090 Selecting previously unselected package libnetfilter-conntrack3:arm64.
2026-10-09T23:02:41.0340264Z #6 8.092 Preparing to unpack .../19-libnetfilter-conntrack3_1.0.9-6build1_arm64.deb ...
2026-10-09T23:02:41.0340814Z #6 8.093 Unpacking libnetfilter-conntrack3:arm64 (1.0.9-6build1) ...
2026-10-09T23:02:41.0341274Z #6 8.105 Selecting previously unselected package libnftnl11:arm64.
2026-10-09T23:02:41.0342025Z #6 8.107 Preparing to unpack .../20-libnftnl11_1.2.6-2build1_arm64.deb ...
2026-10-09T23:02:41.0342552Z #6 8.108 Unpacking libnftnl11:arm64 (1.2.6-2build1) ...
2026-10-09T23:02:41.0342940Z #6 8.121 Selecting previously unselected package iptables.
2026-10-09T23:02:41.0343398Z #6 8.122 Preparing to unpack .../21-iptables_1.8.10-3ubuntu2_arm64.deb ...
2026-10-09T23:02:41.0343813Z #6 8.123 Unpacking iptables (1.8.10-3ubuntu2) ...
2026-10-09T23:02:41.0344263Z #6 8.165 Selecting previously unselected package libnghttp2-14:arm64.
2026-10-09T23:02:41.1403657Z #6 8.167 Preparing to unpack .../22-libnghttp2-14_1.59.0-1ubuntu0.4_arm64.deb ...
2026-10-09T23:02:41.1404247Z #6 8.168 Unpacking libnghttp2-14:arm64 (1.59.0-1ubuntu0.4) ...
2026-10-09T23:02:41.1405061Z #6 8.180 Selecting previously unselected package libpsl5t64:arm64.
2026-10-09T23:02:41.1405542Z #6 8.181 Preparing to unpack .../23-libpsl5t64_0.21.2-1.1build1_arm64.deb ...
2026-10-09T23:02:41.1406056Z #6 8.182 Unpacking libpsl5t64:arm64 (0.21.2-1.1build1) ...
2026-10-09T23:02:41.1406476Z #6 8.195 Selecting previously unselected package libbrotli1:arm64.
2026-10-09T23:02:41.1406974Z #6 8.196 Preparing to unpack .../24-libbrotli1_1.1.0-2build2_arm64.deb ...
2026-10-09T23:02:41.1407430Z #6 8.197 Unpacking libbrotli1:arm64 (1.1.0-2build2) ...
2026-10-09T23:02:41.1407865Z #6 8.212 Selecting previously unselected package libsasl2-modules-db:arm64.
2026-10-09T23:02:41.1408463Z #6 8.214 Preparing to unpack .../25-libsasl2-modules-db_2.1.28+dfsg1-5ubuntu3.1_arm64.deb ...
2026-10-09T23:02:41.1409291Z #6 8.215 Unpacking libsasl2-modules-db:arm64 (2.1.28+dfsg1-5ubuntu3.1) ...
2026-10-09T23:02:41.1409842Z #6 8.227 Selecting previously unselected package libsasl2-2:arm64.
2026-10-09T23:02:41.1410338Z #6 8.228 Preparing to unpack .../26-libsasl2-2_2.1.28+dfsg1-5ubuntu3.1_arm64.deb ...
2026-10-09T23:02:41.1410826Z #6 8.229 Unpacking libsasl2-2:arm64 (2.1.28+dfsg1-5ubuntu3.1) ...
2026-10-09T23:02:41.1411296Z #6 8.241 Selecting previously unselected package libldap2:arm64.
2026-10-09T23:02:41.1411774Z #6 8.243 Preparing to unpack .../27-libldap2_2.6.10+dfsg-0ubuntu0.24.04.1_arm64.deb ...
2026-10-09T23:02:41.1412308Z #6 8.244 Unpacking libldap2:arm64 (2.6.10+dfsg-0ubuntu0.24.04.1) ...
2026-10-09T23:02:41.1412774Z #6 8.257 Selecting previously unselected package librtmp1:arm64.
2026-10-09T23:02:41.1413267Z #6 8.259 Preparing to unpack .../28-librtmp1_2.4+20151223.gitfa8646d.1-2build7_arm64.deb ...
2026-10-09T23:02:41.1414215Z #6 8.260 Unpacking librtmp1:arm64 (2.4+20151223.gitfa8646d.1-2build7) ...
2026-10-09T23:02:41.1415043Z #6 8.272 Selecting previously unselected package libssh-4:arm64.
2026-10-09T23:02:41.2750808Z #6 8.274 Preparing to unpack .../29-libssh-4_0.10.6-2ubuntu0.5_arm64.deb ...
2026-10-09T23:02:41.2752130Z #6 8.275 Unpacking libssh-4:arm64 (0.10.6-2ubuntu0.5) ...
2026-10-09T23:02:41.2752670Z #6 8.289 Selecting previously unselected package libcurl4t64:arm64.
2026-10-09T23:02:41.2753196Z #6 8.291 Preparing to unpack .../30-libcurl4t64_8.5.0-2ubuntu10.15_arm64.deb ...
2026-10-09T23:02:41.2753718Z #6 8.292 Unpacking libcurl4t64:arm64 (8.5.0-2ubuntu10.15) ...
2026-10-09T23:02:41.2754167Z #6 8.305 Selecting previously unselected package curl.
2026-10-09T23:02:41.2754747Z #6 8.307 Preparing to unpack .../31-curl_8.5.0-2ubuntu10.15_arm64.deb ...
2026-10-09T23:02:41.2755160Z #6 8.307 Unpacking curl (8.5.0-2ubuntu10.15) ...
2026-10-09T23:02:41.2755518Z #6 8.326 Setting up libip4tc2:arm64 (1.8.10-3ubuntu2) ...
2026-10-09T23:02:41.2755938Z #6 8.328 Setting up media-types (10.1.0) ...
2026-10-09T23:02:41.2756338Z #6 8.331 Setting up libkeyutils1:arm64 (1.6.3-3build1) ...
2026-10-09T23:02:41.2756751Z #6 8.332 Setting up libyaml-0-2:arm64 (0.2.5-1build1) ...
2026-10-09T23:02:41.2757120Z #6 8.334 Setting up libip6tc2:arm64 (1.8.10-3ubuntu2) ...
2026-10-09T23:02:41.2757525Z #6 8.336 Setting up libbrotli1:arm64 (1.1.0-2build2) ...
2026-10-09T23:02:41.2757924Z #6 8.338 Setting up libsqlite3-0:arm64 (3.45.1-1ubuntu2.8) ...
2026-10-09T23:02:41.2758649Z #6 8.339 Setting up libpsl5t64:arm64 (0.21.2-1.1build1) ...
2026-10-09T23:02:41.2759360Z #6 8.341 Setting up libnghttp2-14:arm64 (1.59.0-1ubuntu0.4) ...
2026-10-09T23:02:41.2759795Z #6 8.343 Setting up libelf1t64:arm64 (0.190-1.1ubuntu0.1) ...
2026-10-09T23:02:41.2760233Z #6 8.345 Setting up libkrb5support0:arm64 (1.20.1-6ubuntu2.10) ...
2026-10-09T23:02:41.2760731Z #6 8.347 Setting up libsasl2-modules-db:arm64 (2.1.28+dfsg1-5ubuntu3.1) ...
2026-10-09T23:02:41.2761178Z #6 8.348 Setting up tzdata (2026c-0ubuntu0.24.04.1) ...
2026-10-09T23:02:41.2761544Z #6 8.407 
2026-10-09T23:02:41.2761778Z #6 8.407 Current default time zone: 'Etc/UTC'
2026-10-09T23:02:41.5227985Z #6 8.408 Local time is now:      Fri Oct  9 23:02:41 UTC 2026.
2026-10-09T23:02:41.5228738Z #6 8.408 Universal Time is now:  Fri Oct  9 23:02:41 UTC 2026.
2026-10-09T23:02:41.5230970Z #6 8.408 Run 'dpkg-reconfigure tzdata' if you wish to change it.
2026-10-09T23:02:41.5231345Z #6 8.408 
2026-10-09T23:02:41.5231840Z #6 8.417 Setting up libcap2-bin (1:2.66-5ubuntu2.4) ...
2026-10-09T23:02:41.5232283Z #6 8.419 Setting up librtmp1:arm64 (2.4+20151223.gitfa8646d.1-2build7) ...
2026-10-09T23:02:41.5232744Z #6 8.421 Setting up libmnl0:arm64 (1.0.5-2build1) ...
2026-10-09T23:02:41.5233130Z #6 8.423 Setting up libk5crypto3:arm64 (1.20.1-6ubuntu2.10) ...
2026-10-09T23:02:41.5233528Z #6 8.424 Setting up libxtables12:arm64 (1.8.10-3ubuntu2) ...
2026-10-09T23:02:41.5234021Z #6 8.426 Setting up libsasl2-2:arm64 (2.1.28+dfsg1-5ubuntu3.1) ...
2026-10-09T23:02:41.5234458Z #6 8.428 Setting up libnfnetlink0:arm64 (1.0.2-2build1) ...
2026-10-09T23:02:41.5234834Z #6 8.429 Setting up netbase (6.4) ...
2026-10-09T23:02:41.5235166Z #6 8.434 Setting up libkrb5-3:arm64 (1.20.1-6ubuntu2.10) ...
2026-10-09T23:02:41.5235595Z #6 8.437 Setting up openssl (3.0.13-0ubuntu3.16) ...
2026-10-09T23:02:41.5235963Z #6 8.440 Setting up readline-common (8.2-4build1) ...
2026-10-09T23:02:41.5236365Z #6 8.443 Setting up libldap2:arm64 (2.6.10+dfsg-0ubuntu0.24.04.1) ...
2026-10-09T23:02:41.5236844Z #6 8.445 Setting up libbpf1:arm64 (1:1.3.0-2build2) ...
2026-10-09T23:02:41.5237221Z #6 8.447 Setting up iproute2 (6.1.0-1ubuntu6.4) ...
2026-10-09T23:02:41.5237615Z #6 8.502 Setting up libnftnl11:arm64 (1.2.6-2build1) ...
2026-10-09T23:02:41.5237988Z #6 8.504 Setting up ca-certificates (20260601~24.04.1) ...
2026-10-09T23:02:41.7088744Z #6 8.841 Updating certificates in /etc/ssl/certs...
2026-10-09T23:02:42.1122952Z #6 9.244 121 added, 0 removed; done.
2026-10-09T23:02:42.3024841Z #6 9.258 Setting up libgssapi-krb5-2:arm64 (1.20.1-6ubuntu2.10) ...
2026-10-09T23:02:42.3025678Z #6 9.261 Setting up libssh-4:arm64 (0.10.6-2ubuntu0.5) ...
2026-10-09T23:02:42.3026493Z #6 9.263 Setting up libreadline8t64:arm64 (8.2-4build1) ...
2026-10-09T23:02:42.3027117Z #6 9.265 Setting up libnetfilter-conntrack3:arm64 (1.0.9-6build1) ...
2026-10-09T23:02:42.3027818Z #6 9.267 Setting up libpython3.12-stdlib:arm64 (3.12.3-1ubuntu0.17) ...
2026-10-09T23:02:42.3028457Z #6 9.269 Setting up libcurl4t64:arm64 (8.5.0-2ubuntu10.15) ...
2026-10-09T23:02:42.3029212Z #6 9.271 Setting up iptables (1.8.10-3ubuntu2) ...
2026-10-09T23:02:42.3030077Z #6 9.274 update-alternatives: using /usr/sbin/iptables-legacy to provide /usr/sbin/iptables (iptables) in auto mode
2026-10-09T23:02:42.3030985Z #6 9.276 update-alternatives: using /usr/sbin/ip6tables-legacy to provide /usr/sbin/ip6tables (ip6tables) in auto mode
2026-10-09T23:02:42.3031924Z #6 9.277 update-alternatives: using /usr/sbin/iptables-nft to provide /usr/sbin/iptables (iptables) in auto mode
2026-10-09T23:02:42.3033060Z #6 9.279 update-alternatives: using /usr/sbin/ip6tables-nft to provide /usr/sbin/ip6tables (ip6tables) in auto mode
2026-10-09T23:02:42.3034196Z #6 9.280 update-alternatives: using /usr/sbin/arptables-nft to provide /usr/sbin/arptables (arptables) in auto mode
2026-10-09T23:02:42.3035125Z #6 9.282 update-alternatives: using /usr/sbin/ebtables-nft to provide /usr/sbin/ebtables (ebtables) in auto mode
2026-10-09T23:02:42.3035802Z #6 9.284 Setting up python3.12 (3.12.3-1ubuntu0.17) ...
2026-10-09T23:02:42.8924473Z #6 10.02 Setting up curl (8.5.0-2ubuntu10.15) ...
2026-10-09T23:02:43.0816886Z #6 10.03 Setting up libpython3-stdlib:arm64 (3.12.3-0ubuntu2.1) ...
2026-10-09T23:02:43.0817416Z #6 10.03 Setting up python3 (3.12.3-0ubuntu2.1) ...
2026-10-09T23:02:43.0818027Z #6 10.10 Setting up python3-yaml (6.0.1-2build2) ...
2026-10-09T23:02:43.0818425Z #6 10.21 Processing triggers for libc-bin (2.39-0ubuntu8.9) ...
2026-10-09T23:02:43.2438331Z #6 10.22 Processing triggers for ca-certificates (20260601~24.04.1) ...
2026-10-09T23:02:43.2439597Z #6 10.23 Updating certificates in /etc/ssl/certs...
2026-10-09T23:02:43.4062397Z #6 10.54 0 added, 0 removed; done.
2026-10-09T23:02:43.4063284Z #6 10.54 Running hooks in /etc/ca-certificates/update.d...
2026-10-09T23:02:43.5575507Z #6 10.54 done.
2026-10-09T23:02:45.7509669Z #6 DONE 12.9s
2026-10-09T23:02:45.9120894Z 
2026-10-09T23:02:45.9122051Z #7 [3/3] WORKDIR /qualification
2026-10-09T23:02:45.9122676Z #7 DONE 0.0s
2026-10-09T23:02:45.9122811Z 
2026-10-09T23:02:45.9122960Z #8 exporting to image
2026-10-09T23:02:45.9123206Z #8 exporting layers
2026-10-09T23:02:46.1646546Z #8 exporting layers 0.4s done
2026-10-09T23:02:46.1889789Z #8 writing image sha256:82aa9447f0498ade4db3c92b05eeaa17ae6188f0d3e007a1b2c3982793560c93 done
2026-10-09T23:02:46.1890691Z #8 naming to docker.io/library/tn-capacity-1476-runtime:ubuntu24 done
2026-10-09T23:02:46.1891074Z #8 DONE 0.4s
2026-10-09T23:02:46.1975110Z ##[group]Run python3 -B -I tools/hub-capacity/docker-run.py --binaries "$HUB_CAPACITY_BINARIES" --output "$HUB_CAPACITY_EVIDENCE" --runner-envelope github-actions
2026-10-09T23:02:46.1976403Z [36;1mpython3 -B -I tools/hub-capacity/docker-run.py --binaries "$HUB_CAPACITY_BINARIES" --output "$HUB_CAPACITY_EVIDENCE" --runner-envelope github-actions[0m
2026-10-09T23:02:46.2013919Z shell: /usr/bin/bash -e {0}
2026-10-09T23:02:46.2014320Z env:
2026-10-09T23:02:46.2014539Z   CARGO_INCREMENTAL: 0
2026-10-09T23:02:46.2014934Z   RUSTFLAGS: -D warnings -D unused_extern_crates
2026-10-09T23:02:46.2015267Z   CARGO_TERM_COLOR: always
2026-10-09T23:02:46.2015588Z   RUST_BACKTRACE: 1
2026-10-09T23:02:46.2015838Z   CARGO_PROFILE_DEV_DEBUG: 0
2026-10-09T23:02:46.2016123Z   CARGO_PROFILE_TEST_DEBUG: 0
2026-10-09T23:02:46.2016530Z   HUB_CAPACITY_BINARIES: /home/runner/work/_temp/hub-capacity-binaries
2026-10-09T23:02:46.2017119Z   HUB_CAPACITY_EVIDENCE: /home/runner/work/_temp/hub-capacity-qualification
2026-10-09T23:02:46.2017580Z ##[endgroup]
2026-10-09T23:02:54.2442376Z Frozen github-actions envelope and workload at 3914e53957fcc3ff7befe8b1a3f9a3284bfaba4b
2026-10-09T23:02:54.2443021Z baseline: starting the declared topology
2026-10-09T23:03:06.8040845Z baseline: peer readiness reports retained; seeding the local chain
2026-10-09T23:05:50.8510781Z baseline: warmup completed; binding canonical batch targets
2026-10-09T23:05:58.7060244Z baseline: starting the frozen 600-second concurrent measurement
2026-10-09T23:16:48.3339710Z candidate: starting the declared topology
2026-10-09T23:16:54.2611400Z candidate: peer readiness reports retained; seeding the local chain
2026-10-09T23:19:43.5033905Z candidate: warmup completed; binding canonical batch targets
2026-10-09T23:19:51.8280969Z candidate: starting the frozen 600-second concurrent measurement
2026-10-09T23:30:48.7072714Z ##[group]Run actions/upload-artifact@043fb46d1a93c77aae656e7c1c64a875d1fc6a0a
2026-10-09T23:30:48.7073143Z with:
2026-10-09T23:30:48.7073479Z   name: hub-capacity-evidence-3914e53957fcc3ff7befe8b1a3f9a3284bfaba4b-attempt-1
2026-10-09T23:30:48.7073899Z   retention-days: 90
2026-10-09T23:30:48.7074100Z   if-no-files-found: error
2026-10-09T23:30:48.7076324Z   path: /home/runner/work/_temp/hub-capacity-qualification/*.json
/home/runner/work/_temp/hub-capacity-qualification/*-docker-exec.log
/home/runner/work/_temp/hub-capacity-qualification/source
/home/runner/work/_temp/hub-capacity-qualification/*-evidence
/home/runner/work/_temp/hub-capacity-qualification/deployment/*/*.json
/home/runner/work/_temp/hub-capacity-qualification/deployment/*/*.jsonl
/home/runner/work/_temp/hub-capacity-qualification/deployment/*/*-process-*.log
/home/runner/work/_temp/hub-capacity-qualification/deployment/*/peers/*.json
/home/runner/work/_temp/hub-capacity-qualification/deployment/population.json

2026-10-09T23:30:48.7078608Z   compression-level: 6
2026-10-09T23:30:48.7078808Z   overwrite: false
2026-10-09T23:30:48.7079243Z   include-hidden-files: false
2026-10-09T23:30:48.7079469Z   archive: true
2026-10-09T23:30:48.7079657Z env:
2026-10-09T23:30:48.7079824Z   CARGO_INCREMENTAL: 0
2026-10-09T23:30:48.7080066Z   RUSTFLAGS: -D warnings -D unused_extern_crates
2026-10-09T23:30:48.7080340Z   CARGO_TERM_COLOR: always
2026-10-09T23:30:48.7080550Z   RUST_BACKTRACE: 1
2026-10-09T23:30:48.7080741Z   CARGO_PROFILE_DEV_DEBUG: 0
2026-10-09T23:30:48.7080964Z   CARGO_PROFILE_TEST_DEBUG: 0
2026-10-09T23:30:48.7081176Z ##[endgroup]
2026-10-09T23:30:48.9578828Z With the provided path, there will be 827 files uploaded
2026-10-09T23:30:48.9583841Z Artifact name is valid!
2026-10-09T23:30:48.9585185Z Root directory input is valid!
2026-10-09T23:30:49.2829171Z Uploading artifact: hub-capacity-evidence-3914e53957fcc3ff7befe8b1a3f9a3284bfaba4b-attempt-1.zip
2026-10-09T23:30:49.2864012Z Beginning upload of artifact content to blob storage
2026-10-09T23:30:50.8040446Z Uploaded bytes 8388608
2026-10-09T23:30:51.3517162Z Uploaded bytes 16777216
2026-10-09T23:30:52.6425116Z Uploaded bytes 25165824
2026-10-09T23:30:53.9244927Z Uploaded bytes 33554432
2026-10-09T23:30:55.1652653Z Uploaded bytes 41943040
2026-10-09T23:30:56.1987813Z Uploaded bytes 50331648
2026-10-09T23:30:56.8835798Z Uploaded bytes 58720256
2026-10-09T23:30:58.2401895Z Uploaded bytes 67108864
2026-10-09T23:30:59.4040093Z Uploaded bytes 75497472
2026-10-09T23:31:00.5710384Z Uploaded bytes 83886080
2026-10-09T23:31:01.8014766Z Uploaded bytes 92274688
2026-10-09T23:31:02.5324497Z Uploaded bytes 100663296
2026-10-09T23:31:03.2915292Z Uploaded bytes 109051904
2026-10-09T23:31:03.9889126Z Uploaded bytes 117440512
2026-10-09T23:31:04.6367814Z Uploaded bytes 125829120
2026-10-09T23:31:04.9756191Z Uploaded bytes 134217728
2026-10-09T23:31:05.2531869Z Uploaded bytes 141052907
2026-10-09T23:31:05.3145489Z Finished uploading artifact content to blob storage!
2026-10-09T23:31:05.3147825Z SHA256 digest of uploaded artifact is 9e3e5b528e0704a0126b26940641bf0133f40d93dd68e592ac597ff2125d2848
2026-10-09T23:31:05.3149922Z Finalizing artifact upload
2026-10-09T23:31:05.6672247Z Artifact hub-capacity-evidence-3914e53957fcc3ff7befe8b1a3f9a3284bfaba4b-attempt-1 successfully finalized. Artifact ID 11651175795
2026-10-09T23:31:05.6674121Z Artifact hub-capacity-evidence-3914e53957fcc3ff7befe8b1a3f9a3284bfaba4b-attempt-1 has been successfully uploaded! Final size is 141052907 bytes. Artifact ID is 11651175795
2026-10-09T23:31:05.6677918Z Artifact download URL: https://github.com/Telcoin-Association/telcoin-network/actions/runs/37990571919/artifacts/11651175795
2026-10-09T23:31:05.6929849Z Post job cleanup.
2026-10-09T23:31:05.7641089Z [command]/usr/bin/git version
2026-10-09T23:31:05.7681156Z git version 2.55.0
2026-10-09T23:31:05.7723178Z Temporarily overriding HOME='/home/runner/work/_temp/22e783ba-23ac-4f72-8837-c238960dd59d' before making global git config changes
2026-10-09T23:31:05.7724091Z Adding repository directory to the temporary git global config as a safe directory
2026-10-09T23:31:05.7727475Z [command]/usr/bin/git config --global --add safe.directory /home/runner/work/telcoin-network/telcoin-network
2026-10-09T23:31:05.7759837Z Removing SSH command configuration
2026-10-09T23:31:05.7766416Z [command]/usr/bin/git config --local --name-only --get-regexp core\.sshCommand
2026-10-09T23:31:05.7800330Z [command]/usr/bin/git submodule foreach --recursive sh -c "git config --local --name-only --get-regexp 'core\.sshCommand' && git config --local --unset-all 'core.sshCommand' || :"
2026-10-09T23:31:05.8007925Z Removing HTTP extra header
2026-10-09T23:31:05.8014202Z [command]/usr/bin/git config --local --name-only --get-regexp http\.https\:\/\/github\.com\/\.extraheader
2026-10-09T23:31:05.8056013Z [command]/usr/bin/git submodule foreach --recursive sh -c "git config --local --name-only --get-regexp 'http\.https\:\/\/github\.com\/\.extraheader' && git config --local --unset-all 'http.https://github.com/.extraheader' || :"
2026-10-09T23:31:05.8257125Z Removing includeIf entries pointing to credentials config files
2026-10-09T23:31:05.8262899Z [command]/usr/bin/git config --local --name-only --get-regexp ^includeIf\.gitdir:
2026-10-09T23:31:05.8292448Z includeif.gitdir:/home/runner/work/telcoin-network/telcoin-network/.git.path
2026-10-09T23:31:05.8293065Z includeif.gitdir:/home/runner/work/telcoin-network/telcoin-network/.git/worktrees/*.path
2026-10-09T23:31:05.8293527Z includeif.gitdir:/github/workspace/.git.path
2026-10-09T23:31:05.8293865Z includeif.gitdir:/github/workspace/.git/worktrees/*.path
2026-10-09T23:31:05.8301753Z [command]/usr/bin/git config --local --get-all includeif.gitdir:/home/runner/work/telcoin-network/telcoin-network/.git.path
2026-10-09T23:31:05.8325516Z /home/runner/work/_temp/git-credentials-dca48ebd-e5fd-48a7-a2c4-7d9becf6e930.config
2026-10-09T23:31:05.8335259Z [command]/usr/bin/git config --local --unset includeif.gitdir:/home/runner/work/telcoin-network/telcoin-network/.git.path \/home\/runner\/work\/_temp\/git\-credentials\-dca48ebd\-e5fd\-48a7\-a2c4\-7d9becf6e930\.config
2026-10-09T23:31:05.8371498Z [command]/usr/bin/git config --local --get-all includeif.gitdir:/home/runner/work/telcoin-network/telcoin-network/.git/worktrees/*.path
2026-10-09T23:31:05.8396415Z /home/runner/work/_temp/git-credentials-dca48ebd-e5fd-48a7-a2c4-7d9becf6e930.config
2026-10-09T23:31:05.8404735Z [command]/usr/bin/git config --local --unset includeif.gitdir:/home/runner/work/telcoin-network/telcoin-network/.git/worktrees/*.path \/home\/runner\/work\/_temp\/git\-credentials\-dca48ebd\-e5fd\-48a7\-a2c4\-7d9becf6e930\.config
2026-10-09T23:31:05.8439454Z [command]/usr/bin/git config --local --get-all includeif.gitdir:/github/workspace/.git.path
2026-10-09T23:31:05.8462658Z /github/runner_temp/git-credentials-dca48ebd-e5fd-48a7-a2c4-7d9becf6e930.config
2026-10-09T23:31:05.8469533Z [command]/usr/bin/git config --local --unset includeif.gitdir:/github/workspace/.git.path \/github\/runner_temp\/git\-credentials\-dca48ebd\-e5fd\-48a7\-a2c4\-7d9becf6e930\.config
2026-10-09T23:31:05.8502785Z [command]/usr/bin/git config --local --get-all includeif.gitdir:/github/workspace/.git/worktrees/*.path
2026-10-09T23:31:05.8525319Z /github/runner_temp/git-credentials-dca48ebd-e5fd-48a7-a2c4-7d9becf6e930.config
2026-10-09T23:31:05.8533134Z [command]/usr/bin/git config --local --unset includeif.gitdir:/github/workspace/.git/worktrees/*.path \/github\/runner_temp\/git\-credentials\-dca48ebd\-e5fd\-48a7\-a2c4\-7d9becf6e930\.config
2026-10-09T23:31:05.8567042Z [command]/usr/bin/git submodule foreach --recursive git config --local --show-origin --name-only --get-regexp remote.origin.url
2026-10-09T23:31:05.8769171Z Removing credentials config '/home/runner/work/_temp/git-credentials-dca48ebd-e5fd-48a7-a2c4-7d9becf6e930.config'
2026-10-09T23:31:05.8928504Z Cleaning up orphan processes
